Jun 24 13:34:50 ubuntu rsyslogd: [origin software="rsyslogd" swVersion="7.4.4" x-pid="2937" x-info="http://www.rsyslog.com"] start
Jun 24 13:34:50 ubuntu rsyslogd: rsyslogd's groupid changed to 104
Jun 24 13:34:50 ubuntu rsyslogd: rsyslogd's userid changed to 101
Jun 24 13:34:50 ubuntu kernel: [    0.000000] Initializing cgroup subsys cpuset
Jun 24 13:34:50 ubuntu kernel: [    0.000000] Initializing cgroup subsys cpu
Jun 24 13:34:50 ubuntu kernel: [    0.000000] Initializing cgroup subsys cpuacct
Jun 24 13:34:50 ubuntu kernel: [    0.000000] Linux version 4.4.0-31-generic (buildd@lgw01-43) (gcc version 4.8.4 (Ubuntu 4.8.4-2ubuntu1~14.04.3) ) #50~14.04.1-Ubuntu SMP Wed Jul 13 01:07:32 UTC 2016 (Ubuntu 4.4.0-31.50~14.04.1-generic 4.4.13)
Jun 24 13:34:50 ubuntu kernel: [    0.000000] Command line: file=/cdrom/preseed/preseed.iounote-1 DEBCONF_DEBUG=developer auto=true ubiquity/reboot=true boot=casper automatic-ubiquity initrd=/casper/initrd.lz quiet splash noprompt noshell --
Jun 24 13:34:50 ubuntu kernel: [    0.000000] KERNEL supported cpus:
Jun 24 13:34:50 ubuntu kernel: [    0.000000]   Intel GenuineIntel
Jun 24 13:34:50 ubuntu kernel: [    0.000000]   AMD AuthenticAMD
Jun 24 13:34:50 ubuntu kernel: [    0.000000]   Centaur CentaurHauls
Jun 24 13:34:50 ubuntu kernel: [    0.000000] x86/fpu: Legacy x87 FPU detected.
Jun 24 13:34:50 ubuntu kernel: [    0.000000] x86/fpu: Using 'lazy' FPU context switches.
Jun 24 13:34:50 ubuntu kernel: [    0.000000] e820: BIOS-provided physical RAM map:
Jun 24 13:34:50 ubuntu kernel: [    0.000000] BIOS-e820: [mem 0x0000000000000000-0x000000000009fbff] usable
Jun 24 13:34:50 ubuntu kernel: [    0.000000] BIOS-e820: [mem 0x000000000009fc00-0x000000000009ffff] reserved
Jun 24 13:34:50 ubuntu kernel: [    0.000000] BIOS-e820: [mem 0x00000000000f0000-0x00000000000fffff] reserved
Jun 24 13:34:50 ubuntu kernel: [    0.000000] BIOS-e820: [mem 0x0000000000100000-0x000000003ffeffff] usable
Jun 24 13:34:50 ubuntu kernel: [    0.000000] BIOS-e820: [mem 0x000000003fff0000-0x000000003fffffff] ACPI data
Jun 24 13:34:50 ubuntu kernel: [    0.000000] BIOS-e820: [mem 0x00000000fec00000-0x00000000fec00fff] reserved
Jun 24 13:34:50 ubuntu kernel: [    0.000000] BIOS-e820: [mem 0x00000000fee00000-0x00000000fee00fff] reserved
Jun 24 13:34:50 ubuntu kernel: [    0.000000] BIOS-e820: [mem 0x00000000fffc0000-0x00000000ffffffff] reserved
Jun 24 13:34:50 ubuntu kernel: [    0.000000] NX (Execute Disable) protection: active
Jun 24 13:34:50 ubuntu kernel: [    0.000000] SMBIOS 2.5 present.
Jun 24 13:34:50 ubuntu kernel: [    0.000000] DMI: innotek GmbH VirtualBox/VirtualBox, BIOS VirtualBox 12/01/2006
Jun 24 13:34:50 ubuntu kernel: [    0.000000] Hypervisor detected: KVM
Jun 24 13:34:50 ubuntu kernel: [    0.000000] e820: update [mem 0x00000000-0x00000fff] usable ==> reserved
Jun 24 13:34:50 ubuntu kernel: [    0.000000] e820: remove [mem 0x000a0000-0x000fffff] usable
Jun 24 13:34:50 ubuntu kernel: [    0.000000] e820: last_pfn = 0x3fff0 max_arch_pfn = 0x400000000
Jun 24 13:34:50 ubuntu kernel: [    0.000000] MTRR default type: uncachable
Jun 24 13:34:50 ubuntu kernel: [    0.000000] MTRR variable ranges disabled:
Jun 24 13:34:50 ubuntu kernel: [    0.000000] x86/PAT: Configuration [0-7]: WB  WC  UC- UC  WB  WC  UC- WT  
Jun 24 13:34:50 ubuntu kernel: [    0.000000] MTRR: Disabled
Jun 24 13:34:50 ubuntu kernel: [    0.000000] CPU MTRRs all blank - virtualized system.
Jun 24 13:34:50 ubuntu kernel: [    0.000000] found SMP MP-table at [mem 0x0009fff0-0x0009ffff] mapped at [ffff88000009fff0]
Jun 24 13:34:50 ubuntu kernel: [    0.000000] Scanning 1 areas for low memory corruption
Jun 24 13:34:50 ubuntu kernel: [    0.000000] Base memory trampoline at [ffff880000099000] 99000 size 24576
Jun 24 13:34:50 ubuntu kernel: [    0.000000] BRK [0x02003000, 0x02003fff] PGTABLE
Jun 24 13:34:50 ubuntu kernel: [    0.000000] BRK [0x02004000, 0x02004fff] PGTABLE
Jun 24 13:34:50 ubuntu kernel: [    0.000000] BRK [0x02005000, 0x02005fff] PGTABLE
Jun 24 13:34:50 ubuntu kernel: [    0.000000] BRK [0x02006000, 0x02006fff] PGTABLE
Jun 24 13:34:50 ubuntu kernel: [    0.000000] RAMDISK: [mem 0x3e96a000-0x3ffeffff]
Jun 24 13:34:50 ubuntu kernel: [    0.000000] ACPI: Early table checksum verification disabled
Jun 24 13:34:50 ubuntu kernel: [    0.000000] ACPI: RSDP 0x00000000000E0000 000024 (v02 VBOX  )
Jun 24 13:34:50 ubuntu kernel: [    0.000000] ACPI: XSDT 0x000000003FFF0030 00003C (v01 VBOX   VBOXXSDT 00000001 ASL  00000061)
Jun 24 13:34:50 ubuntu kernel: [    0.000000] ACPI: FACP 0x000000003FFF00F0 0000F4 (v04 VBOX   VBOXFACP 00000001 ASL  00000061)
Jun 24 13:34:50 ubuntu kernel: [    0.000000] ACPI: DSDT 0x000000003FFF0470 0021C8 (v02 VBOX   VBOXBIOS 00000002 INTL 20100528)
Jun 24 13:34:50 ubuntu kernel: [    0.000000] ACPI: FACS 0x000000003FFF0200 000040
Jun 24 13:34:50 ubuntu kernel: [    0.000000] ACPI: FACS 0x000000003FFF0200 000040
Jun 24 13:34:50 ubuntu kernel: [    0.000000] ACPI: APIC 0x000000003FFF0240 000054 (v02 VBOX   VBOXAPIC 00000001 ASL  00000061)
Jun 24 13:34:50 ubuntu kernel: [    0.000000] ACPI: SSDT 0x000000003FFF02A0 0001CC (v01 VBOX   VBOXCPUT 00000002 INTL 20100528)
Jun 24 13:34:50 ubuntu kernel: [    0.000000] ACPI: Local APIC address 0xfee00000
Jun 24 13:34:50 ubuntu kernel: [    0.000000] No NUMA configuration found
Jun 24 13:34:50 ubuntu kernel: [    0.000000] Faking a node at [mem 0x0000000000000000-0x000000003ffeffff]
Jun 24 13:34:50 ubuntu kernel: [    0.000000] NODE_DATA(0) allocated [mem 0x3e965000-0x3e969fff]
Jun 24 13:34:50 ubuntu kernel: [    0.000000] kvm-clock: Using msrs 4b564d01 and 4b564d00
Jun 24 13:34:50 ubuntu kernel: [    0.000000] kvm-clock: cpu 0, msr 0:3e961001, primary cpu clock
Jun 24 13:34:50 ubuntu kernel: [    0.000000] kvm-clock: using sched offset of 9227954547 cycles
Jun 24 13:34:50 ubuntu kernel: [    0.000000] clocksource: kvm-clock: mask: 0xffffffffffffffff max_cycles: 0x1cd42e4dffb, max_idle_ns: 881590591483 ns
Jun 24 13:34:50 ubuntu kernel: [    0.000000] Zone ranges:
Jun 24 13:34:50 ubuntu kernel: [    0.000000]   DMA      [mem 0x0000000000001000-0x0000000000ffffff]
Jun 24 13:34:50 ubuntu kernel: [    0.000000]   DMA32    [mem 0x0000000001000000-0x000000003ffeffff]
Jun 24 13:34:50 ubuntu kernel: [    0.000000]   Normal   empty
Jun 24 13:34:50 ubuntu kernel: [    0.000000]   Device   empty
Jun 24 13:34:50 ubuntu kernel: [    0.000000] Movable zone start for each node
Jun 24 13:34:50 ubuntu kernel: [    0.000000] Early memory node ranges
Jun 24 13:34:50 ubuntu kernel: [    0.000000]   node   0: [mem 0x0000000000001000-0x000000000009efff]
Jun 24 13:34:50 ubuntu kernel: [    0.000000]   node   0: [mem 0x0000000000100000-0x000000003ffeffff]
Jun 24 13:34:50 ubuntu kernel: [    0.000000] Initmem setup node 0 [mem 0x0000000000001000-0x000000003ffeffff]
Jun 24 13:34:50 ubuntu kernel: [    0.000000] On node 0 totalpages: 262030
Jun 24 13:34:50 ubuntu kernel: [    0.000000]   DMA zone: 64 pages used for memmap
Jun 24 13:34:50 ubuntu kernel: [    0.000000]   DMA zone: 21 pages reserved
Jun 24 13:34:50 ubuntu kernel: [    0.000000]   DMA zone: 3998 pages, LIFO batch:0
Jun 24 13:34:50 ubuntu kernel: [    0.000000]   DMA32 zone: 4032 pages used for memmap
Jun 24 13:34:50 ubuntu kernel: [    0.000000]   DMA32 zone: 258032 pages, LIFO batch:31
Jun 24 13:34:50 ubuntu kernel: [    0.000000] ACPI: PM-Timer IO Port: 0x4008
Jun 24 13:34:50 ubuntu kernel: [    0.000000] ACPI: Local APIC address 0xfee00000
Jun 24 13:34:50 ubuntu kernel: [    0.000000] IOAPIC[0]: apic_id 1, version 32, address 0xfec00000, GSI 0-23
Jun 24 13:34:50 ubuntu kernel: [    0.000000] ACPI: INT_SRC_OVR (bus 0 bus_irq 0 global_irq 2 dfl dfl)
Jun 24 13:34:50 ubuntu kernel: [    0.000000] ACPI: INT_SRC_OVR (bus 0 bus_irq 9 global_irq 9 high level)
Jun 24 13:34:50 ubuntu kernel: [    0.000000] ACPI: IRQ0 used by override.
Jun 24 13:34:50 ubuntu kernel: [    0.000000] ACPI: IRQ9 used by override.
Jun 24 13:34:50 ubuntu kernel: [    0.000000] Using ACPI (MADT) for SMP configuration information
Jun 24 13:34:50 ubuntu kernel: [    0.000000] smpboot: Allowing 1 CPUs, 0 hotplug CPUs
Jun 24 13:34:50 ubuntu kernel: [    0.000000] PM: Registered nosave memory: [mem 0x00000000-0x00000fff]
Jun 24 13:34:50 ubuntu kernel: [    0.000000] PM: Registered nosave memory: [mem 0x0009f000-0x0009ffff]
Jun 24 13:34:50 ubuntu kernel: [    0.000000] PM: Registered nosave memory: [mem 0x000a0000-0x000effff]
Jun 24 13:34:50 ubuntu kernel: [    0.000000] PM: Registered nosave memory: [mem 0x000f0000-0x000fffff]
Jun 24 13:34:50 ubuntu kernel: [    0.000000] e820: [mem 0x40000000-0xfebfffff] available for PCI devices
Jun 24 13:34:50 ubuntu kernel: [    0.000000] Booting paravirtualized kernel on KVM
Jun 24 13:34:50 ubuntu kernel: [    0.000000] clocksource: refined-jiffies: mask: 0xffffffff max_cycles: 0xffffffff, max_idle_ns: 7645519600211568 ns
Jun 24 13:34:50 ubuntu kernel: [    0.000000] setup_percpu: NR_CPUS:256 nr_cpumask_bits:256 nr_cpu_ids:1 nr_node_ids:1
Jun 24 13:34:50 ubuntu kernel: [    0.000000] PERCPU: Embedded 33 pages/cpu @ffff88003e600000 s98008 r8192 d28968 u2097152
Jun 24 13:34:50 ubuntu kernel: [    0.000000] pcpu-alloc: s98008 r8192 d28968 u2097152 alloc=1*2097152
Jun 24 13:34:50 ubuntu kernel: [    0.000000] pcpu-alloc: [0] 0 
Jun 24 13:34:50 ubuntu kernel: [    0.000000] PV qspinlock hash table entries: 256 (order: 0, 4096 bytes)
Jun 24 13:34:50 ubuntu kernel: [    0.000000] Built 1 zonelists in Node order, mobility grouping on.  Total pages: 257913
Jun 24 13:34:50 ubuntu kernel: [    0.000000] Policy zone: DMA32
Jun 24 13:34:50 ubuntu kernel: [    0.000000] Kernel command line: file=/cdrom/preseed/preseed.iounote-1 DEBCONF_DEBUG=developer auto=true ubiquity/reboot=true boot=casper automatic-ubiquity initrd=/casper/initrd.lz quiet splash noprompt noshell --
Jun 24 13:34:50 ubuntu kernel: [    0.000000] PID hash table entries: 4096 (order: 3, 32768 bytes)
Jun 24 13:34:50 ubuntu kernel: [    0.000000] Calgary: detecting Calgary via BIOS EBDA area
Jun 24 13:34:50 ubuntu kernel: [    0.000000] Calgary: Unable to locate Rio Grande table in EBDA - bailing!
Jun 24 13:34:50 ubuntu kernel: [    0.000000] Memory: 991744K/1048120K available (8174K kernel code, 1291K rwdata, 3956K rodata, 1484K init, 1292K bss, 56376K reserved, 0K cma-reserved)
Jun 24 13:34:50 ubuntu kernel: [    0.000000] SLUB: HWalign=64, Order=0-3, MinObjects=0, CPUs=1, Nodes=1
Jun 24 13:34:50 ubuntu kernel: [    0.000000] Hierarchical RCU implementation.
Jun 24 13:34:50 ubuntu kernel: [    0.000000] 	Build-time adjustment of leaf fanout to 64.
Jun 24 13:34:50 ubuntu kernel: [    0.000000] 	RCU restricting CPUs from NR_CPUS=256 to nr_cpu_ids=1.
Jun 24 13:34:50 ubuntu kernel: [    0.000000] RCU: Adjusting geometry for rcu_fanout_leaf=64, nr_cpu_ids=1
Jun 24 13:34:50 ubuntu kernel: [    0.000000] NR_IRQS:16640 nr_irqs:256 16
Jun 24 13:34:50 ubuntu kernel: [    0.000000] Console: colour VGA+ 80x25
Jun 24 13:34:50 ubuntu kernel: [    0.000000] console [tty0] enabled
Jun 24 13:34:50 ubuntu kernel: [    0.000000] tsc: Detected 2992.498 MHz processor
Jun 24 13:34:50 ubuntu kernel: [    0.091959] Calibrating delay loop (skipped) preset value.. 5984.99 BogoMIPS (lpj=11969992)
Jun 24 13:34:50 ubuntu kernel: [    0.091967] pid_max: default: 32768 minimum: 301
Jun 24 13:34:50 ubuntu kernel: [    0.091972] ACPI: Core revision 20150930
Jun 24 13:34:50 ubuntu kernel: [    0.093309] ACPI: 2 ACPI AML tables successfully acquired and loaded
Jun 24 13:34:50 ubuntu kernel: [    0.093415] Security Framework initialized
Jun 24 13:34:50 ubuntu kernel: [    0.093422] Yama: becoming mindful.
Jun 24 13:34:50 ubuntu kernel: [    0.093512] AppArmor: AppArmor initialized
Jun 24 13:34:50 ubuntu kernel: [    0.093670] Dentry cache hash table entries: 131072 (order: 8, 1048576 bytes)
Jun 24 13:34:50 ubuntu kernel: [    0.094160] Inode-cache hash table entries: 65536 (order: 7, 524288 bytes)
Jun 24 13:34:50 ubuntu kernel: [    0.095607] Mount-cache hash table entries: 2048 (order: 2, 16384 bytes)
Jun 24 13:34:50 ubuntu kernel: [    0.095611] Mountpoint-cache hash table entries: 2048 (order: 2, 16384 bytes)
Jun 24 13:34:50 ubuntu kernel: [    0.096052] Initializing cgroup subsys io
Jun 24 13:34:50 ubuntu kernel: [    0.096066] Initializing cgroup subsys memory
Jun 24 13:34:50 ubuntu kernel: [    0.096080] Initializing cgroup subsys devices
Jun 24 13:34:50 ubuntu kernel: [    0.096088] Initializing cgroup subsys freezer
Jun 24 13:34:50 ubuntu kernel: [    0.096097] Initializing cgroup subsys net_cls
Jun 24 13:34:50 ubuntu kernel: [    0.096105] Initializing cgroup subsys perf_event
Jun 24 13:34:50 ubuntu kernel: [    0.096115] Initializing cgroup subsys net_prio
Jun 24 13:34:50 ubuntu kernel: [    0.096118] Initializing cgroup subsys hugetlb
Jun 24 13:34:50 ubuntu kernel: [    0.096120] Initializing cgroup subsys pids
Jun 24 13:34:50 ubuntu kernel: [    0.096253] mce: CPU supports 0 MCE banks
Jun 24 13:34:50 ubuntu kernel: [    0.096291] process: using mwait in idle threads
Jun 24 13:34:50 ubuntu kernel: [    0.096298] Last level iTLB entries: 4KB 128, 2MB 4, 4MB 4
Jun 24 13:34:50 ubuntu kernel: [    0.096299] Last level dTLB entries: 4KB 256, 2MB 0, 4MB 32, 1GB 0
Jun 24 13:34:50 ubuntu kernel: [    0.375119] Freeing SMP alternatives memory: 28K (ffffffff81eb7000 - ffffffff81ebe000)
Jun 24 13:34:50 ubuntu kernel: [    0.386506] ftrace: allocating 32026 entries in 126 pages
Jun 24 13:34:50 ubuntu kernel: [    0.443030] smpboot: Max logical packages: 1
Jun 24 13:34:50 ubuntu kernel: [    0.443034] smpboot: APIC(0) Converting physical 0 to logical package 0
Jun 24 13:34:50 ubuntu kernel: [    0.443641] x2apic enabled
Jun 24 13:34:50 ubuntu kernel: [    0.444186] Switched APIC routing to physical x2apic.
Jun 24 13:34:50 ubuntu kernel: [    0.446577] ..TIMER: vector=0x30 apic1=0 pin1=2 apic2=-1 pin2=-1
Jun 24 13:34:50 ubuntu kernel: [    0.486613] APIC calibration not consistent with PM-Timer: 171ms instead of 100ms
Jun 24 13:34:50 ubuntu kernel: [    0.486617] APIC delta adjusted to PM-Timer: 6319579 (10869661)
Jun 24 13:34:50 ubuntu kernel: [    0.486712] smpboot: CPU0: Intel(R) Core(TM)2 Duo CPU     E8400  @ 3.00GHz (family: 0x6, model: 0x17, stepping: 0xa)
Jun 24 13:34:50 ubuntu kernel: [    0.486784] Performance Events: unsupported p6 CPU model 23 no PMU driver, software events only.
Jun 24 13:34:50 ubuntu kernel: [    0.486858] KVM setup paravirtual spinlock
Jun 24 13:34:50 ubuntu kernel: [    0.488365] x86: Booted up 1 node, 1 CPUs
Jun 24 13:34:50 ubuntu kernel: [    0.488367] smpboot: Total of 1 processors activated (5984.99 BogoMIPS)
Jun 24 13:34:50 ubuntu kernel: [    0.488819] devtmpfs: initialized
Jun 24 13:34:50 ubuntu kernel: [    0.491742] evm: security.selinux
Jun 24 13:34:50 ubuntu kernel: [    0.491744] evm: security.SMACK64
Jun 24 13:34:50 ubuntu kernel: [    0.491745] evm: security.SMACK64EXEC
Jun 24 13:34:50 ubuntu kernel: [    0.491746] evm: security.SMACK64TRANSMUTE
Jun 24 13:34:50 ubuntu kernel: [    0.491747] evm: security.SMACK64MMAP
Jun 24 13:34:50 ubuntu kernel: [    0.491748] evm: security.ima
Jun 24 13:34:50 ubuntu kernel: [    0.491749] evm: security.capability
Jun 24 13:34:50 ubuntu kernel: [    0.491899] clocksource: jiffies: mask: 0xffffffff max_cycles: 0xffffffff, max_idle_ns: 7645041785100000 ns
Jun 24 13:34:50 ubuntu kernel: [    0.491972] pinctrl core: initialized pinctrl subsystem
Jun 24 13:34:50 ubuntu kernel: [    0.492169] RTC time: 13:34:14, date: 06/24/17
Jun 24 13:34:50 ubuntu kernel: [    0.492412] NET: Registered protocol family 16
Jun 24 13:34:50 ubuntu kernel: [    0.492668] cpuidle: using governor ladder
Jun 24 13:34:50 ubuntu kernel: [    0.492671] cpuidle: using governor menu
Jun 24 13:34:50 ubuntu kernel: [    0.492674] PCCT header not found.
Jun 24 13:34:50 ubuntu kernel: [    0.492735] ACPI: bus type PCI registered
Jun 24 13:34:50 ubuntu kernel: [    0.492737] acpiphp: ACPI Hot Plug PCI Controller Driver version: 0.5
Jun 24 13:34:50 ubuntu kernel: [    0.492868] PCI: Using configuration type 1 for base access
Jun 24 13:34:50 ubuntu kernel: [    0.495176] ACPI: Added _OSI(Module Device)
Jun 24 13:34:50 ubuntu kernel: [    0.495178] ACPI: Added _OSI(Processor Device)
Jun 24 13:34:50 ubuntu kernel: [    0.495179] ACPI: Added _OSI(3.0 _SCP Extensions)
Jun 24 13:34:50 ubuntu kernel: [    0.495181] ACPI: Added _OSI(Processor Aggregator Device)
Jun 24 13:34:50 ubuntu kernel: [    0.496033] ACPI: Executed 1 blocks of module-level executable AML code
Jun 24 13:34:50 ubuntu kernel: [    0.498209] ACPI: Interpreter enabled
Jun 24 13:34:50 ubuntu kernel: [    0.498215] ACPI Exception: AE_NOT_FOUND, While evaluating Sleep State [\_S1_] (20150930/hwxface-580)
Jun 24 13:34:50 ubuntu kernel: [    0.498219] ACPI Exception: AE_NOT_FOUND, While evaluating Sleep State [\_S2_] (20150930/hwxface-580)
Jun 24 13:34:50 ubuntu kernel: [    0.498221] ACPI Exception: AE_NOT_FOUND, While evaluating Sleep State [\_S3_] (20150930/hwxface-580)
Jun 24 13:34:50 ubuntu kernel: [    0.498225] ACPI Exception: AE_NOT_FOUND, While evaluating Sleep State [\_S4_] (20150930/hwxface-580)
Jun 24 13:34:50 ubuntu kernel: [    0.498231] ACPI: (supports S0 S5)
Jun 24 13:34:50 ubuntu kernel: [    0.498232] ACPI: Using IOAPIC for interrupt routing
Jun 24 13:34:50 ubuntu kernel: [    0.498412] PCI: Using host bridge windows from ACPI; if necessary, use "pci=nocrs" and report a bug
Jun 24 13:34:50 ubuntu kernel: [    0.502629] ACPI: PCI Root Bridge [PCI0] (domain 0000 [bus 00-ff])
Jun 24 13:34:50 ubuntu kernel: [    0.502635] acpi PNP0A03:00: _OSC: OS supports [ASPM ClockPM Segments MSI]
Jun 24 13:34:50 ubuntu kernel: [    0.502639] acpi PNP0A03:00: _OSC failed (AE_NOT_FOUND); disabling ASPM
Jun 24 13:34:50 ubuntu kernel: [    0.502646] acpi PNP0A03:00: fail to add MMCONFIG information, can't access extended PCI configuration space under this bridge.
Jun 24 13:34:50 ubuntu kernel: [    0.502956] PCI host bridge to bus 0000:00
Jun 24 13:34:50 ubuntu kernel: [    0.502965] pci_bus 0000:00: root bus resource [io  0x0000-0x0cf7 window]
Jun 24 13:34:50 ubuntu kernel: [    0.502967] pci_bus 0000:00: root bus resource [io  0x0d00-0xffff window]
Jun 24 13:34:50 ubuntu kernel: [    0.502969] pci_bus 0000:00: root bus resource [mem 0x000a0000-0x000bffff window]
Jun 24 13:34:50 ubuntu kernel: [    0.502971] pci_bus 0000:00: root bus resource [mem 0x40000000-0xffdfffff window]
Jun 24 13:34:50 ubuntu kernel: [    0.502973] pci_bus 0000:00: root bus resource [bus 00-ff]
Jun 24 13:34:50 ubuntu kernel: [    0.503015] pci 0000:00:00.0: [8086:1237] type 00 class 0x060000
Jun 24 13:34:50 ubuntu kernel: [    0.503621] pci 0000:00:01.0: [8086:7000] type 00 class 0x060100
Jun 24 13:34:50 ubuntu kernel: [    0.504326] pci 0000:00:02.0: [80ee:beef] type 00 class 0x030000
Jun 24 13:34:50 ubuntu kernel: [    0.506753] pci 0000:00:02.0: reg 0x10: [mem 0xe0000000-0xe0ffffff pref]
Jun 24 13:34:50 ubuntu kernel: [    0.516346] pci 0000:00:03.0: [8086:100e] type 00 class 0x020000
Jun 24 13:34:50 ubuntu kernel: [    0.517947] pci 0000:00:03.0: reg 0x10: [mem 0xf0000000-0xf001ffff]
Jun 24 13:34:50 ubuntu kernel: [    0.520159] pci 0000:00:03.0: reg 0x18: [io  0xd000-0xd007]
Jun 24 13:34:50 ubuntu kernel: [    0.524684] pci 0000:00:04.0: [80ee:cafe] type 00 class 0x088000
Jun 24 13:34:50 ubuntu kernel: [    0.526051] pci 0000:00:04.0: reg 0x10: [io  0xd020-0xd03f]
Jun 24 13:34:50 ubuntu kernel: [    0.527053] pci 0000:00:04.0: reg 0x14: [mem 0xf0400000-0xf07fffff]
Jun 24 13:34:50 ubuntu kernel: [    0.528930] pci 0000:00:04.0: reg 0x18: [mem 0xf0800000-0xf0803fff pref]
Jun 24 13:34:50 ubuntu kernel: [    0.539439] pci 0000:00:05.0: [8086:2415] type 00 class 0x040100
Jun 24 13:34:50 ubuntu kernel: [    0.539585] pci 0000:00:05.0: reg 0x10: [io  0xd100-0xd1ff]
Jun 24 13:34:50 ubuntu kernel: [    0.539659] pci 0000:00:05.0: reg 0x14: [io  0xd200-0xd23f]
Jun 24 13:34:50 ubuntu kernel: [    0.540483] pci 0000:00:07.0: [8086:7113] type 00 class 0x068000
Jun 24 13:34:50 ubuntu kernel: [    0.541028] pci 0000:00:07.0: quirk: [io  0x4000-0x403f] claimed by PIIX4 ACPI
Jun 24 13:34:50 ubuntu kernel: [    0.541041] pci 0000:00:07.0: quirk: [io  0x4100-0x410f] claimed by PIIX4 SMB
Jun 24 13:34:50 ubuntu kernel: [    0.541392] pci 0000:00:08.0: [8086:100e] type 00 class 0x020000
Jun 24 13:34:50 ubuntu kernel: [    0.543692] pci 0000:00:08.0: reg 0x10: [mem 0xf0820000-0xf083ffff]
Jun 24 13:34:50 ubuntu kernel: [    0.546716] pci 0000:00:08.0: reg 0x18: [io  0xd240-0xd247]
Jun 24 13:34:50 ubuntu kernel: [    0.552886] pci 0000:00:0d.0: [8086:2829] type 00 class 0x010601
Jun 24 13:34:50 ubuntu kernel: [    0.555140] pci 0000:00:0d.0: reg 0x10: [io  0xd248-0xd24f]
Jun 24 13:34:50 ubuntu kernel: [    0.558078] pci 0000:00:0d.0: reg 0x18: [io  0xd258-0xd25f]
Jun 24 13:34:50 ubuntu kernel: [    0.561018] pci 0000:00:0d.0: reg 0x20: [io  0xd270-0xd27f]
Jun 24 13:34:50 ubuntu kernel: [    0.562581] pci 0000:00:0d.0: reg 0x24: [mem 0xf0840000-0xf0841fff]
Jun 24 13:34:50 ubuntu kernel: [    0.566893] ACPI: PCI Interrupt Link [LNKA] (IRQs 5 9 10 *11)
Jun 24 13:34:50 ubuntu kernel: [    0.567165] ACPI: PCI Interrupt Link [LNKB] (IRQs 5 9 10 *11)
Jun 24 13:34:50 ubuntu kernel: [    0.567281] ACPI: PCI Interrupt Link [LNKC] (IRQs 5 9 *10 11)
Jun 24 13:34:50 ubuntu kernel: [    0.567382] ACPI: PCI Interrupt Link [LNKD] (IRQs 5 *9 10 11)
Jun 24 13:34:50 ubuntu kernel: [    0.567602] ACPI: Enabled 2 GPEs in block 00 to 07
Jun 24 13:34:50 ubuntu kernel: [    0.568340] vgaarb: setting as boot device: PCI:0000:00:02.0
Jun 24 13:34:50 ubuntu kernel: [    0.568348] vgaarb: device added: PCI:0000:00:02.0,decodes=io+mem,owns=io+mem,locks=none
Jun 24 13:34:50 ubuntu kernel: [    0.568351] vgaarb: loaded
Jun 24 13:34:50 ubuntu kernel: [    0.568353] vgaarb: bridge control possible 0000:00:02.0
Jun 24 13:34:50 ubuntu kernel: [    0.569058] SCSI subsystem initialized
Jun 24 13:34:50 ubuntu kernel: [    0.569434] libata version 3.00 loaded.
Jun 24 13:34:50 ubuntu kernel: [    0.569511] ACPI: bus type USB registered
Jun 24 13:34:50 ubuntu kernel: [    0.569574] usbcore: registered new interface driver usbfs
Jun 24 13:34:50 ubuntu kernel: [    0.569594] usbcore: registered new interface driver hub
Jun 24 13:34:50 ubuntu kernel: [    0.569605] usbcore: registered new device driver usb
Jun 24 13:34:50 ubuntu kernel: [    0.570023] PCI: Using ACPI for IRQ routing
Jun 24 13:34:50 ubuntu kernel: [    0.570034] PCI: pci_cache_line_size set to 64 bytes
Jun 24 13:34:50 ubuntu kernel: [    0.570249] e820: reserve RAM buffer [mem 0x0009fc00-0x0009ffff]
Jun 24 13:34:50 ubuntu kernel: [    0.570257] e820: reserve RAM buffer [mem 0x3fff0000-0x3fffffff]
Jun 24 13:34:50 ubuntu kernel: [    0.570685] NetLabel: Initializing
Jun 24 13:34:50 ubuntu kernel: [    0.570692] NetLabel:  domain hash size = 128
Jun 24 13:34:50 ubuntu kernel: [    0.570693] NetLabel:  protocols = UNLABELED CIPSOv4
Jun 24 13:34:50 ubuntu kernel: [    0.570752] NetLabel:  unlabeled traffic allowed by default
Jun 24 13:34:50 ubuntu kernel: [    0.571185] clocksource: Switched to clocksource kvm-clock
Jun 24 13:34:50 ubuntu kernel: [    0.585231] AppArmor: AppArmor Filesystem Enabled
Jun 24 13:34:50 ubuntu kernel: [    0.585391] pnp: PnP ACPI init
Jun 24 13:34:50 ubuntu kernel: [    0.585559] pnp 00:00: Plug and Play ACPI device, IDs PNP0303 (active)
Jun 24 13:34:50 ubuntu kernel: [    0.585648] pnp 00:01: Plug and Play ACPI device, IDs PNP0f03 (active)
Jun 24 13:34:50 ubuntu kernel: [    0.586338] pnp: PnP ACPI: found 2 devices
Jun 24 13:34:50 ubuntu kernel: [    0.593360] clocksource: acpi_pm: mask: 0xffffff max_cycles: 0xffffff, max_idle_ns: 2085701024 ns
Jun 24 13:34:50 ubuntu kernel: [    0.593397] pci_bus 0000:00: resource 4 [io  0x0000-0x0cf7 window]
Jun 24 13:34:50 ubuntu kernel: [    0.593400] pci_bus 0000:00: resource 5 [io  0x0d00-0xffff window]
Jun 24 13:34:50 ubuntu kernel: [    0.593402] pci_bus 0000:00: resource 6 [mem 0x000a0000-0x000bffff window]
Jun 24 13:34:50 ubuntu kernel: [    0.593403] pci_bus 0000:00: resource 7 [mem 0x40000000-0xffdfffff window]
Jun 24 13:34:50 ubuntu kernel: [    0.593488] NET: Registered protocol family 2
Jun 24 13:34:50 ubuntu kernel: [    0.594025] TCP established hash table entries: 8192 (order: 4, 65536 bytes)
Jun 24 13:34:50 ubuntu kernel: [    0.594096] TCP bind hash table entries: 8192 (order: 5, 131072 bytes)
Jun 24 13:34:50 ubuntu kernel: [    0.594163] TCP: Hash tables configured (established 8192 bind 8192)
Jun 24 13:34:50 ubuntu kernel: [    0.594362] UDP hash table entries: 512 (order: 2, 16384 bytes)
Jun 24 13:34:50 ubuntu kernel: [    0.594408] UDP-Lite hash table entries: 512 (order: 2, 16384 bytes)
Jun 24 13:34:50 ubuntu kernel: [    0.594519] NET: Registered protocol family 1
Jun 24 13:34:50 ubuntu kernel: [    0.594560] pci 0000:00:00.0: Limiting direct PCI/PCI transfers
Jun 24 13:34:50 ubuntu kernel: [    0.594617] pci 0000:00:01.0: Activating ISA DMA hang workarounds
Jun 24 13:34:50 ubuntu kernel: [    0.594649] pci 0000:00:02.0: Video device with shadowed ROM
Jun 24 13:34:50 ubuntu kernel: [    0.594722] PCI: CLS 0 bytes, default 64
Jun 24 13:34:50 ubuntu kernel: [    0.594943] Trying to unpack rootfs image as initramfs...
Jun 24 13:34:50 ubuntu kernel: [    4.808180] Freeing initrd memory: 23064K (ffff88003e96a000 - ffff88003fff0000)
Jun 24 13:34:50 ubuntu kernel: [    4.808968] platform rtc_cmos: registered platform RTC device (no PNP device found)
Jun 24 13:34:50 ubuntu kernel: [    4.809044] Scanning for low memory corruption every 60 seconds
Jun 24 13:34:50 ubuntu kernel: [    4.809623] futex hash table entries: 256 (order: 2, 16384 bytes)
Jun 24 13:34:50 ubuntu kernel: [    4.809713] audit: initializing netlink subsys (disabled)
Jun 24 13:34:50 ubuntu kernel: [    4.809749] audit: type=2000 audit(1498329269.916:1): initialized
Jun 24 13:34:50 ubuntu kernel: [    4.810127] Initialise system trusted keyring
Jun 24 13:34:50 ubuntu kernel: [    4.810332] HugeTLB registered 2 MB page size, pre-allocated 0 pages
Jun 24 13:34:50 ubuntu kernel: [    4.812458] zbud: loaded
Jun 24 13:34:50 ubuntu kernel: [    4.812686] VFS: Disk quotas dquot_6.6.0
Jun 24 13:34:50 ubuntu kernel: [    4.812747] VFS: Dquot-cache hash table entries: 512 (order 0, 4096 bytes)
Jun 24 13:34:50 ubuntu kernel: [    4.813079] squashfs: version 4.0 (2009/01/31) Phillip Lougher
Jun 24 13:34:50 ubuntu kernel: [    4.813401] fuse init (API version 7.23)
Jun 24 13:34:50 ubuntu kernel: [    4.813574] Key type big_key registered
Jun 24 13:34:50 ubuntu kernel: [    4.813595] Allocating IMA MOK and blacklist keyrings.
Jun 24 13:34:50 ubuntu kernel: [    4.814213] Key type asymmetric registered
Jun 24 13:34:50 ubuntu kernel: [    4.814226] Asymmetric key parser 'x509' registered
Jun 24 13:34:50 ubuntu kernel: [    4.814269] Block layer SCSI generic (bsg) driver version 0.4 loaded (major 249)
Jun 24 13:34:50 ubuntu kernel: [    4.814318] io scheduler noop registered
Jun 24 13:34:50 ubuntu kernel: [    4.814321] io scheduler deadline registered (default)
Jun 24 13:34:50 ubuntu kernel: [    4.814372] io scheduler cfq registered
Jun 24 13:34:50 ubuntu kernel: [    4.814500] pci_hotplug: PCI Hot Plug PCI Core version: 0.5
Jun 24 13:34:50 ubuntu kernel: [    4.814508] pciehp: PCI Express Hot Plug Controller Driver version: 0.4
Jun 24 13:34:50 ubuntu kernel: [    4.814556] intel_idle: does not run on family 6 model 23
Jun 24 13:34:50 ubuntu kernel: [    4.814717] ACPI: AC Adapter [AC] (on-line)
Jun 24 13:34:50 ubuntu kernel: [    4.814803] input: Power Button as /devices/LNXSYSTM:00/LNXPWRBN:00/input/input0
Jun 24 13:34:50 ubuntu kernel: [    4.814807] ACPI: Power Button [PWRF]
Jun 24 13:34:50 ubuntu kernel: [    4.814913] input: Sleep Button as /devices/LNXSYSTM:00/LNXSLPBN:00/input/input1
Jun 24 13:34:50 ubuntu kernel: [    4.814916] ACPI: Sleep Button [SLPF]
Jun 24 13:34:50 ubuntu kernel: [    4.815113] GHES: HEST is not enabled!
Jun 24 13:34:50 ubuntu kernel: [    4.815244] Serial: 8250/16550 driver, 32 ports, IRQ sharing enabled
Jun 24 13:34:50 ubuntu kernel: [    4.816826] Linux agpgart interface v0.103
Jun 24 13:34:50 ubuntu kernel: [    4.820789] brd: module loaded
Jun 24 13:34:50 ubuntu kernel: [    4.822141] loop: module loaded
Jun 24 13:34:50 ubuntu kernel: [    4.822386] libphy: Fixed MDIO Bus: probed
Jun 24 13:34:50 ubuntu kernel: [    4.822395] tun: Universal TUN/TAP device driver, 1.6
Jun 24 13:34:50 ubuntu kernel: [    4.822396] tun: (C) 1999-2004 Max Krasnyansky <maxk@qualcomm.com>
Jun 24 13:34:50 ubuntu kernel: [    4.822443] PPP generic driver version 2.4.2
Jun 24 13:34:50 ubuntu kernel: [    4.822527] ehci_hcd: USB 2.0 'Enhanced' Host Controller (EHCI) Driver
Jun 24 13:34:50 ubuntu kernel: [    4.822545] ehci-pci: EHCI PCI platform driver
Jun 24 13:34:50 ubuntu kernel: [    4.822563] ehci-platform: EHCI generic platform driver
Jun 24 13:34:50 ubuntu kernel: [    4.822572] ohci_hcd: USB 1.1 'Open' Host Controller (OHCI) Driver
Jun 24 13:34:50 ubuntu kernel: [    4.822584] ohci-pci: OHCI PCI platform driver
Jun 24 13:34:50 ubuntu kernel: [    4.822608] ohci-platform: OHCI generic platform driver
Jun 24 13:34:50 ubuntu kernel: [    4.822615] uhci_hcd: USB Universal Host Controller Interface driver
Jun 24 13:34:50 ubuntu kernel: [    4.822697] i8042: PNP: PS/2 Controller [PNP0303:PS2K,PNP0f03:PS2M] at 0x60,0x64 irq 1,12
Jun 24 13:34:50 ubuntu kernel: [    4.823381] serio: i8042 KBD port at 0x60,0x64 irq 1
Jun 24 13:34:50 ubuntu kernel: [    4.823396] serio: i8042 AUX port at 0x60,0x64 irq 12
Jun 24 13:34:50 ubuntu kernel: [    4.823539] mousedev: PS/2 mouse device common for all mice
Jun 24 13:34:50 ubuntu kernel: [    4.823927] input: AT Translated Set 2 keyboard as /devices/platform/i8042/serio0/input/input2
Jun 24 13:34:50 ubuntu kernel: [    4.824626] rtc_cmos rtc_cmos: rtc core: registered rtc_cmos as rtc0
Jun 24 13:34:50 ubuntu kernel: [    4.824748] rtc_cmos rtc_cmos: alarms up to one day, 114 bytes nvram
Jun 24 13:34:50 ubuntu kernel: [    4.824755] i2c /dev entries driver
Jun 24 13:34:50 ubuntu kernel: [    4.824825] device-mapper: uevent: version 1.0.3
Jun 24 13:34:50 ubuntu kernel: [    4.824914] device-mapper: ioctl: 4.34.0-ioctl (2015-10-28) initialised: dm-devel@redhat.com
Jun 24 13:34:50 ubuntu kernel: [    4.824950] ledtrig-cpu: registered to indicate activity on CPUs
Jun 24 13:34:50 ubuntu kernel: [    4.825369] NET: Registered protocol family 10
Jun 24 13:34:50 ubuntu kernel: [    4.825744] NET: Registered protocol family 17
Jun 24 13:34:50 ubuntu kernel: [    4.825769] Key type dns_resolver registered
Jun 24 13:34:50 ubuntu kernel: [    4.826003] microcode: CPU0 sig=0x1067a, pf=0x40, revision=0x60b
Jun 24 13:34:50 ubuntu kernel: [    4.826044] microcode: Microcode Update Driver: v2.01 <tigran@aivazian.fsnet.co.uk>, Peter Oruba
Jun 24 13:34:50 ubuntu kernel: [    4.826229] registered taskstats version 1
Jun 24 13:34:50 ubuntu kernel: [    4.826257] Loading compiled-in X.509 certificates
Jun 24 13:34:50 ubuntu kernel: [    4.827250] Loaded X.509 cert 'Build time autogenerated kernel key: 6e1dec312b99cf2987117ed2153b9a730dee12a7'
Jun 24 13:34:50 ubuntu kernel: [    4.827280] zswap: loaded using pool lzo/zbud
Jun 24 13:34:50 ubuntu kernel: [    4.837037] Key type trusted registered
Jun 24 13:34:50 ubuntu kernel: [    4.854928] Key type encrypted registered
Jun 24 13:34:50 ubuntu kernel: [    4.854936] AppArmor: AppArmor sha1 policy hashing enabled
Jun 24 13:34:50 ubuntu kernel: [    4.854951] ima: No TPM chip found, activating TPM-bypass!
Jun 24 13:34:50 ubuntu kernel: [    4.854986] evm: HMAC attrs: 0x1
Jun 24 13:34:50 ubuntu kernel: [    4.855872]   Magic number: 5:212:585
Jun 24 13:34:50 ubuntu kernel: [    4.856022] rtc_cmos rtc_cmos: setting system clock to 2017-06-24 13:34:17 UTC (1498311257)
Jun 24 13:34:50 ubuntu kernel: [    4.856175] BIOS EDD facility v0.16 2004-Jun-25, 0 devices found
Jun 24 13:34:50 ubuntu kernel: [    4.856176] EDD information not available.
Jun 24 13:34:50 ubuntu kernel: [    4.856254] PM: Hibernation image not present or could not be loaded.
Jun 24 13:34:50 ubuntu kernel: [    4.862596] Freeing unused kernel memory: 1484K (ffffffff81d44000 - ffffffff81eb7000)
Jun 24 13:34:50 ubuntu kernel: [    4.862625] Write protecting the kernel read-only data: 12288k
Jun 24 13:34:50 ubuntu kernel: [    4.868604] Freeing unused kernel memory: 4K (ffff8800017ff000 - ffff880001800000)
Jun 24 13:34:50 ubuntu kernel: [    4.869066] Freeing unused kernel memory: 140K (ffff880001bdd000 - ffff880001c00000)
Jun 24 13:34:50 ubuntu kernel: [    4.972272] systemd-udevd[116]: starting version 204
Jun 24 13:34:50 ubuntu kernel: [    5.050971] ACPI: Video Device [GFX0] (multi-head: yes  rom: no  post: no)
Jun 24 13:34:50 ubuntu kernel: [    5.051054] input: Video Bus as /devices/LNXSYSTM:00/LNXSYBUS:00/PNP0A03:00/LNXVIDEO:00/input/input4
Jun 24 13:34:50 ubuntu kernel: [    5.091625] FUJITSU Extended Socket Network Device Driver - version 1.0 - Copyright (c) 2015 FUJITSU LIMITED
Jun 24 13:34:50 ubuntu kernel: [    5.095586] e1000: Intel(R) PRO/1000 Network Driver - version 7.3.21-k8-NAPI
Jun 24 13:34:50 ubuntu kernel: [    5.095587] e1000: Copyright (c) 1999-2006 Intel Corporation.
Jun 24 13:34:50 ubuntu kernel: [    5.327953] input: ImExPS/2 Generic Explorer Mouse as /devices/platform/i8042/serio1/input/input5
Jun 24 13:34:50 ubuntu kernel: [    5.755151] e1000 0000:00:03.0 eth0: (PCI:33MHz:32-bit) 08:00:27:aa:70:4c
Jun 24 13:34:50 ubuntu kernel: [    5.755166] e1000 0000:00:03.0 eth0: Intel(R) PRO/1000 Network Connection
Jun 24 13:34:50 ubuntu kernel: [    5.755258] ahci 0000:00:0d.0: version 3.0
Jun 24 13:34:50 ubuntu kernel: [    5.756570] ahci 0000:00:0d.0: SSS flag set, parallel bus scan disabled
Jun 24 13:34:50 ubuntu kernel: [    5.757261] ahci 0000:00:0d.0: AHCI 0001.0100 32 slots 9 ports 3 Gbps 0x1ff impl SATA mode
Jun 24 13:34:50 ubuntu kernel: [    5.757264] ahci 0000:00:0d.0: flags: 64bit ncq stag only ccc 
Jun 24 13:34:50 ubuntu kernel: [    5.764054] scsi host0: ahci
Jun 24 13:34:50 ubuntu kernel: [    5.764696] scsi host1: ahci
Jun 24 13:34:50 ubuntu kernel: [    5.765074] scsi host2: ahci
Jun 24 13:34:50 ubuntu kernel: [    5.765344] scsi host3: ahci
Jun 24 13:34:50 ubuntu kernel: [    5.765642] scsi host4: ahci
Jun 24 13:34:50 ubuntu kernel: [    5.765902] scsi host5: ahci
Jun 24 13:34:50 ubuntu kernel: [    5.766604] scsi host6: ahci
Jun 24 13:34:50 ubuntu kernel: [    5.766861] scsi host7: ahci
Jun 24 13:34:50 ubuntu kernel: [    5.767175] scsi host8: ahci
Jun 24 13:34:50 ubuntu kernel: [    5.767800] ata1: SATA max UDMA/133 abar m8192@0xf0840000 port 0xf0840100 irq 21
Jun 24 13:34:50 ubuntu kernel: [    5.767809] ata2: SATA max UDMA/133 abar m8192@0xf0840000 port 0xf0840180 irq 21
Jun 24 13:34:50 ubuntu kernel: [    5.767817] ata3: SATA max UDMA/133 abar m8192@0xf0840000 port 0xf0840200 irq 21
Jun 24 13:34:50 ubuntu kernel: [    5.767825] ata4: SATA max UDMA/133 abar m8192@0xf0840000 port 0xf0840280 irq 21
Jun 24 13:34:50 ubuntu kernel: [    5.767833] ata5: SATA max UDMA/133 abar m8192@0xf0840000 port 0xf0840300 irq 21
Jun 24 13:34:50 ubuntu kernel: [    5.767845] ata6: SATA max UDMA/133 abar m8192@0xf0840000 port 0xf0840380 irq 21
Jun 24 13:34:50 ubuntu kernel: [    5.767853] ata7: SATA max UDMA/133 abar m8192@0xf0840000 port 0xf0840400 irq 21
Jun 24 13:34:50 ubuntu kernel: [    5.767861] ata8: SATA max UDMA/133 abar m8192@0xf0840000 port 0xf0840480 irq 21
Jun 24 13:34:50 ubuntu kernel: [    5.767869] ata9: SATA max UDMA/133 abar m8192@0xf0840000 port 0xf0840500 irq 21
Jun 24 13:34:50 ubuntu kernel: [    6.091495] ata1: SATA link up 3.0 Gbps (SStatus 123 SControl 300)
Jun 24 13:34:50 ubuntu kernel: [    6.091799] ata1.00: ATAPI: VBOX CD-ROM, 1.0, max UDMA/133
Jun 24 13:34:50 ubuntu kernel: [    6.091802] ata1.00: applying bridge limits
Jun 24 13:34:50 ubuntu kernel: [    6.096478] ata1.00: configured for UDMA/100
Jun 24 13:34:50 ubuntu kernel: [    6.106566] scsi 0:0:0:0: CD-ROM            VBOX     CD-ROM           1.0  PQ: 0 ANSI: 5
Jun 24 13:34:50 ubuntu kernel: [    6.116594] sr 0:0:0:0: [sr0] scsi3-mmc drive: 32x/32x xa/form2 tray
Jun 24 13:34:50 ubuntu kernel: [    6.116618] cdrom: Uniform CD-ROM driver Revision: 3.20
Jun 24 13:34:50 ubuntu kernel: [    6.117066] sr 0:0:0:0: Attached scsi CD-ROM sr0
Jun 24 13:34:50 ubuntu kernel: [    6.117410] sr 0:0:0:0: Attached scsi generic sg0 type 5
Jun 24 13:34:50 ubuntu kernel: [    6.161205] e1000 0000:00:08.0 eth1: (PCI:33MHz:32-bit) 08:00:27:57:4b:a6
Jun 24 13:34:50 ubuntu kernel: [    6.161209] e1000 0000:00:08.0 eth1: Intel(R) PRO/1000 Network Connection
Jun 24 13:34:50 ubuntu kernel: [    6.435669] ata2: SATA link down (SStatus 0 SControl 300)
Jun 24 13:34:50 ubuntu kernel: [    6.755515] ata3: SATA link up 3.0 Gbps (SStatus 123 SControl 300)
Jun 24 13:34:50 ubuntu kernel: [    6.755679] ata3.00: ATA-6: VBOX HARDDISK, 1.0, max UDMA/133
Jun 24 13:34:50 ubuntu kernel: [    6.755682] ata3.00: 26214400 sectors, multi 128: LBA48 NCQ (depth 31/32)
Jun 24 13:34:50 ubuntu kernel: [    6.755892] ata3.00: configured for UDMA/133
Jun 24 13:34:50 ubuntu kernel: [    6.756058] scsi 2:0:0:0: Direct-Access     ATA      VBOX HARDDISK    1.0  PQ: 0 ANSI: 5
Jun 24 13:34:50 ubuntu kernel: [    6.756559] sd 2:0:0:0: [sda] 26214400 512-byte logical blocks: (13.4 GB/12.5 GiB)
Jun 24 13:34:50 ubuntu kernel: [    6.756637] sd 2:0:0:0: [sda] Write Protect is off
Jun 24 13:34:50 ubuntu kernel: [    6.756641] sd 2:0:0:0: [sda] Mode Sense: 00 3a 00 00
Jun 24 13:34:50 ubuntu kernel: [    6.756685] sd 2:0:0:0: [sda] Write cache: enabled, read cache: enabled, doesn't support DPO or FUA
Jun 24 13:34:50 ubuntu kernel: [    6.757154] sd 2:0:0:0: Attached scsi generic sg1 type 0
Jun 24 13:34:50 ubuntu kernel: [    6.757930] sd 2:0:0:0: [sda] Attached SCSI disk
Jun 24 13:34:50 ubuntu kernel: [    6.803640] tsc: Refined TSC clocksource calibration: 2991.086 MHz
Jun 24 13:34:50 ubuntu kernel: [    6.803665] clocksource: tsc: mask: 0xffffffffffffffff max_cycles: 0x2b1d60c1c12, max_idle_ns: 440795348495 ns
Jun 24 13:34:50 ubuntu kernel: [    7.075515] ata4: SATA link up 3.0 Gbps (SStatus 123 SControl 300)
Jun 24 13:34:50 ubuntu kernel: [    7.075667] ata4.00: ATA-6: VBOX HARDDISK, 1.0, max UDMA/133
Jun 24 13:34:50 ubuntu kernel: [    7.075670] ata4.00: 16580608 sectors, multi 128: LBA48 NCQ (depth 31/32)
Jun 24 13:34:50 ubuntu kernel: [    7.075851] ata4.00: configured for UDMA/133
Jun 24 13:34:50 ubuntu kernel: [    7.075998] scsi 3:0:0:0: Direct-Access     ATA      VBOX HARDDISK    1.0  PQ: 0 ANSI: 5
Jun 24 13:34:50 ubuntu kernel: [    7.076720] sd 3:0:0:0: [sdb] 16580608 512-byte logical blocks: (8.49 GB/7.91 GiB)
Jun 24 13:34:50 ubuntu kernel: [    7.076778] sd 3:0:0:0: [sdb] Write Protect is off
Jun 24 13:34:50 ubuntu kernel: [    7.076782] sd 3:0:0:0: [sdb] Mode Sense: 00 3a 00 00
Jun 24 13:34:50 ubuntu kernel: [    7.076808] sd 3:0:0:0: [sdb] Write cache: enabled, read cache: enabled, doesn't support DPO or FUA
Jun 24 13:34:50 ubuntu kernel: [    7.077437] sd 3:0:0:0: Attached scsi generic sg2 type 0
Jun 24 13:34:50 ubuntu kernel: [    7.078257] sd 3:0:0:0: [sdb] Attached SCSI disk
Jun 24 13:34:50 ubuntu kernel: [    7.395531] ata5: SATA link up 3.0 Gbps (SStatus 123 SControl 300)
Jun 24 13:34:50 ubuntu kernel: [    7.395691] ata5.00: ATA-6: VBOX HARDDISK, 1.0, max UDMA/133
Jun 24 13:34:50 ubuntu kernel: [    7.395694] ata5.00: 41943040 sectors, multi 128: LBA48 NCQ (depth 31/32)
Jun 24 13:34:50 ubuntu kernel: [    7.395896] ata5.00: configured for UDMA/133
Jun 24 13:34:50 ubuntu kernel: [    7.396072] scsi 4:0:0:0: Direct-Access     ATA      VBOX HARDDISK    1.0  PQ: 0 ANSI: 5
Jun 24 13:34:50 ubuntu kernel: [    7.396585] sd 4:0:0:0: [sdc] 41943040 512-byte logical blocks: (21.5 GB/20.0 GiB)
Jun 24 13:34:50 ubuntu kernel: [    7.396643] sd 4:0:0:0: [sdc] Write Protect is off
Jun 24 13:34:50 ubuntu kernel: [    7.396647] sd 4:0:0:0: [sdc] Mode Sense: 00 3a 00 00
Jun 24 13:34:50 ubuntu kernel: [    7.396673] sd 4:0:0:0: [sdc] Write cache: enabled, read cache: enabled, doesn't support DPO or FUA
Jun 24 13:34:50 ubuntu kernel: [    7.397479] sd 4:0:0:0: Attached scsi generic sg3 type 0
Jun 24 13:34:50 ubuntu kernel: [    7.398225] sd 4:0:0:0: [sdc] Attached SCSI disk
Jun 24 13:34:50 ubuntu kernel: [    7.715440] ata6: SATA link down (SStatus 0 SControl 300)
Jun 24 13:34:50 ubuntu kernel: [    8.035465] ata7: SATA link down (SStatus 0 SControl 300)
Jun 24 13:34:50 ubuntu kernel: [    8.171771] floppy0: no floppy controllers found
Jun 24 13:34:50 ubuntu kernel: [    8.171847] work still pending
Jun 24 13:34:50 ubuntu kernel: [    8.355665] ata8: SATA link up 3.0 Gbps (SStatus 123 SControl 300)
Jun 24 13:34:50 ubuntu kernel: [    8.355842] ata8.00: ATAPI: VBOX CD-ROM, 1.0, max UDMA/133
Jun 24 13:34:50 ubuntu kernel: [    8.355846] ata8.00: applying bridge limits
Jun 24 13:34:50 ubuntu kernel: [    8.356032] ata8.00: configured for UDMA/100
Jun 24 13:34:50 ubuntu kernel: [    8.356344] scsi 7:0:0:0: CD-ROM            VBOX     CD-ROM           1.0  PQ: 0 ANSI: 5
Jun 24 13:34:50 ubuntu kernel: [    8.356876] sr 7:0:0:0: [sr1] scsi3-mmc drive: 32x/32x xa/form2 tray
Jun 24 13:34:50 ubuntu kernel: [    8.357303] sr 7:0:0:0: Attached scsi CD-ROM sr1
Jun 24 13:34:50 ubuntu kernel: [    8.357575] sr 7:0:0:0: Attached scsi generic sg4 type 5
Jun 24 13:34:50 ubuntu kernel: [    8.675462] ata9: SATA link up 3.0 Gbps (SStatus 123 SControl 300)
Jun 24 13:34:50 ubuntu kernel: [    8.675625] ata9.00: ATAPI: VBOX CD-ROM, 1.0, max UDMA/133
Jun 24 13:34:50 ubuntu kernel: [    8.675629] ata9.00: applying bridge limits
Jun 24 13:34:50 ubuntu kernel: [    8.675825] ata9.00: configured for UDMA/100
Jun 24 13:34:50 ubuntu kernel: [    8.676342] scsi 8:0:0:0: CD-ROM            VBOX     CD-ROM           1.0  PQ: 0 ANSI: 5
Jun 24 13:34:50 ubuntu kernel: [    8.683488] sr 8:0:0:0: [sr2] scsi3-mmc drive: 32x/32x xa/form2 tray
Jun 24 13:34:50 ubuntu kernel: [    8.683861] sr 8:0:0:0: Attached scsi CD-ROM sr2
Jun 24 13:34:50 ubuntu kernel: [    8.684116] sr 8:0:0:0: Attached scsi generic sg5 type 5
Jun 24 13:34:50 ubuntu kernel: [    8.925995] random: nonblocking pool is initialized
Jun 24 13:34:50 ubuntu kernel: [   11.396242] ISO 9660 Extensions: Microsoft Joliet Level 3
Jun 24 13:34:50 ubuntu kernel: [   11.404800] ISO 9660 Extensions: RRIP_1991A
Jun 24 13:34:50 ubuntu kernel: [   19.475965] floppy0: no floppy controllers found
Jun 24 13:34:50 ubuntu kernel: [   35.427256] systemd-udevd[2838]: starting version 204
Jun 24 13:34:50 ubuntu kernel: [   36.395181] lp: driver loaded but no devices found
Jun 24 13:34:50 ubuntu kernel: [   36.468705] ppdev: user-space parallel port driver
Jun 24 13:34:50 ubuntu kernel: [   37.143643] Bluetooth: Core ver 2.21
Jun 24 13:34:50 ubuntu kernel: [   37.143699] NET: Registered protocol family 31
Jun 24 13:34:50 ubuntu kernel: [   37.143701] Bluetooth: HCI device and connection manager initialized
Jun 24 13:34:50 ubuntu rsyslogd-2039: Could no open output pipe '/dev/xconsole': No such file or directory [try http://www.rsyslog.com/e/2039 ]
Jun 24 13:34:50 ubuntu kernel: [   37.143724] Bluetooth: HCI socket layer initialized
Jun 24 13:34:50 ubuntu kernel: [   37.143728] Bluetooth: L2CAP socket layer initialized
Jun 24 13:34:50 ubuntu kernel: [   37.143751] Bluetooth: SCO socket layer initialized
Jun 24 13:34:50 ubuntu kernel: [   37.168945] piix4_smbus 0000:00:07.0: SMBus Host Controller at 0x4100, revision 0
Jun 24 13:34:50 ubuntu kernel: [   37.287845] Bluetooth: RFCOMM TTY layer initialized
Jun 24 13:34:50 ubuntu kernel: [   37.287893] Bluetooth: RFCOMM socket layer initialized
Jun 24 13:34:50 ubuntu kernel: [   37.287915] Bluetooth: RFCOMM ver 1.11
Jun 24 13:34:50 ubuntu kernel: [   37.330665] Bluetooth: BNEP (Ethernet Emulation) ver 1.3
Jun 24 13:34:50 ubuntu kernel: [   37.330673] Bluetooth: BNEP filters: protocol multicast
Jun 24 13:34:50 ubuntu kernel: [   37.330696] Bluetooth: BNEP socket layer initialized
Jun 24 13:34:50 ubuntu kernel: [   38.027184] init: cups main process (2931) killed by HUP signal
Jun 24 13:34:50 ubuntu kernel: [   38.027211] init: cups main process ended, respawning
Jun 24 13:34:50 ubuntu kernel: [   38.033984] vgdrvHeartbeatInit: Setting up heartbeat to trigger every 2000 milliseconds
Jun 24 13:34:50 ubuntu kernel: [   38.051610] input: Unspecified device as /devices/pci0000:00/0000:00:04.0/input/input6
Jun 24 13:34:50 ubuntu kernel: [   38.057174] vboxguest: misc device minor 55, IRQ 20, I/O port d020, MMIO at 00000000f0400000 (size 0x400000)
Jun 24 13:34:50 ubuntu kernel: [   38.057186] vboxguest: Successfully loaded version 5.0.18_Ubuntu (interface 0x00010004)
Jun 24 13:34:50 ubuntu kernel: [   38.136980] [drm] Initialized drm 1.1.0 20060810
Jun 24 13:34:51 ubuntu kernel: [   39.002506] [drm] VRAM 00a00000
Jun 24 13:34:51 ubuntu kernel: [   39.007422] [TTM] Zone  kernel: Available graphics memory: 508232 kiB
Jun 24 13:34:51 ubuntu kernel: [   39.007424] [TTM] Initializing pool allocator
Jun 24 13:34:51 ubuntu kernel: [   39.007444] [TTM] Initializing DMA pool allocator
Jun 24 13:34:52 ubuntu kernel: [   39.034190] fbcon: vboxdrmfb (fb0) is primary device
Jun 24 13:34:52 ubuntu kernel: [   39.054186] device-mapper: multipath: version 1.10.0 loaded
Jun 24 13:34:52 ubuntu kernel: [   39.364767] Console: switching to colour frame buffer device 100x37
Jun 24 13:34:52 ubuntu kernel: [   39.367461] vboxvideo 0000:00:02.0: fb0: vboxdrmfb frame buffer device
Jun 24 13:34:52 ubuntu kernel: [   39.367473] [drm] Initialized vboxvideo 1.0.0 20130823 for 0000:00:02.0 on minor 0
Jun 24 13:34:53 ubuntu failsafe: Failsafe of 120 seconds reached.
Jun 24 13:34:54 ubuntu kernel: [   41.354313] snd_intel8x0 0000:00:05.0: disable (unknown or VT-d) VM optimization
Jun 24 13:34:54 ubuntu kernel: [   41.366097] init: failsafe main process (3087) killed by TERM signal
Jun 24 13:34:54 ubuntu kernel: [   41.506212] floppy0: no floppy controllers found
Jun 24 13:34:54 ubuntu ModemManager[3172]: <info>  ModemManager (version 1.0.0) starting...
Jun 24 13:34:54 ubuntu kernel: [   42.026064] snd_intel8x0 0000:00:05.0: intel8x0_measure_ac97_clock: measured 66964 usecs (12604 samples)
Jun 24 13:34:54 ubuntu kernel: [   42.026081] snd_intel8x0 0000:00:05.0: measured clock 188220 rejected
Jun 24 13:34:55 ubuntu NetworkManager[3206]: <info> NetworkManager (version 0.9.8.8) is starting...
Jun 24 13:34:55 ubuntu NetworkManager[3206]: <info> Read config file /etc/NetworkManager/NetworkManager.conf
Jun 24 13:34:55 ubuntu NetworkManager[3206]: <info> WEXT support is enabled
Jun 24 13:34:55 ubuntu kernel: [   42.387305] snd_intel8x0 0000:00:05.0: intel8x0_measure_ac97_clock: measured 54626 usecs (12604 samples)
Jun 24 13:34:55 ubuntu kernel: [   42.387320] snd_intel8x0 0000:00:05.0: measured clock 230732 rejected
Jun 24 13:34:55 ubuntu NetworkManager[3206]: <info> VPN: loaded org.freedesktop.NetworkManager.pptp
Jun 24 13:34:55 ubuntu NetworkManager[3206]: <info> DNS: loaded plugin dnsmasq
Jun 24 13:34:55 ubuntu dbus[2841]: [system] Activating service name='org.freedesktop.PolicyKit1' (using servicehelper)
Jun 24 13:34:55 ubuntu polkitd[3215]: started daemon version 0.105 using authority implementation `local' version `0.105'
Jun 24 13:34:55 ubuntu dbus[2841]: [system] Successfully activated service 'org.freedesktop.PolicyKit1'
Jun 24 13:34:55 ubuntu NetworkManager[3206]:    SCPlugin-Ifupdown: init!
Jun 24 13:34:55 ubuntu NetworkManager[3206]:    SCPlugin-Ifupdown: update_system_hostname
Jun 24 13:34:55 ubuntu NetworkManager[3206]:       interface-parser: parsing file /etc/network/interfaces
Jun 24 13:34:55 ubuntu NetworkManager[3206]:       interface-parser: finished parsing file /etc/network/interfaces
Jun 24 13:34:55 ubuntu NetworkManager[3206]:    SCPluginIfupdown: management mode: unmanaged
Jun 24 13:34:55 ubuntu NetworkManager[3206]:    SCPlugin-Ifupdown: devices added (path: /sys/devices/pci0000:00/0000:00:03.0/net/eth0, iface: eth0)
Jun 24 13:34:55 ubuntu NetworkManager[3206]:    SCPlugin-Ifupdown: device added (path: /sys/devices/pci0000:00/0000:00:03.0/net/eth0, iface: eth0): no ifupdown configuration found.
Jun 24 13:34:55 ubuntu NetworkManager[3206]:    SCPlugin-Ifupdown: devices added (path: /sys/devices/pci0000:00/0000:00:08.0/net/eth1, iface: eth1)
Jun 24 13:34:55 ubuntu NetworkManager[3206]:    SCPlugin-Ifupdown: device added (path: /sys/devices/pci0000:00/0000:00:08.0/net/eth1, iface: eth1): no ifupdown configuration found.
Jun 24 13:34:55 ubuntu NetworkManager[3206]:    SCPlugin-Ifupdown: devices added (path: /sys/devices/virtual/net/lo, iface: lo)
Jun 24 13:34:55 ubuntu NetworkManager[3206]:    SCPlugin-Ifupdown: device added (path: /sys/devices/virtual/net/lo, iface: lo): no ifupdown configuration found.
Jun 24 13:34:55 ubuntu NetworkManager[3206]:    SCPlugin-Ifupdown: end _init.
Jun 24 13:34:55 ubuntu NetworkManager[3206]: <info> Loaded plugin ifupdown: (C) 2008 Canonical Ltd.  To report bugs please use the NetworkManager mailing list.
Jun 24 13:34:55 ubuntu NetworkManager[3206]: <info> Loaded plugin keyfile: (c) 2007 - 2010 Red Hat, Inc.  To report bugs please use the NetworkManager mailing list.
Jun 24 13:34:55 ubuntu NetworkManager[3206]:    SCPlugin-Ofono: Acquired D-Bus service com.canonical.NMOfono
Jun 24 13:34:55 ubuntu NetworkManager[3206]:    SCPlugin-Ofono: init!
Jun 24 13:34:55 ubuntu NetworkManager[3206]:    SCPlugin-Ofono: end _init.
Jun 24 13:34:55 ubuntu NetworkManager[3206]: <info> Loaded plugin (null): (null)
Jun 24 13:34:55 ubuntu NetworkManager[3206]:    Ifupdown: get unmanaged devices count: 0
Jun 24 13:34:55 ubuntu NetworkManager[3206]:    SCPlugin-Ifupdown: (22494992) ... get_connections.
Jun 24 13:34:55 ubuntu NetworkManager[3206]:    SCPlugin-Ifupdown: (22494992) ... get_connections (managed=false): return empty list.
Jun 24 13:34:55 ubuntu NetworkManager[3206]:    SCPlugin-Ofono: (22302384) ... get_connections.
Jun 24 13:34:55 ubuntu NetworkManager[3206]:    SCPlugin-Ofono: (22302384) connections count: 0
Jun 24 13:34:55 ubuntu NetworkManager[3206]:    Ifupdown: get unmanaged devices count: 0
Jun 24 13:34:55 ubuntu NetworkManager[3206]: <info> monitoring kernel firmware directory '/lib/firmware'.
Jun 24 13:34:55 ubuntu NetworkManager[3206]: <info> WiFi enabled by radio killswitch; enabled by state file
Jun 24 13:34:55 ubuntu NetworkManager[3206]: <info> WWAN enabled by radio killswitch; enabled by state file
Jun 24 13:34:55 ubuntu NetworkManager[3206]: <info> WiMAX enabled by radio killswitch; enabled by state file
Jun 24 13:34:55 ubuntu NetworkManager[3206]: <info> Networking is enabled by state file
Jun 24 13:34:55 ubuntu NetworkManager[3206]: <warn> failed to allocate link cache: (-12) Object not found
Jun 24 13:34:55 ubuntu NetworkManager[3206]: <info> (eth0): carrier is OFF
Jun 24 13:34:55 ubuntu NetworkManager[3206]: <info> (eth0): new Ethernet device (driver: 'e1000' ifindex: 2)
Jun 24 13:34:55 ubuntu NetworkManager[3206]: <info> (eth0): exported as /org/freedesktop/NetworkManager/Devices/0
Jun 24 13:34:55 ubuntu NetworkManager[3206]: <info> (eth0): device state change: unmanaged -> unavailable (reason 'managed') [10 20 2]
Jun 24 13:34:55 ubuntu NetworkManager[3206]: <info> (eth0): bringing up device.
Jun 24 13:34:55 ubuntu NetworkManager[3206]: <info> (eth0): preparing device.
Jun 24 13:34:55 ubuntu NetworkManager[3206]: <info> (eth0): deactivating device (reason 'managed') [2]
Jun 24 13:34:55 ubuntu NetworkManager[3206]: <info> Added default wired connection 'Wired connection 1' for /sys/devices/pci0000:00/0000:00:03.0/net/eth0
Jun 24 13:34:55 ubuntu NetworkManager[3206]: <warn> failed to allocate link cache: (-12) Object not found
Jun 24 13:34:55 ubuntu NetworkManager[3206]: <info> (eth1): carrier is OFF
Jun 24 13:34:55 ubuntu NetworkManager[3206]: <info> (eth1): new Ethernet device (driver: 'e1000' ifindex: 3)
Jun 24 13:34:55 ubuntu kernel: [   42.699212] IPv6: ADDRCONF(NETDEV_UP): eth0: link is not ready
Jun 24 13:34:55 ubuntu NetworkManager[3206]: <info> (eth1): exported as /org/freedesktop/NetworkManager/Devices/1
Jun 24 13:34:55 ubuntu NetworkManager[3206]: <info> (eth1): device state change: unmanaged -> unavailable (reason 'managed') [10 20 2]
Jun 24 13:34:55 ubuntu NetworkManager[3206]: <info> (eth1): bringing up device.
Jun 24 13:34:55 ubuntu NetworkManager[3206]: <info> (eth1): preparing device.
Jun 24 13:34:55 ubuntu kernel: [   42.714794] IPv6: ADDRCONF(NETDEV_UP): eth1: link is not ready
Jun 24 13:34:55 ubuntu NetworkManager[3206]: <info> (eth1): deactivating device (reason 'managed') [2]
Jun 24 13:34:55 ubuntu NetworkManager[3206]: <info> Added default wired connection 'Wired connection 2' for /sys/devices/pci0000:00/0000:00:08.0/net/eth1
Jun 24 13:34:55 ubuntu kernel: [   42.716686] e1000: eth1 NIC Link is Up 1000 Mbps Full Duplex, Flow Control: RX
Jun 24 13:34:55 ubuntu kernel: [   42.717490] IPv6: ADDRCONF(NETDEV_CHANGE): eth1: link becomes ready
Jun 24 13:34:55 ubuntu NetworkManager[3206]: <warn> /sys/devices/virtual/net/lo: couldn't determine device driver; ignoring...
Jun 24 13:34:55 ubuntu NetworkManager[3206]: <warn> /sys/devices/virtual/net/lo: couldn't determine device driver; ignoring...
Jun 24 13:34:55 ubuntu NetworkManager[3206]: <info> (eth1): carrier now ON (device state 20)
Jun 24 13:34:55 ubuntu NetworkManager[3206]: <info> urfkill disappeared from the bus
Jun 24 13:34:55 ubuntu NetworkManager[3206]: <info> (eth1): device state change: unavailable -> disconnected (reason 'carrier-changed') [20 30 40]
Jun 24 13:34:55 ubuntu NetworkManager[3206]: <info> ModemManager available in the bus
Jun 24 13:34:55 ubuntu NetworkManager[3206]: <info> Auto-activating connection 'Wired connection 2'.
Jun 24 13:34:55 ubuntu NetworkManager[3206]: <info> Activation (eth1) starting connection 'Wired connection 2'
Jun 24 13:34:55 ubuntu NetworkManager[3206]: <info> (eth1): device state change: disconnected -> prepare (reason 'none') [30 40 0]
Jun 24 13:34:55 ubuntu NetworkManager[3206]: <info> NetworkManager state is now CONNECTING
Jun 24 13:34:55 ubuntu NetworkManager[3206]: <info> Activation (eth1) Stage 1 of 5 (Device Prepare) scheduled...
Jun 24 13:34:55 ubuntu NetworkManager[3206]: <info> Activation (eth1) Stage 1 of 5 (Device Prepare) started...
Jun 24 13:34:55 ubuntu NetworkManager[3206]: <info> Activation (eth1) Stage 2 of 5 (Device Configure) scheduled...
Jun 24 13:34:55 ubuntu NetworkManager[3206]: <info> Activation (eth1) Stage 1 of 5 (Device Prepare) complete.
Jun 24 13:34:55 ubuntu NetworkManager[3206]: <info> Activation (eth1) Stage 2 of 5 (Device Configure) starting...
Jun 24 13:34:55 ubuntu NetworkManager[3206]: <info> (eth1): device state change: prepare -> config (reason 'none') [40 50 0]
Jun 24 13:34:55 ubuntu NetworkManager[3206]: <info> Activation (eth1) Stage 2 of 5 (Device Configure) successful.
Jun 24 13:34:55 ubuntu NetworkManager[3206]: <info> Activation (eth1) Stage 3 of 5 (IP Configure Start) scheduled.
Jun 24 13:34:55 ubuntu NetworkManager[3206]: <info> Activation (eth1) Stage 2 of 5 (Device Configure) complete.
Jun 24 13:34:55 ubuntu NetworkManager[3206]: <info> Activation (eth1) Stage 3 of 5 (IP Configure Start) started...
Jun 24 13:34:55 ubuntu NetworkManager[3206]: <info> (eth1): device state change: config -> ip-config (reason 'none') [50 70 0]
Jun 24 13:34:55 ubuntu NetworkManager[3206]: <info> Activation (eth1) Beginning DHCPv4 transaction (timeout in 45 seconds)
Jun 24 13:34:55 ubuntu kernel: [   42.751028] snd_intel8x0 0000:00:05.0: intel8x0_measure_ac97_clock: measured 56863 usecs (12605 samples)
Jun 24 13:34:55 ubuntu kernel: [   42.751032] snd_intel8x0 0000:00:05.0: measured clock 221673 rejected
Jun 24 13:34:55 ubuntu kernel: [   42.751034] snd_intel8x0 0000:00:05.0: clocking to 48000
Jun 24 13:34:55 ubuntu NetworkManager[3206]: <info> dhclient started with pid 3232
Jun 24 13:34:55 ubuntu NetworkManager[3206]: <info> Activation (eth1) Beginning IP6 addrconf.
Jun 24 13:34:55 ubuntu NetworkManager[3206]: <info> Activation (eth1) Stage 3 of 5 (IP Configure Start) complete.
Jun 24 13:34:55 ubuntu dhclient: Internet Systems Consortium DHCP Client 4.2.4
Jun 24 13:34:55 ubuntu dhclient: Copyright 2004-2012 Internet Systems Consortium.
Jun 24 13:34:55 ubuntu dhclient: All rights reserved.
Jun 24 13:34:55 ubuntu dhclient: For info, please visit https://www.isc.org/software/dhcp/
Jun 24 13:34:55 ubuntu dhclient: 
Jun 24 13:34:55 ubuntu NetworkManager[3206]: <info> (eth1): DHCPv4 state changed nbi -> preinit
Jun 24 13:34:55 ubuntu dhclient: Listening on LPF/eth1/08:00:27:57:4b:a6
Jun 24 13:34:55 ubuntu dhclient: Sending on   LPF/eth1/08:00:27:57:4b:a6
Jun 24 13:34:55 ubuntu dhclient: Sending on   Socket/fallback
Jun 24 13:34:55 ubuntu dhclient: DHCPDISCOVER on eth1 to 255.255.255.255 port 67 interval 3 (xid=0xf69ca77d)
Jun 24 13:34:56 ubuntu ModemManager[3172]: <warn>  Couldn't find support for device at '/sys/devices/pci0000:00/0000:00:03.0': not supported by any plugin
Jun 24 13:34:56 ubuntu ModemManager[3172]: <warn>  Couldn't find support for device at '/sys/devices/pci0000:00/0000:00:08.0': not supported by any plugin
Jun 24 13:34:58 ubuntu dhclient: DHCPDISCOVER on eth1 to 255.255.255.255 port 67 interval 6 (xid=0xf69ca77d)
Jun 24 13:34:59 ubuntu cron[3358]: (CRON) INFO (pidfile fd = 3)
Jun 24 13:34:59 ubuntu acpid: starting up with netlink and the input layer
Jun 24 13:34:59 ubuntu acpid: 9 rules loaded
Jun 24 13:34:59 ubuntu acpid: waiting for events: event logging is off
Jun 24 13:34:59 ubuntu cron[3528]: (CRON) STARTUP (fork ok)
Jun 24 13:34:59 ubuntu cron[3528]: (CRON) INFO (Running @reboot jobs)
Jun 24 13:34:59 ubuntu /usr/sbin/irqbalance: Balancing is ineffective on systems with a single cache domain.  Shutting down
Jun 24 13:34:59 ubuntu kernel: [   47.308581] init: alsa-restore main process (3516) terminated with status 99
Jun 24 13:35:00 ubuntu NetworkManager[3206]: <info> Activation (eth1) Stage 3 of 5 (IP Configure Start) starting DHCPv6 as requested by IPv6 router...
Jun 24 13:35:00 ubuntu NetworkManager[3206]: <info> Activation (eth1) Beginning DHCPv6 transaction (timeout in 45 seconds)
Jun 24 13:35:01 ubuntu NetworkManager[3206]: <info> dhclient started with pid 3585
Jun 24 13:35:01 ubuntu dhclient: Internet Systems Consortium DHCP Client 4.2.4
Jun 24 13:35:01 ubuntu dhclient: Copyright 2004-2012 Internet Systems Consortium.
Jun 24 13:35:01 ubuntu dhclient: All rights reserved.
Jun 24 13:35:01 ubuntu dhclient: For info, please visit https://www.isc.org/software/dhcp/
Jun 24 13:35:01 ubuntu dhclient: 
Jun 24 13:35:01 ubuntu NetworkManager[3206]: <info> (eth1): DHCPv6 state changed nbi -> preinit6
Jun 24 13:35:01 ubuntu dhclient: Bound to *:546
Jun 24 13:35:01 ubuntu dhclient: Listening on Socket/eth1
Jun 24 13:35:01 ubuntu dhclient: Sending on   Socket/eth1
Jun 24 13:35:02 ubuntu dhclient: XMT: Solicit on eth1, interval 1090ms.
Jun 24 13:35:02 ubuntu dhclient: RCV: Advertise message on eth1 from fe80::a00:27ff:fe1a:5be3.
Jun 24 13:35:02 ubuntu ntpdate[3648]: Can't find host ntp.ubuntu.com: Name or service not known (-2)
Jun 24 13:35:02 ubuntu ntpdate[3648]: no servers can be used, exiting
Jun 24 13:35:03 ubuntu dhclient: XMT: Request on eth1, interval 970ms.
Jun 24 13:35:03 ubuntu dhclient: RCV: Reply message on eth1 from fe80::a00:27ff:fe1a:5be3.
Jun 24 13:35:03 ubuntu NetworkManager[3206]: <info> (eth1): DHCPv6 state changed preinit6 -> bound6
Jun 24 13:35:03 ubuntu NetworkManager[3206]: <info>   address fdbf:946a:5c97:1:80::1b/128
Jun 24 13:35:03 ubuntu NetworkManager[3206]: <info>   nameserver 'fdbf:946a:5c97:1::1:13'
Jun 24 13:35:03 ubuntu NetworkManager[3206]: <info>   domain search 'quarantine.vima.austin.tx.us.'
Jun 24 13:35:03 ubuntu NetworkManager[3206]: <info> Activation (eth1) Stage 5 of 5 (IPv6 Commit) scheduled...
Jun 24 13:35:03 ubuntu NetworkManager[3206]: <info> Activation (eth1) Stage 5 of 5 (IPv6 Commit) started...
Jun 24 13:35:04 ubuntu NetworkManager[3206]: <info> (eth1): device state change: ip-config -> secondaries (reason 'none') [70 90 0]
Jun 24 13:35:04 ubuntu NetworkManager[3206]: <info> Activation (eth1) Stage 5 of 5 (IPv6 Commit) complete.
Jun 24 13:35:04 ubuntu NetworkManager[3206]: <info> (eth1): device state change: secondaries -> activated (reason 'none') [90 100 0]
Jun 24 13:35:04 ubuntu NetworkManager[3206]: <info> NetworkManager state is now CONNECTED_GLOBAL
Jun 24 13:35:04 ubuntu NetworkManager[3206]: <error> [1498311304.543904] [nm-system.c:1266] nm_system_replace_default_ip6_route(): (eth1): failed to set IPv6 default route: -7
Jun 24 13:35:04 ubuntu NetworkManager[3206]: <info> Policy set 'Wired connection 2' (eth1) as default for IPv6 routing and DNS.
Jun 24 13:35:04 ubuntu NetworkManager[3206]: <info> DNS: starting dnsmasq...
Jun 24 13:35:04 ubuntu NetworkManager[3206]: <warn> dnsmasq not available on the bus, can't update servers.
Jun 24 13:35:04 ubuntu NetworkManager[3206]: <error> [1498311304.611387] [nm-dns-dnsmasq.c:396] update(): dnsmasq owner not found on bus: Could not get owner of name 'org.freedesktop.NetworkManager.dnsmasq': no such name
Jun 24 13:35:04 ubuntu NetworkManager[3206]: <warn> DNS: plugin dnsmasq update failed
Jun 24 13:35:04 ubuntu NetworkManager[3206]: <info> Writing DNS information to /sbin/resolvconf
Jun 24 13:35:04 ubuntu dhclient: DHCPDISCOVER on eth1 to 255.255.255.255 port 67 interval 8 (xid=0xf69ca77d)
Jun 24 13:35:04 ubuntu dnsmasq[3782]: started, version 2.68 cache disabled
Jun 24 13:35:04 ubuntu dnsmasq[3782]: compile time options: IPv6 GNU-getopt DBus i18n IDN DHCP DHCPv6 no-Lua TFTP conntrack ipset auth
Jun 24 13:35:04 ubuntu dnsmasq[3782]: DBus support enabled: connected to system bus
Jun 24 13:35:04 ubuntu dnsmasq[3782]: warning: no upstream servers configured
Jun 24 13:35:05 ubuntu NetworkManager[3206]: <info> Activation (eth1) successful, device activated.
Jun 24 13:35:05 ubuntu dbus[2841]: [system] Activating service name='org.freedesktop.nm_dispatcher' (using servicehelper)
Jun 24 13:35:05 ubuntu NetworkManager[3206]: <warn> dnsmasq appeared on DBus: :1.18
Jun 24 13:35:05 ubuntu NetworkManager[3206]: <info> Writing DNS information to /sbin/resolvconf
Jun 24 13:35:05 ubuntu dnsmasq[3782]: setting upstream servers from DBus
Jun 24 13:35:05 ubuntu dnsmasq[3782]: using nameserver fdbf:946a:5c97:1::1:13#53
Jun 24 13:35:05 ubuntu dbus[2841]: [system] Successfully activated service 'org.freedesktop.nm_dispatcher'
Jun 24 13:35:06 ubuntu ntpdate[3931]: no servers can be used, exiting
Jun 24 13:35:06 ubuntu NetworkManager[3206]: <info> WiFi hardware radio set enabled
Jun 24 13:35:08 ubuntu kernel: [   55.716821] init: plymouth-upstart-bridge main process ended, respawning
Jun 24 13:35:08 ubuntu kernel: [   55.827147] init: plymouth-upstart-bridge main process (3969) terminated with status 1
Jun 24 13:35:08 ubuntu kernel: [   55.827197] init: plymouth-upstart-bridge main process ended, respawning
Jun 24 13:35:09 ubuntu dbus[2841]: [system] Activating service name='org.freedesktop.Accounts' (using servicehelper)
Jun 24 13:35:09 ubuntu accounts-daemon[4032]: started daemon version 0.6.35
Jun 24 13:35:09 ubuntu dbus[2841]: [system] Successfully activated service 'org.freedesktop.Accounts'
Jun 24 13:35:10 ubuntu dbus[2841]: [system] Activating service name='org.freedesktop.UPower' (using servicehelper)
Jun 24 13:35:10 ubuntu dbus[2841]: [system] Successfully activated service 'org.freedesktop.UPower'
Jun 24 13:35:11 ubuntu dbus[2841]: [system] Activating service name='org.freedesktop.systemd1' (using servicehelper)
Jun 24 13:35:11 ubuntu dbus[2841]: [system] Activating service name='org.freedesktop.RealtimeKit1' (using servicehelper)
Jun 24 13:35:11 ubuntu dbus[2841]: [system] Successfully activated service 'org.freedesktop.RealtimeKit1'
Jun 24 13:35:11 ubuntu rtkit-daemon[4150]: Successfully called chroot.
Jun 24 13:35:11 ubuntu rtkit-daemon[4150]: Successfully dropped privileges.
Jun 24 13:35:11 ubuntu rtkit-daemon[4150]: Successfully limited resources.
Jun 24 13:35:11 ubuntu rtkit-daemon[4150]: Running.
Jun 24 13:35:11 ubuntu rtkit-daemon[4150]: Successfully made thread 4147 of process 4147 (n/a) owned by '999' high priority at nice level -11.
Jun 24 13:35:11 ubuntu rtkit-daemon[4150]: Watchdog thread running.
Jun 24 13:35:11 ubuntu rtkit-daemon[4150]: Supervising 1 threads of 1 processes of 1 users.
Jun 24 13:35:11 ubuntu rtkit-daemon[4150]: Canary thread running.
Jun 24 13:35:11 ubuntu dbus[2841]: [system] Successfully activated service 'org.freedesktop.systemd1'
Jun 24 13:35:11 ubuntu pulseaudio[4147]: [pulseaudio] alsa-util.c: Disabling timer-based scheduling because running inside a VM.
Jun 24 13:35:12 ubuntu rtkit-daemon[4150]: Successfully made thread 4180 of process 4147 (n/a) owned by '999' RT at priority 5.
Jun 24 13:35:12 ubuntu rtkit-daemon[4150]: Supervising 2 threads of 1 processes of 1 users.
Jun 24 13:35:12 ubuntu rtkit-daemon[4150]: Successfully made thread 4185 of process 4147 (n/a) owned by '999' RT at priority 5.
Jun 24 13:35:12 ubuntu rtkit-daemon[4150]: Supervising 3 threads of 1 processes of 1 users.
Jun 24 13:35:12 ubuntu dhclient: DHCPDISCOVER on eth1 to 255.255.255.255 port 67 interval 9 (xid=0xf69ca77d)
Jun 24 13:35:13 ubuntu dbus[2841]: [system] Activating service name='org.freedesktop.PolicyKit1' (using servicehelper)
Jun 24 13:35:13 ubuntu polkitd[4233]: started daemon version 0.105 using authority implementation `local' version `0.105'
Jun 24 13:35:13 ubuntu dbus[2841]: [system] Successfully activated service 'org.freedesktop.PolicyKit1'
Jun 24 13:35:17 ubuntu dbus[2841]: [system] Activating service name='org.freedesktop.ColorManager' (using servicehelper)
Jun 24 13:35:17 ubuntu colord: Using config file /etc/colord.conf
Jun 24 13:35:17 ubuntu colord: Using mapping database file /var/lib/colord/mapping.db
Jun 24 13:35:17 ubuntu colord: Using device database file /var/lib/colord/storage.db
Jun 24 13:35:17 ubuntu colord: loaded plugin libcd_plugin_camera.so
Jun 24 13:35:17 ubuntu colord: plugin /usr/lib/x86_64-linux-gnu/colord-plugins/libcd_plugin_sane.so not loaded: plugin refused to load
Jun 24 13:35:17 ubuntu colord: loaded plugin libcd_plugin_scanner.so
Jun 24 13:35:17 ubuntu colord: Daemon ready for requests
Jun 24 13:35:17 ubuntu dbus[2841]: [system] Successfully activated service 'org.freedesktop.ColorManager'
Jun 24 13:35:17 ubuntu colord: Profile added: icc-c3e6382fa9b2d31b01b736f6f97aac3a
Jun 24 13:35:17 ubuntu colord: Profile added: icc-3a34aa6c3d1fb1ef63ff41e04ee00979
Jun 24 13:35:17 ubuntu colord: Profile added: icc-d6490883a866e4059370e1de1d840283
Jun 24 13:35:17 ubuntu colord: Profile added: icc-526fbc9bdf0d7156c553998d47a3b5fc
Jun 24 13:35:17 ubuntu colord: Profile added: icc-6a245ab2d8892e2e56232af93cd48b81
Jun 24 13:35:17 ubuntu colord: Profile added: icc-a1d13bd5309e0f06ceda6f0d75367823
Jun 24 13:35:17 ubuntu colord: Profile added: icc-a10be98be58460669fcdc6946939b7cf
Jun 24 13:35:17 ubuntu colord: Profile added: icc-523e494bc2f53c53d51d0758b07f4879
Jun 24 13:35:17 ubuntu colord: Profile added: icc-f64a1f19ce07290b35a752b00217b684
Jun 24 13:35:17 ubuntu colord: Profile added: icc-fb0ac62618f016ed9b92ce239258efa8
Jun 24 13:35:17 ubuntu colord: Profile added: icc-d4a7a2bd8ddaacf10e275e3db31d72b8
Jun 24 13:35:17 ubuntu colord: Profile added: icc-3bd2261b1125a0fd9ebf827a2d1bed84
Jun 24 13:35:17 ubuntu colord: Profile added: icc-0720e7cdbc792b77c0740c39f325ef9e
Jun 24 13:35:17 ubuntu colord: Profile added: icc-df7c0067b1eb9bcc9fc9b33bc3a797eb
Jun 24 13:35:17 ubuntu colord: Profile added: icc-57f0d896250f6f98f77ca1b0d19019c0
Jun 24 13:35:17 ubuntu colord: Profile added: icc-2f1f11ecd613fe5551420fcaf5b11ff8
Jun 24 13:35:17 ubuntu colord: Profile added: icc-72f5b1cba915b68ea75cc843e270df5a
Jun 24 13:35:17 ubuntu colord: Profile added: icc-0383c34650771ce95ef93fe916867725
Jun 24 13:35:17 ubuntu colord: Profile added: icc-6ad6d63767ce0393245528ada92f1cb2
Jun 24 13:35:17 ubuntu colord: Profile added: icc-c227f46f246694ba9971f270cb61a0c1
Jun 24 13:35:17 ubuntu colord: Profile added: icc-b0701c2ccf059287d0b067464df8bda9
Jun 24 13:35:17 ubuntu colord: Profile added: icc-ea421e3a65cfa796e2732ce36086e327
Jun 24 13:35:17 ubuntu colord: Profile added: icc-353a6bcabda00f04b6988f89126ce6f5
Jun 24 13:35:17 ubuntu colord: Profile added: icc-654b99c87e67edb1c1cfb0dcb7fa9d04
Jun 24 13:35:17 ubuntu dbus[2841]: [system] Activating service name='org.freedesktop.locale1' (using servicehelper)
Jun 24 13:35:17 ubuntu dbus[2841]: [system] Successfully activated service 'org.freedesktop.locale1'
Jun 24 13:35:17 ubuntu colord: Device added: xrandr-VBOX monitor-39322400
Jun 24 13:35:19 ubuntu ubiquity[4223]: Ubiquity 2.18.8.13
Jun 24 13:35:22 ubuntu colord: Automatic metadata add icc-b204e0119099f030cab52cb67d2f6b51 to xrandr-VBOX monitor-39322400
Jun 24 13:35:22 ubuntu colord: Profile added: icc-b204e0119099f030cab52cb67d2f6b51
Jun 24 13:35:28 ubuntu ubiquity[4223]: switched to page language
Jun 24 13:35:21 ubuntu dhclient: DHCPDISCOVER on eth1 to 255.255.255.255 port 67 interval 9 (xid=0xf69ca77d)
Jun 24 13:35:30 ubuntu dhclient: DHCPDISCOVER on eth1 to 255.255.255.255 port 67 interval 13 (xid=0xf69ca77d)
Jun 24 13:35:32 ubuntu localechooser: info: debian-installer/language preseeded to 'en' (seen: true)
Jun 24 13:35:32 ubuntu localechooser: info: debian-installer/country preseeded to 'US' (seen: true)
Jun 24 13:35:32 ubuntu localechooser: info: debian-installer/locale preseeded to 'en_US.UTF-8' (seen: true)
Jun 24 13:35:32 ubuntu localechooser: info: Preseeded language ignored: unknown language code
Jun 24 13:35:32 ubuntu localechooser: info: Language = 'en'
Jun 24 13:35:32 ubuntu localechooser: info: line=en;0;US;UTF-8;en_US.UTF-8;;console-setup
Jun 24 13:35:32 ubuntu localechooser: info: Set debian-installer/language = 'en'
Jun 24 13:35:32 ubuntu localechooser: info: Default country = 'US'
Jun 24 13:35:32 ubuntu localechooser: info: Default locale = 'en_US.UTF-8'
Jun 24 13:35:32 ubuntu localechooser: info: Set debian-installer/consoledisplay = 'console-setup'
Jun 24 13:35:32 ubuntu localechooser: info: Set debian-installer/country = 'US'
Jun 24 13:35:33 ubuntu localechooser: info: Set debian-installer/locale = 'en_US.UTF-8'
Jun 24 13:35:33 ubuntu localechooser: info: System locale (debian-installer/locale) = 'en_US.UTF-8'
Jun 24 13:35:35 ubuntu ubiquity[4223]: debconffilter_done: ubi-language (current: ubi-language)
Jun 24 13:35:35 ubuntu ubiquity[4223]: Step_before = stepLanguage
Jun 24 13:35:35 ubuntu activate-dmraid: No Serial ATA RAID disks detected
Jun 24 13:35:36 ubuntu kernel: [   83.671407] raid6: sse2x1   gen()  5265 MB/s
Jun 24 13:35:36 ubuntu kernel: [   83.745367] raid6: sse2x1   xor()  5314 MB/s
Jun 24 13:35:36 ubuntu kernel: [   83.826515] raid6: sse2x2   gen()  6204 MB/s
Jun 24 13:35:36 ubuntu kernel: [   83.896504] raid6: sse2x2   xor()  6405 MB/s
Jun 24 13:35:36 ubuntu kernel: [   83.966509] raid6: sse2x4   gen()  8767 MB/s
Jun 24 13:35:36 ubuntu kernel: [   84.036520] raid6: sse2x4   xor()  6883 MB/s
Jun 24 13:35:36 ubuntu kernel: [   84.036524] raid6: using algorithm sse2x4 gen() 8767 MB/s
Jun 24 13:35:36 ubuntu kernel: [   84.036525] raid6: .... xor() 6883 MB/s, rmw enabled
Jun 24 13:35:36 ubuntu kernel: [   84.036526] raid6: using ssse3x2 recovery algorithm
Jun 24 13:35:36 ubuntu kernel: [   84.053724] xor: measuring software checksum speed
Jun 24 13:35:36 ubuntu kernel: [   84.116504]    prefetch64-sse: 33006.000 MB/sec
Jun 24 13:35:36 ubuntu kernel: [   84.175203]    generic_sse: 23376.000 MB/sec
Jun 24 13:35:36 ubuntu kernel: [   84.175207] xor: using function: prefetch64-sse (33006.000 MB/sec)
Jun 24 13:35:36 ubuntu kernel: [   84.274036] Btrfs loaded
Jun 24 13:35:37 ubuntu kernel: [   84.443112] JFS: nTxBlock = 7941, nTxLock = 63529
Jun 24 13:35:37 ubuntu kernel: [   84.584763] SGI XFS with ACLs, security attributes, realtime, no debug enabled
Jun 24 13:35:37 ubuntu partman:   No matching physical volumes found
Jun 24 13:35:37 ubuntu partman:   Reading all physical volumes.  This may take a while...
Jun 24 13:35:37 ubuntu partman:   
Jun 24 13:35:37 ubuntu partman: No volume groups found
Jun 24 13:35:37 ubuntu partman: 
Jun 24 13:35:37 ubuntu partman-lvm:   
Jun 24 13:35:37 ubuntu partman-lvm: No volume groups found
Jun 24 13:35:37 ubuntu partman-lvm: 
Jun 24 13:35:40 ubuntu NetworkManager[3206]: <warn> (eth1): DHCPv4 request timed out.
Jun 24 13:35:40 ubuntu NetworkManager[3206]: <info> (eth1): canceled DHCP transaction, DHCP client pid 3232
Jun 24 13:35:40 ubuntu NetworkManager[3206]: <info> Activation (eth1) Stage 4 of 5 (IPv4 Configure Timeout) scheduled...
Jun 24 13:35:40 ubuntu NetworkManager[3206]: <info> Activation (eth1) Stage 4 of 5 (IPv4 Configure Timeout) started...
Jun 24 13:35:40 ubuntu NetworkManager[3206]: <info> Activation (eth1) Stage 4 of 5 (IPv4 Configure Timeout) complete.
Jun 24 13:35:42 ubuntu ubiquity: /var/lib/partman/devices/=dev=sdc
Jun 24 13:35:49 ubuntu ubiquity: stat: 
Jun 24 13:35:49 ubuntu ubiquity: cannot stat /dev/ubuntu-vg
Jun 24 13:35:49 ubuntu ubiquity: : No such file or directory
Jun 24 13:35:49 ubuntu ubiquity: 
Jun 24 13:35:49 ubuntu partman-lvm:   Physical volume "/dev/sdc1" successfully created
Jun 24 13:35:50 ubuntu partman-lvm:   Volume group "vg-data" successfully created
Jun 24 13:35:52 ubuntu partman-lvm:   Logical volume "var" created
Jun 24 13:35:57 ubuntu partman-lvm:   Physical volume "/dev/sdb1" successfully created
Jun 24 13:35:58 ubuntu partman-lvm:   Volume group "vg-home" successfully created
Jun 24 13:35:59 ubuntu partman-lvm:   Logical volume "iso" created
Jun 24 13:36:06 ubuntu partman-lvm:   Physical volume "/dev/sda2" successfully created
Jun 24 13:36:07 ubuntu partman-lvm:   Volume group "vg-system" successfully created
Jun 24 13:36:08 ubuntu partman-lvm:   Logical volume "linux-swap" created
Jun 24 13:36:09 ubuntu partman-lvm:   Logical volume "root" created
Jun 24 13:36:18 ubuntu kernel: [  126.187491] unity-settings-[4008]: segfault at 0 ip 00007fefe151975b sp 00007ffe0f659720 error 4 in libpower.so[7fefe1510000+19000]
Jun 24 13:36:31 ubuntu kernel: [  138.885426] ntfs: driver 2.1.32 [Flags: R/O MODULE].
Jun 24 13:36:31 ubuntu kernel: [  139.027710] QNX4 filesystem 0.2.3 registered.
Jun 24 13:36:32 ubuntu os-prober:   
Jun 24 13:36:32 ubuntu os-prober: stdin: fdopen failed: Invalid argument
Jun 24 13:36:32 ubuntu os-prober: 
Jun 24 13:36:32 ubuntu os-prober:   
Jun 24 13:36:32 ubuntu os-prober: stdin: fclose failed: Invalid argument
Jun 24 13:36:32 ubuntu os-prober: 
Jun 24 13:36:32 ubuntu os-prober:   
Jun 24 13:36:32 ubuntu os-prober: stdin: fdopen failed: Invalid argument
Jun 24 13:36:32 ubuntu os-prober: 
Jun 24 13:36:32 ubuntu os-prober: debug: running /usr/lib/os-probes/50mounted-tests on /dev/sda1
Jun 24 13:36:32 ubuntu 50mounted-tests: debug: /dev/sda1 type not recognised; skipping
Jun 24 13:36:32 ubuntu os-prober: debug: os detected by /usr/lib/os-probes/50mounted-tests
Jun 24 13:36:32 ubuntu os-prober: debug: running /usr/lib/os-probes/50mounted-tests on /dev/sda2
Jun 24 13:36:32 ubuntu os-prober: debug: running /usr/lib/os-probes/50mounted-tests on /dev/sdb1
Jun 24 13:36:32 ubuntu os-prober: debug: running /usr/lib/os-probes/50mounted-tests on /dev/sdc1
Jun 24 13:36:34 ubuntu ubiquity[4223]: debconffilter_done: ubi-partman (current: ubi-partman)
Jun 24 13:36:34 ubuntu ubiquity[4223]: Step_before = stepLanguage
Jun 24 13:36:34 ubuntu localechooser: info: debian-installer/language preseeded to 'en' (seen: false)
Jun 24 13:36:34 ubuntu localechooser: info: debian-installer/country preseeded to 'US' (seen: true)
Jun 24 13:36:34 ubuntu localechooser: info: debian-installer/locale preseeded to 'en_US.UTF-8' (seen: true)
Jun 24 13:36:34 ubuntu localechooser: info: Preseeded language ignored: unknown language code
Jun 24 13:36:34 ubuntu localechooser: info: Language = 'en'
Jun 24 13:36:34 ubuntu localechooser: info: line=en;0;US;UTF-8;en_US.UTF-8;;console-setup
Jun 24 13:36:34 ubuntu localechooser: info: Set debian-installer/language = 'en'
Jun 24 13:36:34 ubuntu localechooser: info: Default country = 'US'
Jun 24 13:36:34 ubuntu localechooser: info: Default locale = 'en_US.UTF-8'
Jun 24 13:36:34 ubuntu localechooser: info: Set debian-installer/consoledisplay = 'console-setup'
Jun 24 13:36:35 ubuntu localechooser: info: Set debian-installer/country = 'US'
Jun 24 13:36:36 ubuntu localechooser: info: Set debian-installer/locale = 'en_US.UTF-8'
Jun 24 13:36:36 ubuntu localechooser: info: System locale (debian-installer/locale) = 'en_US.UTF-8'
Jun 24 13:36:36 ubuntu ubiquity[4223]: debconffilter_done: ubi-timezone (current: ubi-timezone)
Jun 24 13:36:36 ubuntu ubiquity[4223]: Step_before = stepLanguage
Jun 24 13:36:40 ubuntu ubiquity[4223]: log-output -t ubiquity setxkbmap -model pc105 -layout us -option 
Jun 24 13:36:43 ubuntu ubiquity: Your console font configuration will be updated the next time your system
Jun 24 13:36:43 ubuntu ubiquity: boots. If you want to update it now, run 'setupcon' from a virtual console.
Jun 24 13:36:43 ubuntu ubiquity[4223]: log-output -t ubiquity setxkbmap -model pc105 -layout us -option 
Jun 24 13:36:43 ubuntu ubiquity[4223]: debconffilter_done: ubi-console-setup (current: ubi-console-setup)
Jun 24 13:36:43 ubuntu ubiquity[4223]: Step_before = stepLanguage
Jun 24 13:36:44 ubuntu ubiquity[4223]: debconffilter_done: ubi-usersetup (current: ubi-usersetup)
Jun 24 13:36:44 ubuntu ubiquity[4223]: Step_before = stepLanguage
Jun 24 13:36:48 ubuntu colord: device removed: xrandr-VBOX monitor-39322400
Jun 24 13:36:48 ubuntu colord: Profile removed: icc-b204e0119099f030cab52cb67d2f6b51
Jun 24 13:36:48 ubuntu partman: mkswap: 
Jun 24 13:36:48 ubuntu partman: /dev/mapper/vg--system-linux--swap: warning: don't erase bootbits sectors
Jun 24 13:36:48 ubuntu partman: 
Jun 24 13:36:48 ubuntu partman:         on whole disk. 
Jun 24 13:36:48 ubuntu partman: Use -f to force.
Jun 24 13:36:49 ubuntu kernel: [  156.694403] Adding 1728508k swap on /dev/mapper/vg--system-linux--swap.  Priority:-1 extents:1 across:1728508k FS
Jun 24 13:36:50 ubuntu partman: mke2fs 1.42.9 (4-Feb-2014)
Jun 24 13:36:51 ubuntu partman: mke2fs 1.42.9 (4-Feb-2014)
Jun 24 13:36:51 ubuntu partman: mke2fs 1.42.9 (4-Feb-2014)
Jun 24 13:36:53 ubuntu partman: mke2fs 1.42.9 (4-Feb-2014)
Jun 24 13:36:55 ubuntu kernel: [  162.554670] EXT4-fs (dm-3): mounted filesystem with ordered data mode. Opts: errors=remount-ro
Jun 24 13:36:55 ubuntu kernel: [  162.633474] EXT4-fs (sda1): mounted filesystem with ordered data mode. Opts: (null)
Jun 24 13:36:55 ubuntu kernel: [  162.690900] EXT4-fs (dm-1): mounted filesystem with ordered data mode. Opts: (null)
Jun 24 13:36:55 ubuntu kernel: [  162.769653] EXT4-fs (dm-0): mounted filesystem with ordered data mode. Opts: (null)
Jun 24 13:36:59 ubuntu ubiquity[4223]: debconffilter_done: ubiquity.components.partman_commit (current: None)
Jun 24 13:37:00 ubuntu /install.py: keeping packages due to preseeding: 
Jun 24 13:37:00 ubuntu /install.py: keeping language packs for: en_US.UTF-8
Jun 24 13:39:18 ubuntu ubuntu[15765]: Aubrey from gnome-terminal
Jun 24 13:40:42 ubuntu ubiquity[4223]: debconffilter_done: ubiquity.components.install (current: None)
Jun 24 13:40:51 ubuntu /plugininstall.py: log-output -t ubiquity chroot /target python2.7 /usr/lib/python2.7/py_compile.py
Jun 24 13:40:51 ubuntu /plugininstall.py: log-output -t ubiquity chroot /target python2.7 /usr/lib/python2.7/py_compile.py
Jun 24 13:40:52 ubuntu /plugininstall.py: log-output -t ubiquity chroot /target python3.4 /usr/lib/python3.4/py_compile.py
Jun 24 13:40:52 ubuntu ubiquity: Listing /usr/share/python/ ...
Jun 24 13:40:52 ubuntu ubiquity: Listing /usr/share/python/debpython ...
Jun 24 13:40:52 ubuntu ubiquity: Compiling /usr/share/python/debpython/__init__.py ...
Jun 24 13:40:52 ubuntu ubiquity: Compiling /usr/share/python/debpython/debhelper.py ...
Jun 24 13:40:52 ubuntu ubiquity: Compiling /usr/share/python/debpython/depends.py ...
Jun 24 13:40:52 ubuntu ubiquity: Compiling /usr/share/python/debpython/files.py ...
Jun 24 13:40:52 ubuntu ubiquity: Compiling /usr/share/python/debpython/namespace.py ...
Jun 24 13:40:52 ubuntu ubiquity: Compiling /usr/share/python/debpython/option.py ...
Jun 24 13:40:52 ubuntu ubiquity: Compiling /usr/share/python/debpython/pydist.py ...
Jun 24 13:40:52 ubuntu ubiquity: Compiling /usr/share/python/debpython/tools.py ...
Jun 24 13:40:52 ubuntu ubiquity: Compiling /usr/share/python/debpython/version.py ...
Jun 24 13:40:52 ubuntu ubiquity: Listing /usr/share/python/dist ...
Jun 24 13:40:52 ubuntu ubiquity: Compiling /usr/share/python/pyversions.py ...
Jun 24 13:40:52 ubuntu ubiquity: Listing /usr/share/python/runtime.d ...
Jun 24 13:40:52 ubuntu /plugininstall.py: log-output -t ubiquity chroot /target python3.4 /usr/lib/python3.4/py_compile.py
Jun 24 13:40:52 ubuntu /plugininstall.py: log-output -t ubiquity chroot /target python2.7 -m compileall /usr/share/python/
Jun 24 13:40:53 ubuntu /plugininstall.py: log-output -t ubiquity chroot /target py3compile -p python3 /usr/share/python3/
Jun 24 13:40:53 ubuntu /plugininstall.py: log-output -t ubiquity chroot /target mount -t proc proc /proc
Jun 24 13:40:53 ubuntu /plugininstall.py: log-output -t ubiquity chroot /target mount -t sysfs sysfs /sys
Jun 24 13:40:53 ubuntu /plugininstall.py: log-output -t ubiquity mount --bind /dev /target/dev
Jun 24 13:40:54 ubuntu /plugininstall.py: log-output -t ubiquity mount --bind /run /target/run
Jun 24 13:41:03 ubuntu /plugininstall.py: log-output -t ubiquity chroot /target /usr/share/python/runtime.d/public_modules.rtinstall rtinstall python2.7  2.7.6-8ubuntu0.2
Jun 24 13:41:03 ubuntu /plugininstall.py: log-output -t ubiquity chroot /target /usr/share/python/runtime.d/totem-plugins.rtupdate pre-rtupdate python2.7 python2.7
Jun 24 13:41:03 ubuntu /plugininstall.py: log-output -t ubiquity chroot /target /usr/share/python/runtime.d/ibus-pinyin.rtupdate pre-rtupdate python2.7 python2.7
Jun 24 13:41:03 ubuntu /plugininstall.py: log-output -t ubiquity chroot /target /usr/share/python/runtime.d/apt-xapian-index.rtupdate pre-rtupdate python2.7 python2.7
Jun 24 13:41:03 ubuntu /plugininstall.py: log-output -t ubiquity chroot /target /usr/share/python/runtime.d/apport.rtupdate pre-rtupdate python2.7 python2.7
Jun 24 13:41:03 ubuntu /plugininstall.py: log-output -t ubiquity chroot /target /usr/share/python/runtime.d/hplip-data.rtupdate pre-rtupdate python2.7 python2.7
Jun 24 13:41:03 ubuntu /plugininstall.py: log-output -t ubiquity chroot /target /usr/share/python/runtime.d/software-center.rtupdate pre-rtupdate python2.7 python2.7
Jun 24 13:41:03 ubuntu /plugininstall.py: log-output -t ubiquity chroot /target /usr/share/python/runtime.d/ibus-table.rtupdate pre-rtupdate python2.7 python2.7
Jun 24 13:41:03 ubuntu /plugininstall.py: log-output -t ubiquity chroot /target /usr/share/python/runtime.d/ibus.rtupdate pre-rtupdate python2.7 python2.7
Jun 24 13:41:03 ubuntu /plugininstall.py: log-output -t ubiquity chroot /target /usr/share/python/runtime.d/totem.rtupdate pre-rtupdate python2.7 python2.7
Jun 24 13:41:04 ubuntu /plugininstall.py: log-output -t ubiquity chroot /target /usr/share/python/runtime.d/totem-plugins.rtupdate rtupdate python2.7 python2.7
Jun 24 13:41:05 ubuntu /plugininstall.py: log-output -t ubiquity chroot /target /usr/share/python/runtime.d/ibus-pinyin.rtupdate rtupdate python2.7 python2.7
Jun 24 13:41:05 ubuntu /plugininstall.py: log-output -t ubiquity chroot /target /usr/share/python/runtime.d/apt-xapian-index.rtupdate rtupdate python2.7 python2.7
Jun 24 13:41:06 ubuntu /plugininstall.py: log-output -t ubiquity chroot /target /usr/share/python/runtime.d/apport.rtupdate rtupdate python2.7 python2.7
Jun 24 13:41:07 ubuntu /plugininstall.py: log-output -t ubiquity chroot /target /usr/share/python/runtime.d/hplip-data.rtupdate rtupdate python2.7 python2.7
Jun 24 13:41:09 ubuntu /plugininstall.py: log-output -t ubiquity chroot /target /usr/share/python/runtime.d/software-center.rtupdate rtupdate python2.7 python2.7
Jun 24 13:41:09 ubuntu /plugininstall.py: log-output -t ubiquity chroot /target /usr/share/python/runtime.d/ibus-table.rtupdate rtupdate python2.7 python2.7
Jun 24 13:41:10 ubuntu /plugininstall.py: log-output -t ubiquity chroot /target /usr/share/python/runtime.d/ibus.rtupdate rtupdate python2.7 python2.7
Jun 24 13:41:10 ubuntu /plugininstall.py: log-output -t ubiquity chroot /target /usr/share/python/runtime.d/totem.rtupdate rtupdate python2.7 python2.7
Jun 24 13:41:10 ubuntu /plugininstall.py: log-output -t ubiquity chroot /target /usr/share/python/runtime.d/totem-plugins.rtupdate post-rtupdate python2.7 python2.7
Jun 24 13:41:10 ubuntu /plugininstall.py: log-output -t ubiquity chroot /target /usr/share/python/runtime.d/ibus-pinyin.rtupdate post-rtupdate python2.7 python2.7
Jun 24 13:41:10 ubuntu /plugininstall.py: log-output -t ubiquity chroot /target /usr/share/python/runtime.d/apt-xapian-index.rtupdate post-rtupdate python2.7 python2.7
Jun 24 13:41:10 ubuntu /plugininstall.py: log-output -t ubiquity chroot /target /usr/share/python/runtime.d/apport.rtupdate post-rtupdate python2.7 python2.7
Jun 24 13:41:10 ubuntu /plugininstall.py: log-output -t ubiquity chroot /target /usr/share/python/runtime.d/hplip-data.rtupdate post-rtupdate python2.7 python2.7
Jun 24 13:41:10 ubuntu /plugininstall.py: log-output -t ubiquity chroot /target /usr/share/python/runtime.d/software-center.rtupdate post-rtupdate python2.7 python2.7
Jun 24 13:41:10 ubuntu /plugininstall.py: log-output -t ubiquity chroot /target /usr/share/python/runtime.d/ibus-table.rtupdate post-rtupdate python2.7 python2.7
Jun 24 13:41:11 ubuntu /plugininstall.py: log-output -t ubiquity chroot /target /usr/share/python/runtime.d/ibus.rtupdate post-rtupdate python2.7 python2.7
Jun 24 13:41:11 ubuntu /plugininstall.py: log-output -t ubiquity chroot /target /usr/share/python/runtime.d/totem.rtupdate post-rtupdate python2.7 python2.7
Jun 24 13:41:18 ubuntu /plugininstall.py: log-output -t ubiquity chroot /target /usr/share/python3/runtime.d/public_modules.rtinstall rtinstall python3.4  3.4.3-1ubuntu1~14.04.3
Jun 24 13:41:18 ubuntu /plugininstall.py: log-output -t ubiquity chroot /target /usr/share/python3/runtime.d/rhythmbox-plugin-zeitgeist.rtupdate pre-rtupdate python3.4 python3.4
Jun 24 13:41:18 ubuntu /plugininstall.py: log-output -t ubiquity chroot /target /usr/share/python3/runtime.d/ubiquity-frontend-gtk.rtupdate pre-rtupdate python3.4 python3.4
Jun 24 13:41:18 ubuntu /plugininstall.py: log-output -t ubiquity chroot /target /usr/share/python3/runtime.d/dh-python.rtupdate pre-rtupdate python3.4 python3.4
Jun 24 13:41:18 ubuntu /plugininstall.py: log-output -t ubiquity chroot /target /usr/share/python3/runtime.d/ubuntu-drivers-common.rtupdate pre-rtupdate python3.4 python3.4
Jun 24 13:41:18 ubuntu /plugininstall.py: log-output -t ubiquity chroot /target /usr/share/python3/runtime.d/onboard.rtupdate pre-rtupdate python3.4 python3.4
Jun 24 13:41:18 ubuntu /plugininstall.py: log-output -t ubiquity chroot /target /usr/share/python3/runtime.d/rhythmbox-plugin-magnatune.rtupdate pre-rtupdate python3.4 python3.4
Jun 24 13:41:18 ubuntu /plugininstall.py: log-output -t ubiquity chroot /target /usr/share/python3/runtime.d/rhythmbox.rtupdate pre-rtupdate python3.4 python3.4
Jun 24 13:41:18 ubuntu /plugininstall.py: log-output -t ubiquity chroot /target /usr/share/python3/runtime.d/rhythmbox-plugins.rtupdate pre-rtupdate python3.4 python3.4
Jun 24 13:41:18 ubuntu /plugininstall.py: log-output -t ubiquity chroot /target /usr/share/python3/runtime.d/ubiquity.rtupdate pre-rtupdate python3.4 python3.4
Jun 24 13:41:19 ubuntu /plugininstall.py: log-output -t ubiquity chroot /target /usr/share/python3/runtime.d/rhythmbox-plugin-zeitgeist.rtupdate rtupdate python3.4 python3.4
Jun 24 13:41:20 ubuntu /plugininstall.py: log-output -t ubiquity chroot /target /usr/share/python3/runtime.d/ubiquity-frontend-gtk.rtupdate rtupdate python3.4 python3.4
Jun 24 13:41:21 ubuntu /plugininstall.py: log-output -t ubiquity chroot /target /usr/share/python3/runtime.d/dh-python.rtupdate rtupdate python3.4 python3.4
Jun 24 13:41:21 ubuntu /plugininstall.py: log-output -t ubiquity chroot /target /usr/share/python3/runtime.d/ubuntu-drivers-common.rtupdate rtupdate python3.4 python3.4
Jun 24 13:41:23 ubuntu /plugininstall.py: log-output -t ubiquity chroot /target /usr/share/python3/runtime.d/onboard.rtupdate rtupdate python3.4 python3.4
Jun 24 13:41:23 ubuntu /plugininstall.py: log-output -t ubiquity chroot /target /usr/share/python3/runtime.d/rhythmbox-plugin-magnatune.rtupdate rtupdate python3.4 python3.4
Jun 24 13:41:24 ubuntu /plugininstall.py: log-output -t ubiquity chroot /target /usr/share/python3/runtime.d/rhythmbox.rtupdate rtupdate python3.4 python3.4
Jun 24 13:41:25 ubuntu /plugininstall.py: log-output -t ubiquity chroot /target /usr/share/python3/runtime.d/rhythmbox-plugins.rtupdate rtupdate python3.4 python3.4
Jun 24 13:41:26 ubuntu /plugininstall.py: log-output -t ubiquity chroot /target /usr/share/python3/runtime.d/ubiquity.rtupdate rtupdate python3.4 python3.4
Jun 24 13:41:26 ubuntu /plugininstall.py: log-output -t ubiquity chroot /target /usr/share/python3/runtime.d/rhythmbox-plugin-zeitgeist.rtupdate post-rtupdate python3.4 python3.4
Jun 24 13:41:26 ubuntu /plugininstall.py: log-output -t ubiquity chroot /target /usr/share/python3/runtime.d/ubiquity-frontend-gtk.rtupdate post-rtupdate python3.4 python3.4
Jun 24 13:41:26 ubuntu /plugininstall.py: log-output -t ubiquity chroot /target /usr/share/python3/runtime.d/dh-python.rtupdate post-rtupdate python3.4 python3.4
Jun 24 13:41:26 ubuntu /plugininstall.py: log-output -t ubiquity chroot /target /usr/share/python3/runtime.d/ubuntu-drivers-common.rtupdate post-rtupdate python3.4 python3.4
Jun 24 13:41:26 ubuntu /plugininstall.py: log-output -t ubiquity chroot /target /usr/share/python3/runtime.d/onboard.rtupdate post-rtupdate python3.4 python3.4
Jun 24 13:41:26 ubuntu /plugininstall.py: log-output -t ubiquity chroot /target /usr/share/python3/runtime.d/rhythmbox-plugin-magnatune.rtupdate post-rtupdate python3.4 python3.4
Jun 24 13:41:26 ubuntu /plugininstall.py: log-output -t ubiquity chroot /target /usr/share/python3/runtime.d/rhythmbox.rtupdate post-rtupdate python3.4 python3.4
Jun 24 13:41:26 ubuntu /plugininstall.py: log-output -t ubiquity chroot /target /usr/share/python3/runtime.d/rhythmbox-plugins.rtupdate post-rtupdate python3.4 python3.4
Jun 24 13:41:27 ubuntu /plugininstall.py: log-output -t ubiquity chroot /target /usr/share/python3/runtime.d/ubiquity.rtupdate post-rtupdate python3.4 python3.4
Jun 24 13:41:27 ubuntu /plugininstall.py: log-output -t ubiquity chroot /target umount /sys
Jun 24 13:41:27 ubuntu /plugininstall.py: log-output -t ubiquity chroot /target umount /proc
Jun 24 13:41:27 ubuntu /plugininstall.py: log-output -t ubiquity umount /target/run
Jun 24 13:41:27 ubuntu /plugininstall.py: log-output -t ubiquity umount /target/dev
Jun 24 13:41:28 ubuntu localechooser: Generating locales...
Jun 24 13:41:28 ubuntu localechooser:   en_US.UTF-8... 
Jun 24 13:41:30 ubuntu localechooser: done
Jun 24 13:41:30 ubuntu localechooser: Generation complete.
Jun 24 13:41:30 ubuntu localechooser: Adding /usr/lib/locale/en_US.utf8
Jun 24 13:41:30 ubuntu localechooser: locale 'en_US.utf8' already exists
Jun 24 13:41:30 ubuntu localechooser: 
Jun 24 13:41:30 ubuntu localechooser: Generating locales...
Jun 24 13:41:30 ubuntu localechooser:   en_US.UTF-8... 
Jun 24 13:41:30 ubuntu localechooser: up-to-date
Jun 24 13:41:30 ubuntu localechooser: Generation complete.
Jun 24 13:41:31 ubuntu ubiquity: umount: /target/cdrom: not found
Jun 24 13:41:31 ubuntu ubiquity: 
Jun 24 13:41:31 ubuntu /plugininstall.py: log-output -t ubiquity umount /target/cdrom
Jun 24 13:41:31 ubuntu ubiquity: mount: warning: /target/cdrom seems to be mounted read-only.
Jun 24 13:41:31 ubuntu /plugininstall.py: log-output -t ubiquity mount --bind /cdrom /target/cdrom
Jun 24 13:41:31 ubuntu ubiquity: /usr/lib/ubiquity/apt-setup/generators/01setup: 9: /usr/lib/ubiquity/apt-setup/generators/01setup: 
Jun 24 13:41:31 ubuntu ubiquity: cannot open /target/etc/apt/sources.list: No such file
Jun 24 13:41:31 ubuntu ubiquity: 
Jun 24 13:41:34 ubuntu in-target: Reading package lists...
Jun 24 13:41:34 ubuntu in-target: 
Jun 24 13:41:36 ubuntu apt-setup: Using CD-ROM mount point /cdrom/
Jun 24 13:41:36 ubuntu apt-setup: Identifying... 
Jun 24 13:41:36 ubuntu apt-setup: [d4b85951d72bf6680ab31523f985ae87-2]
Jun 24 13:41:36 ubuntu apt-setup: Scanning disc for index files...
Jun 24 13:41:36 ubuntu apt-setup: Found 4 package indexes, 0 source indexes, 0 translation indexes and 1 signatures
Jun 24 13:41:36 ubuntu apt-setup: Found label 'Ubuntu 14.04.5 LTS _Trusty Tahr_ - Release amd64 (20160803)'
Jun 24 13:41:36 ubuntu apt-setup: This disc is called: 
Jun 24 13:41:36 ubuntu apt-setup: 'Ubuntu 14.04.5 LTS _Trusty Tahr_ - Release amd64 (20160803)'
Jun 24 13:41:36 ubuntu apt-setup: Copying package lists...
Jun 24 13:41:36 ubuntu apt-setup: gpgv: 
Jun 24 13:41:36 ubuntu apt-setup: Signature made Wed 03 Aug 2016 05:49:26 PM UTC using DSA key ID FBB75451
Jun 24 13:41:36 ubuntu apt-setup: gpgv: 
Jun 24 13:41:36 ubuntu apt-setup: Good signature from "Ubuntu CD Image Automatic Signing Key <cdimage@ubuntu.com>"
Jun 24 13:41:36 ubuntu apt-setup: 
Jun 24 13:41:36 ubuntu apt-setup: #015Reading Package Indexes... 0%#015
Jun 24 13:41:36 ubuntu apt-setup: #015Reading Package Indexes... Done#015
Jun 24 13:41:36 ubuntu apt-setup: 
Jun 24 13:41:36 ubuntu apt-setup: Writing new source list
Jun 24 13:41:36 ubuntu apt-setup: Source list entries for this disc are:
Jun 24 13:41:36 ubuntu apt-setup: deb cdrom:[Ubuntu 14.04.5 LTS _Trusty Tahr_ - Release amd64 (20160803)]/ trusty main restricted
Jun 24 13:41:36 ubuntu apt-setup: Repeat this process for the rest of the CDs in your set.
Jun 24 13:41:38 ubuntu in-target: Ign cdrom://Ubuntu 14.04.5 LTS _Trusty Tahr_ - Release amd64 (20160803) trusty InRelease
Jun 24 13:41:38 ubuntu in-target: Ign cdrom://Ubuntu 14.04.5 LTS _Trusty Tahr_ - Release amd64 (20160803) trusty/main Translation-en_US
Jun 24 13:41:38 ubuntu in-target: Ign cdrom://Ubuntu 14.04.5 LTS _Trusty Tahr_ - Release amd64 (20160803) trusty/main Translation-en
Jun 24 13:41:38 ubuntu in-target: Ign cdrom://Ubuntu 14.04.5 LTS _Trusty Tahr_ - Release amd64 (20160803) trusty/restricted Translation-en_US
Jun 24 13:41:38 ubuntu in-target: Ign cdrom://Ubuntu 14.04.5 LTS _Trusty Tahr_ - Release amd64 (20160803) trusty/restricted Translation-en
Jun 24 13:41:38 ubuntu in-target: Reading package lists...
Jun 24 13:41:38 ubuntu in-target: 
Jun 24 13:41:39 ubuntu choose-mirror[16619]: INFO: base system installable from CD; skipping mirror check
Jun 24 13:41:39 ubuntu choose-mirror[16619]: INFO: base system installable from CD; skipping architecture check
Jun 24 13:41:44 ubuntu in-target: Ign http://us.archive.ubuntu.com trusty InRelease
Jun 24 13:41:44 ubuntu in-target: Get:1 http://us.archive.ubuntu.com trusty-updates InRelease [65.9 kB]
Jun 24 13:41:44 ubuntu in-target: Get:2 http://us.archive.ubuntu.com trusty-backports InRelease [65.9 kB]
Jun 24 13:41:44 ubuntu in-target: Get:3 http://us.archive.ubuntu.com trusty Release.gpg [933 B]
Jun 24 13:41:44 ubuntu in-target: Get:4 http://us.archive.ubuntu.com trusty-updates/main Sources [400 kB]
Jun 24 13:41:45 ubuntu in-target: Get:5 http://us.archive.ubuntu.com trusty-updates/restricted Sources [6,331 B]
Jun 24 13:41:45 ubuntu in-target: Get:6 http://us.archive.ubuntu.com trusty-updates/universe Sources [184 kB]
Jun 24 13:41:45 ubuntu in-target: Get:7 http://us.archive.ubuntu.com trusty-updates/multiverse Sources [7,747 B]
Jun 24 13:41:45 ubuntu in-target: Get:8 http://us.archive.ubuntu.com trusty-updates/main amd64 Packages [991 kB]
Jun 24 13:41:46 ubuntu in-target: Get:9 http://us.archive.ubuntu.com trusty-updates/restricted amd64 Packages [17.1 kB]
Jun 24 13:41:46 ubuntu in-target: Get:10 http://us.archive.ubuntu.com trusty-updates/universe amd64 Packages [417 kB]
Jun 24 13:41:46 ubuntu in-target: Get:11 http://us.archive.ubuntu.com trusty-updates/multiverse amd64 Packages [14.3 kB]
Jun 24 13:41:46 ubuntu in-target: Get:12 http://us.archive.ubuntu.com trusty-updates/main i386 Packages [945 kB]
Jun 24 13:41:47 ubuntu in-target: Get:13 http://us.archive.ubuntu.com trusty-updates/restricted i386 Packages [16.9 kB]
Jun 24 13:41:47 ubuntu in-target: Get:14 http://us.archive.ubuntu.com trusty-updates/universe i386 Packages [418 kB]
Jun 24 13:41:47 ubuntu in-target: Get:15 http://us.archive.ubuntu.com trusty-updates/multiverse i386 Packages [14.6 kB]
Jun 24 13:41:47 ubuntu in-target: Get:16 http://us.archive.ubuntu.com trusty-updates/main Translation-en [489 kB]
Jun 24 13:41:47 ubuntu in-target: Get:17 http://us.archive.ubuntu.com trusty-updates/multiverse Translation-en [7,430 B]
Jun 24 13:41:47 ubuntu in-target: Get:18 http://us.archive.ubuntu.com trusty-updates/restricted Translation-en [3,978 B]
Jun 24 13:41:47 ubuntu in-target: Get:19 http://us.archive.ubuntu.com trusty-updates/universe Translation-en [223 kB]
Jun 24 13:41:48 ubuntu in-target: Get:20 http://us.archive.ubuntu.com trusty-backports/main Sources [9,712 B]
Jun 24 13:41:48 ubuntu in-target: Get:21 http://us.archive.ubuntu.com trusty-backports/restricted Sources [28 B]
Jun 24 13:41:48 ubuntu in-target: Get:22 http://us.archive.ubuntu.com trusty-backports/universe Sources [35.3 kB]
Jun 24 13:41:48 ubuntu in-target: Get:23 http://us.archive.ubuntu.com trusty-backports/multiverse Sources [1,898 B]
Jun 24 13:41:48 ubuntu in-target: Get:24 http://us.archive.ubuntu.com trusty-backports/main amd64 Packages [13.3 kB]
Jun 24 13:41:48 ubuntu in-target: Get:25 http://us.archive.ubuntu.com trusty-backports/restricted amd64 Packages [28 B]
Jun 24 13:41:48 ubuntu in-target: Get:26 http://us.archive.ubuntu.com trusty-backports/universe amd64 Packages [43.2 kB]
Jun 24 13:41:48 ubuntu in-target: Get:27 http://us.archive.ubuntu.com trusty-backports/multiverse amd64 Packages [1,571 B]
Jun 24 13:41:48 ubuntu in-target: Get:28 http://us.archive.ubuntu.com trusty-backports/main i386 Packages [13.3 kB]
Jun 24 13:41:48 ubuntu in-target: Get:29 http://us.archive.ubuntu.com trusty-backports/restricted i386 Packages [28 B]
Jun 24 13:41:48 ubuntu in-target: Get:30 http://us.archive.ubuntu.com trusty-backports/universe i386 Packages [43.2 kB]
Jun 24 13:41:48 ubuntu in-target: Get:31 http://us.archive.ubuntu.com trusty-backports/multiverse i386 Packages [1,552 B]
Jun 24 13:41:49 ubuntu in-target: Get:32 http://us.archive.ubuntu.com trusty-backports/main Translation-en [7,503 B]
Jun 24 13:41:49 ubuntu in-target: Get:33 http://us.archive.ubuntu.com trusty-backports/multiverse Translation-en [1,215 B]
Jun 24 13:41:49 ubuntu in-target: Get:34 http://us.archive.ubuntu.com trusty-backports/restricted Translation-en [28 B]
Jun 24 13:41:49 ubuntu in-target: Get:35 http://us.archive.ubuntu.com trusty-backports/universe Translation-en [36.8 kB]
Jun 24 13:41:49 ubuntu in-target: Get:36 http://us.archive.ubuntu.com trusty Release [58.5 kB]
Jun 24 13:41:49 ubuntu in-target: Get:37 http://us.archive.ubuntu.com trusty/main Sources [1,064 kB]
Jun 24 13:41:49 ubuntu in-target: Get:38 http://us.archive.ubuntu.com trusty/restricted Sources [5,433 B]
Jun 24 13:41:49 ubuntu in-target: Get:39 http://us.archive.ubuntu.com trusty/universe Sources [6,399 kB]
Jun 24 13:41:50 ubuntu in-target: Get:40 http://us.archive.ubuntu.com trusty/multiverse Sources [174 kB]
Jun 24 13:41:50 ubuntu in-target: Get:41 http://us.archive.ubuntu.com trusty/main amd64 Packages [1,350 kB]
Jun 24 13:41:50 ubuntu in-target: Get:42 http://us.archive.ubuntu.com trusty/restricted amd64 Packages [13.0 kB]
Jun 24 13:41:50 ubuntu in-target: Get:43 http://us.archive.ubuntu.com trusty/universe amd64 Packages [5,859 kB]
