Jun 25 11:42:35 ubuntu rsyslogd: [origin software="rsyslogd" swVersion="7.4.4" x-pid="3243" x-info="http://www.rsyslog.com"] start
Jun 25 11:42:35 ubuntu rsyslogd: rsyslogd's groupid changed to 104
Jun 25 11:42:35 ubuntu rsyslogd: rsyslogd's userid changed to 101
Jun 25 11:42:35 ubuntu rsyslogd-2039: Could no open output pipe '/dev/xconsole': No such file or directory [try http://www.rsyslog.com/e/2039 ]
Jun 25 11:42:35 ubuntu kernel: [    0.000000] Initializing cgroup subsys cpuset
Jun 25 11:42:35 ubuntu kernel: [    0.000000] Initializing cgroup subsys cpu
Jun 25 11:42:35 ubuntu kernel: [    0.000000] Initializing cgroup subsys cpuacct
Jun 25 11:42:35 ubuntu kernel: [    0.000000] Linux version 4.4.0-31-generic (buildd@lgw01-43) (gcc version 4.8.4 (Ubuntu 4.8.4-2ubuntu1~14.04.3) ) #50~14.04.1-Ubuntu SMP Wed Jul 13 01:07:32 UTC 2016 (Ubuntu 4.4.0-31.50~14.04.1-generic 4.4.13)
Jun 25 11:42:35 ubuntu kernel: [    0.000000] Command line: file=/cdrom/preseed/preseed.iounote-1 DEBCONF_DEBUG=5 auto=true ubiquity/reboot=true boot=casper automatic-ubiquity initrd=/casper/initrd.lz quiet splash noprompt noshell --
Jun 25 11:42:35 ubuntu kernel: [    0.000000] KERNEL supported cpus:
Jun 25 11:42:35 ubuntu kernel: [    0.000000]   Intel GenuineIntel
Jun 25 11:42:35 ubuntu kernel: [    0.000000]   AMD AuthenticAMD
Jun 25 11:42:35 ubuntu kernel: [    0.000000]   Centaur CentaurHauls
Jun 25 11:42:35 ubuntu kernel: [    0.000000] x86/fpu: Legacy x87 FPU detected.
Jun 25 11:42:35 ubuntu kernel: [    0.000000] x86/fpu: Using 'lazy' FPU context switches.
Jun 25 11:42:35 ubuntu kernel: [    0.000000] e820: BIOS-provided physical RAM map:
Jun 25 11:42:35 ubuntu kernel: [    0.000000] BIOS-e820: [mem 0x0000000000000000-0x000000000009fbff] usable
Jun 25 11:42:35 ubuntu kernel: [    0.000000] BIOS-e820: [mem 0x000000000009fc00-0x000000000009ffff] reserved
Jun 25 11:42:35 ubuntu kernel: [    0.000000] BIOS-e820: [mem 0x00000000000f0000-0x00000000000fffff] reserved
Jun 25 11:42:35 ubuntu kernel: [    0.000000] BIOS-e820: [mem 0x0000000000100000-0x000000003ffeffff] usable
Jun 25 11:42:35 ubuntu kernel: [    0.000000] BIOS-e820: [mem 0x000000003fff0000-0x000000003fffffff] ACPI data
Jun 25 11:42:35 ubuntu kernel: [    0.000000] BIOS-e820: [mem 0x00000000fec00000-0x00000000fec00fff] reserved
Jun 25 11:42:35 ubuntu kernel: [    0.000000] BIOS-e820: [mem 0x00000000fee00000-0x00000000fee00fff] reserved
Jun 25 11:42:35 ubuntu kernel: [    0.000000] BIOS-e820: [mem 0x00000000fffc0000-0x00000000ffffffff] reserved
Jun 25 11:42:35 ubuntu kernel: [    0.000000] NX (Execute Disable) protection: active
Jun 25 11:42:35 ubuntu kernel: [    0.000000] SMBIOS 2.5 present.
Jun 25 11:42:35 ubuntu kernel: [    0.000000] DMI: innotek GmbH VirtualBox/VirtualBox, BIOS VirtualBox 12/01/2006
Jun 25 11:42:35 ubuntu kernel: [    0.000000] Hypervisor detected: KVM
Jun 25 11:42:35 ubuntu kernel: [    0.000000] e820: update [mem 0x00000000-0x00000fff] usable ==> reserved
Jun 25 11:42:35 ubuntu kernel: [    0.000000] e820: remove [mem 0x000a0000-0x000fffff] usable
Jun 25 11:42:35 ubuntu kernel: [    0.000000] e820: last_pfn = 0x3fff0 max_arch_pfn = 0x400000000
Jun 25 11:42:35 ubuntu kernel: [    0.000000] MTRR default type: uncachable
Jun 25 11:42:35 ubuntu kernel: [    0.000000] MTRR variable ranges disabled:
Jun 25 11:42:35 ubuntu kernel: [    0.000000] x86/PAT: Configuration [0-7]: WB  WC  UC- UC  WB  WC  UC- WT  
Jun 25 11:42:35 ubuntu kernel: [    0.000000] MTRR: Disabled
Jun 25 11:42:35 ubuntu kernel: [    0.000000] CPU MTRRs all blank - virtualized system.
Jun 25 11:42:35 ubuntu kernel: [    0.000000] found SMP MP-table at [mem 0x0009fff0-0x0009ffff] mapped at [ffff88000009fff0]
Jun 25 11:42:35 ubuntu kernel: [    0.000000] Scanning 1 areas for low memory corruption
Jun 25 11:42:35 ubuntu kernel: [    0.000000] Base memory trampoline at [ffff880000099000] 99000 size 24576
Jun 25 11:42:35 ubuntu kernel: [    0.000000] BRK [0x02003000, 0x02003fff] PGTABLE
Jun 25 11:42:35 ubuntu kernel: [    0.000000] BRK [0x02004000, 0x02004fff] PGTABLE
Jun 25 11:42:35 ubuntu kernel: [    0.000000] BRK [0x02005000, 0x02005fff] PGTABLE
Jun 25 11:42:35 ubuntu kernel: [    0.000000] BRK [0x02006000, 0x02006fff] PGTABLE
Jun 25 11:42:35 ubuntu kernel: [    0.000000] RAMDISK: [mem 0x3e96a000-0x3ffeffff]
Jun 25 11:42:35 ubuntu kernel: [    0.000000] ACPI: Early table checksum verification disabled
Jun 25 11:42:35 ubuntu kernel: [    0.000000] ACPI: RSDP 0x00000000000E0000 000024 (v02 VBOX  )
Jun 25 11:42:35 ubuntu kernel: [    0.000000] ACPI: XSDT 0x000000003FFF0030 00003C (v01 VBOX   VBOXXSDT 00000001 ASL  00000061)
Jun 25 11:42:35 ubuntu kernel: [    0.000000] ACPI: FACP 0x000000003FFF00F0 0000F4 (v04 VBOX   VBOXFACP 00000001 ASL  00000061)
Jun 25 11:42:35 ubuntu kernel: [    0.000000] ACPI: DSDT 0x000000003FFF0470 0021C8 (v02 VBOX   VBOXBIOS 00000002 INTL 20100528)
Jun 25 11:42:35 ubuntu kernel: [    0.000000] ACPI: FACS 0x000000003FFF0200 000040
Jun 25 11:42:35 ubuntu kernel: [    0.000000] ACPI: FACS 0x000000003FFF0200 000040
Jun 25 11:42:35 ubuntu kernel: [    0.000000] ACPI: APIC 0x000000003FFF0240 000054 (v02 VBOX   VBOXAPIC 00000001 ASL  00000061)
Jun 25 11:42:35 ubuntu kernel: [    0.000000] ACPI: SSDT 0x000000003FFF02A0 0001CC (v01 VBOX   VBOXCPUT 00000002 INTL 20100528)
Jun 25 11:42:35 ubuntu kernel: [    0.000000] ACPI: Local APIC address 0xfee00000
Jun 25 11:42:35 ubuntu kernel: [    0.000000] No NUMA configuration found
Jun 25 11:42:35 ubuntu kernel: [    0.000000] Faking a node at [mem 0x0000000000000000-0x000000003ffeffff]
Jun 25 11:42:35 ubuntu kernel: [    0.000000] NODE_DATA(0) allocated [mem 0x3e965000-0x3e969fff]
Jun 25 11:42:35 ubuntu kernel: [    0.000000] kvm-clock: Using msrs 4b564d01 and 4b564d00
Jun 25 11:42:35 ubuntu kernel: [    0.000000] kvm-clock: cpu 0, msr 0:3e961001, primary cpu clock
Jun 25 11:42:35 ubuntu kernel: [    0.000000] kvm-clock: using sched offset of 8982457337 cycles
Jun 25 11:42:35 ubuntu kernel: [    0.000000] clocksource: kvm-clock: mask: 0xffffffffffffffff max_cycles: 0x1cd42e4dffb, max_idle_ns: 881590591483 ns
Jun 25 11:42:35 ubuntu kernel: [    0.000000] Zone ranges:
Jun 25 11:42:35 ubuntu kernel: [    0.000000]   DMA      [mem 0x0000000000001000-0x0000000000ffffff]
Jun 25 11:42:35 ubuntu kernel: [    0.000000]   DMA32    [mem 0x0000000001000000-0x000000003ffeffff]
Jun 25 11:42:35 ubuntu kernel: [    0.000000]   Normal   empty
Jun 25 11:42:35 ubuntu kernel: [    0.000000]   Device   empty
Jun 25 11:42:35 ubuntu kernel: [    0.000000] Movable zone start for each node
Jun 25 11:42:35 ubuntu kernel: [    0.000000] Early memory node ranges
Jun 25 11:42:35 ubuntu kernel: [    0.000000]   node   0: [mem 0x0000000000001000-0x000000000009efff]
Jun 25 11:42:35 ubuntu kernel: [    0.000000]   node   0: [mem 0x0000000000100000-0x000000003ffeffff]
Jun 25 11:42:35 ubuntu kernel: [    0.000000] Initmem setup node 0 [mem 0x0000000000001000-0x000000003ffeffff]
Jun 25 11:42:35 ubuntu kernel: [    0.000000] On node 0 totalpages: 262030
Jun 25 11:42:35 ubuntu kernel: [    0.000000]   DMA zone: 64 pages used for memmap
Jun 25 11:42:35 ubuntu kernel: [    0.000000]   DMA zone: 21 pages reserved
Jun 25 11:42:35 ubuntu kernel: [    0.000000]   DMA zone: 3998 pages, LIFO batch:0
Jun 25 11:42:35 ubuntu kernel: [    0.000000]   DMA32 zone: 4032 pages used for memmap
Jun 25 11:42:35 ubuntu kernel: [    0.000000]   DMA32 zone: 258032 pages, LIFO batch:31
Jun 25 11:42:35 ubuntu kernel: [    0.000000] ACPI: PM-Timer IO Port: 0x4008
Jun 25 11:42:35 ubuntu kernel: [    0.000000] ACPI: Local APIC address 0xfee00000
Jun 25 11:42:35 ubuntu kernel: [    0.000000] IOAPIC[0]: apic_id 1, version 32, address 0xfec00000, GSI 0-23
Jun 25 11:42:35 ubuntu kernel: [    0.000000] ACPI: INT_SRC_OVR (bus 0 bus_irq 0 global_irq 2 dfl dfl)
Jun 25 11:42:35 ubuntu kernel: [    0.000000] ACPI: INT_SRC_OVR (bus 0 bus_irq 9 global_irq 9 high level)
Jun 25 11:42:35 ubuntu kernel: [    0.000000] ACPI: IRQ0 used by override.
Jun 25 11:42:35 ubuntu kernel: [    0.000000] ACPI: IRQ9 used by override.
Jun 25 11:42:35 ubuntu kernel: [    0.000000] Using ACPI (MADT) for SMP configuration information
Jun 25 11:42:35 ubuntu kernel: [    0.000000] smpboot: Allowing 1 CPUs, 0 hotplug CPUs
Jun 25 11:42:35 ubuntu kernel: [    0.000000] PM: Registered nosave memory: [mem 0x00000000-0x00000fff]
Jun 25 11:42:35 ubuntu kernel: [    0.000000] PM: Registered nosave memory: [mem 0x0009f000-0x0009ffff]
Jun 25 11:42:35 ubuntu kernel: [    0.000000] PM: Registered nosave memory: [mem 0x000a0000-0x000effff]
Jun 25 11:42:35 ubuntu kernel: [    0.000000] PM: Registered nosave memory: [mem 0x000f0000-0x000fffff]
Jun 25 11:42:35 ubuntu kernel: [    0.000000] e820: [mem 0x40000000-0xfebfffff] available for PCI devices
Jun 25 11:42:35 ubuntu kernel: [    0.000000] Booting paravirtualized kernel on KVM
Jun 25 11:42:35 ubuntu kernel: [    0.000000] clocksource: refined-jiffies: mask: 0xffffffff max_cycles: 0xffffffff, max_idle_ns: 7645519600211568 ns
Jun 25 11:42:35 ubuntu kernel: [    0.000000] setup_percpu: NR_CPUS:256 nr_cpumask_bits:256 nr_cpu_ids:1 nr_node_ids:1
Jun 25 11:42:35 ubuntu kernel: [    0.000000] PERCPU: Embedded 33 pages/cpu @ffff88003e600000 s98008 r8192 d28968 u2097152
Jun 25 11:42:35 ubuntu kernel: [    0.000000] pcpu-alloc: s98008 r8192 d28968 u2097152 alloc=1*2097152
Jun 25 11:42:35 ubuntu kernel: [    0.000000] pcpu-alloc: [0] 0 
Jun 25 11:42:35 ubuntu kernel: [    0.000000] PV qspinlock hash table entries: 256 (order: 0, 4096 bytes)
Jun 25 11:42:35 ubuntu kernel: [    0.000000] Built 1 zonelists in Node order, mobility grouping on.  Total pages: 257913
Jun 25 11:42:35 ubuntu kernel: [    0.000000] Policy zone: DMA32
Jun 25 11:42:35 ubuntu kernel: [    0.000000] Kernel command line: file=/cdrom/preseed/preseed.iounote-1 DEBCONF_DEBUG=5 auto=true ubiquity/reboot=true boot=casper automatic-ubiquity initrd=/casper/initrd.lz quiet splash noprompt noshell --
Jun 25 11:42:35 ubuntu kernel: [    0.000000] PID hash table entries: 4096 (order: 3, 32768 bytes)
Jun 25 11:42:35 ubuntu kernel: [    0.000000] Calgary: detecting Calgary via BIOS EBDA area
Jun 25 11:42:35 ubuntu kernel: [    0.000000] Calgary: Unable to locate Rio Grande table in EBDA - bailing!
Jun 25 11:42:35 ubuntu kernel: [    0.000000] Memory: 991744K/1048120K available (8174K kernel code, 1291K rwdata, 3956K rodata, 1484K init, 1292K bss, 56376K reserved, 0K cma-reserved)
Jun 25 11:42:35 ubuntu kernel: [    0.000000] SLUB: HWalign=64, Order=0-3, MinObjects=0, CPUs=1, Nodes=1
Jun 25 11:42:35 ubuntu kernel: [    0.000000] Hierarchical RCU implementation.
Jun 25 11:42:35 ubuntu kernel: [    0.000000] 	Build-time adjustment of leaf fanout to 64.
Jun 25 11:42:35 ubuntu kernel: [    0.000000] 	RCU restricting CPUs from NR_CPUS=256 to nr_cpu_ids=1.
Jun 25 11:42:35 ubuntu kernel: [    0.000000] RCU: Adjusting geometry for rcu_fanout_leaf=64, nr_cpu_ids=1
Jun 25 11:42:35 ubuntu kernel: [    0.000000] NR_IRQS:16640 nr_irqs:256 16
Jun 25 11:42:35 ubuntu kernel: [    0.000000] Console: colour VGA+ 80x25
Jun 25 11:42:35 ubuntu kernel: [    0.000000] console [tty0] enabled
Jun 25 11:42:35 ubuntu kernel: [    0.000000] tsc: Detected 2992.498 MHz processor
Jun 25 11:42:35 ubuntu kernel: [    0.095221] Calibrating delay loop (skipped) preset value.. 5984.99 BogoMIPS (lpj=11969992)
Jun 25 11:42:35 ubuntu kernel: [    0.095229] pid_max: default: 32768 minimum: 301
Jun 25 11:42:35 ubuntu kernel: [    0.095236] ACPI: Core revision 20150930
Jun 25 11:42:35 ubuntu kernel: [    0.096571] ACPI: 2 ACPI AML tables successfully acquired and loaded
Jun 25 11:42:35 ubuntu kernel: [    0.096625] Security Framework initialized
Jun 25 11:42:35 ubuntu kernel: [    0.096632] Yama: becoming mindful.
Jun 25 11:42:35 ubuntu kernel: [    0.096723] AppArmor: AppArmor initialized
Jun 25 11:42:35 ubuntu kernel: [    0.096879] Dentry cache hash table entries: 131072 (order: 8, 1048576 bytes)
Jun 25 11:42:35 ubuntu kernel: [    0.097311] Inode-cache hash table entries: 65536 (order: 7, 524288 bytes)
Jun 25 11:42:35 ubuntu kernel: [    0.098557] Mount-cache hash table entries: 2048 (order: 2, 16384 bytes)
Jun 25 11:42:35 ubuntu kernel: [    0.098562] Mountpoint-cache hash table entries: 2048 (order: 2, 16384 bytes)
Jun 25 11:42:35 ubuntu kernel: [    0.098998] Initializing cgroup subsys io
Jun 25 11:42:35 ubuntu kernel: [    0.099013] Initializing cgroup subsys memory
Jun 25 11:42:35 ubuntu kernel: [    0.099026] Initializing cgroup subsys devices
Jun 25 11:42:35 ubuntu kernel: [    0.099035] Initializing cgroup subsys freezer
Jun 25 11:42:35 ubuntu kernel: [    0.099043] Initializing cgroup subsys net_cls
Jun 25 11:42:35 ubuntu kernel: [    0.099051] Initializing cgroup subsys perf_event
Jun 25 11:42:35 ubuntu kernel: [    0.099061] Initializing cgroup subsys net_prio
Jun 25 11:42:35 ubuntu kernel: [    0.099064] Initializing cgroup subsys hugetlb
Jun 25 11:42:35 ubuntu kernel: [    0.099066] Initializing cgroup subsys pids
Jun 25 11:42:35 ubuntu kernel: [    0.099198] mce: CPU supports 0 MCE banks
Jun 25 11:42:35 ubuntu kernel: [    0.099236] process: using mwait in idle threads
Jun 25 11:42:35 ubuntu kernel: [    0.099243] Last level iTLB entries: 4KB 128, 2MB 4, 4MB 4
Jun 25 11:42:35 ubuntu kernel: [    0.099244] Last level dTLB entries: 4KB 256, 2MB 0, 4MB 32, 1GB 0
Jun 25 11:42:35 ubuntu kernel: [    0.376455] Freeing SMP alternatives memory: 28K (ffffffff81eb7000 - ffffffff81ebe000)
Jun 25 11:42:35 ubuntu kernel: [    0.387681] ftrace: allocating 32026 entries in 126 pages
Jun 25 11:42:35 ubuntu kernel: [    0.444561] smpboot: Max logical packages: 1
Jun 25 11:42:35 ubuntu kernel: [    0.444565] smpboot: APIC(0) Converting physical 0 to logical package 0
Jun 25 11:42:35 ubuntu kernel: [    0.445156] x2apic enabled
Jun 25 11:42:35 ubuntu kernel: [    0.445700] Switched APIC routing to physical x2apic.
Jun 25 11:42:35 ubuntu kernel: [    0.448020] ..TIMER: vector=0x30 apic1=0 pin1=2 apic2=-1 pin2=-1
Jun 25 11:42:35 ubuntu kernel: [    0.490981] APIC calibration not consistent with PM-Timer: 159ms instead of 100ms
Jun 25 11:42:35 ubuntu kernel: [    0.490982] APIC delta adjusted to PM-Timer: 6256353 (10000354)
Jun 25 11:42:35 ubuntu kernel: [    0.491048] smpboot: CPU0: Intel(R) Core(TM)2 Duo CPU     E8400  @ 3.00GHz (family: 0x6, model: 0x17, stepping: 0xa)
Jun 25 11:42:35 ubuntu kernel: [    0.491106] Performance Events: unsupported p6 CPU model 23 no PMU driver, software events only.
Jun 25 11:42:35 ubuntu kernel: [    0.491173] KVM setup paravirtual spinlock
Jun 25 11:42:35 ubuntu kernel: [    0.492641] x86: Booted up 1 node, 1 CPUs
Jun 25 11:42:35 ubuntu kernel: [    0.492643] smpboot: Total of 1 processors activated (5984.99 BogoMIPS)
Jun 25 11:42:35 ubuntu kernel: [    0.493074] devtmpfs: initialized
Jun 25 11:42:35 ubuntu kernel: [    0.496855] evm: security.selinux
Jun 25 11:42:35 ubuntu kernel: [    0.496857] evm: security.SMACK64
Jun 25 11:42:35 ubuntu kernel: [    0.496858] evm: security.SMACK64EXEC
Jun 25 11:42:35 ubuntu kernel: [    0.496859] evm: security.SMACK64TRANSMUTE
Jun 25 11:42:35 ubuntu kernel: [    0.496860] evm: security.SMACK64MMAP
Jun 25 11:42:35 ubuntu kernel: [    0.496860] evm: security.ima
Jun 25 11:42:35 ubuntu kernel: [    0.496861] evm: security.capability
Jun 25 11:42:35 ubuntu kernel: [    0.497006] clocksource: jiffies: mask: 0xffffffff max_cycles: 0xffffffff, max_idle_ns: 7645041785100000 ns
Jun 25 11:42:35 ubuntu kernel: [    0.497077] pinctrl core: initialized pinctrl subsystem
Jun 25 11:42:35 ubuntu kernel: [    0.497259] RTC time: 11:42:00, date: 06/25/17
Jun 25 11:42:35 ubuntu kernel: [    0.497495] NET: Registered protocol family 16
Jun 25 11:42:35 ubuntu kernel: [    0.497754] cpuidle: using governor ladder
Jun 25 11:42:35 ubuntu kernel: [    0.497757] cpuidle: using governor menu
Jun 25 11:42:35 ubuntu kernel: [    0.497760] PCCT header not found.
Jun 25 11:42:35 ubuntu kernel: [    0.497820] ACPI: bus type PCI registered
Jun 25 11:42:35 ubuntu kernel: [    0.497822] acpiphp: ACPI Hot Plug PCI Controller Driver version: 0.5
Jun 25 11:42:35 ubuntu kernel: [    0.497957] PCI: Using configuration type 1 for base access
Jun 25 11:42:35 ubuntu kernel: [    0.500256] ACPI: Added _OSI(Module Device)
Jun 25 11:42:35 ubuntu kernel: [    0.500257] ACPI: Added _OSI(Processor Device)
Jun 25 11:42:35 ubuntu kernel: [    0.500259] ACPI: Added _OSI(3.0 _SCP Extensions)
Jun 25 11:42:35 ubuntu kernel: [    0.500260] ACPI: Added _OSI(Processor Aggregator Device)
Jun 25 11:42:35 ubuntu kernel: [    0.501013] ACPI: Executed 1 blocks of module-level executable AML code
Jun 25 11:42:35 ubuntu kernel: [    0.503230] ACPI: Interpreter enabled
Jun 25 11:42:35 ubuntu kernel: [    0.503235] ACPI Exception: AE_NOT_FOUND, While evaluating Sleep State [\_S1_] (20150930/hwxface-580)
Jun 25 11:42:35 ubuntu kernel: [    0.503238] ACPI Exception: AE_NOT_FOUND, While evaluating Sleep State [\_S2_] (20150930/hwxface-580)
Jun 25 11:42:35 ubuntu kernel: [    0.503241] ACPI Exception: AE_NOT_FOUND, While evaluating Sleep State [\_S3_] (20150930/hwxface-580)
Jun 25 11:42:35 ubuntu kernel: [    0.503244] ACPI Exception: AE_NOT_FOUND, While evaluating Sleep State [\_S4_] (20150930/hwxface-580)
Jun 25 11:42:35 ubuntu kernel: [    0.503250] ACPI: (supports S0 S5)
Jun 25 11:42:35 ubuntu kernel: [    0.503251] ACPI: Using IOAPIC for interrupt routing
Jun 25 11:42:35 ubuntu kernel: [    0.503430] PCI: Using host bridge windows from ACPI; if necessary, use "pci=nocrs" and report a bug
Jun 25 11:42:35 ubuntu kernel: [    0.507611] ACPI: PCI Root Bridge [PCI0] (domain 0000 [bus 00-ff])
Jun 25 11:42:35 ubuntu kernel: [    0.507620] acpi PNP0A03:00: _OSC: OS supports [ASPM ClockPM Segments MSI]
Jun 25 11:42:35 ubuntu kernel: [    0.507625] acpi PNP0A03:00: _OSC failed (AE_NOT_FOUND); disabling ASPM
Jun 25 11:42:35 ubuntu kernel: [    0.507632] acpi PNP0A03:00: fail to add MMCONFIG information, can't access extended PCI configuration space under this bridge.
Jun 25 11:42:35 ubuntu kernel: [    0.507943] PCI host bridge to bus 0000:00
Jun 25 11:42:35 ubuntu kernel: [    0.507952] pci_bus 0000:00: root bus resource [io  0x0000-0x0cf7 window]
Jun 25 11:42:35 ubuntu kernel: [    0.507954] pci_bus 0000:00: root bus resource [io  0x0d00-0xffff window]
Jun 25 11:42:35 ubuntu kernel: [    0.507956] pci_bus 0000:00: root bus resource [mem 0x000a0000-0x000bffff window]
Jun 25 11:42:35 ubuntu kernel: [    0.507957] pci_bus 0000:00: root bus resource [mem 0x40000000-0xffdfffff window]
Jun 25 11:42:35 ubuntu kernel: [    0.507959] pci_bus 0000:00: root bus resource [bus 00-ff]
Jun 25 11:42:35 ubuntu kernel: [    0.508003] pci 0000:00:00.0: [8086:1237] type 00 class 0x060000
Jun 25 11:42:35 ubuntu kernel: [    0.508571] pci 0000:00:01.0: [8086:7000] type 00 class 0x060100
Jun 25 11:42:35 ubuntu kernel: [    0.509293] pci 0000:00:02.0: [80ee:beef] type 00 class 0x030000
Jun 25 11:42:35 ubuntu kernel: [    0.511647] pci 0000:00:02.0: reg 0x10: [mem 0xe0000000-0xe0ffffff pref]
Jun 25 11:42:35 ubuntu kernel: [    0.519207] pci 0000:00:03.0: [8086:100e] type 00 class 0x020000
Jun 25 11:42:35 ubuntu kernel: [    0.520351] pci 0000:00:03.0: reg 0x10: [mem 0xf0000000-0xf001ffff]
Jun 25 11:42:35 ubuntu kernel: [    0.521765] pci 0000:00:03.0: reg 0x18: [io  0xd000-0xd007]
Jun 25 11:42:35 ubuntu kernel: [    0.526111] pci 0000:00:04.0: [80ee:cafe] type 00 class 0x088000
Jun 25 11:42:35 ubuntu kernel: [    0.527483] pci 0000:00:04.0: reg 0x10: [io  0xd020-0xd03f]
Jun 25 11:42:35 ubuntu kernel: [    0.528320] pci 0000:00:04.0: reg 0x14: [mem 0xf0400000-0xf07fffff]
Jun 25 11:42:35 ubuntu kernel: [    0.529123] pci 0000:00:04.0: reg 0x18: [mem 0xf0800000-0xf0803fff pref]
Jun 25 11:42:35 ubuntu kernel: [    0.534495] pci 0000:00:05.0: [8086:2415] type 00 class 0x040100
Jun 25 11:42:35 ubuntu kernel: [    0.534639] pci 0000:00:05.0: reg 0x10: [io  0xd100-0xd1ff]
Jun 25 11:42:35 ubuntu kernel: [    0.534713] pci 0000:00:05.0: reg 0x14: [io  0xd200-0xd23f]
Jun 25 11:42:35 ubuntu kernel: [    0.535529] pci 0000:00:07.0: [8086:7113] type 00 class 0x068000
Jun 25 11:42:35 ubuntu kernel: [    0.536070] pci 0000:00:07.0: quirk: [io  0x4000-0x403f] claimed by PIIX4 ACPI
Jun 25 11:42:35 ubuntu kernel: [    0.536083] pci 0000:00:07.0: quirk: [io  0x4100-0x410f] claimed by PIIX4 SMB
Jun 25 11:42:35 ubuntu kernel: [    0.536418] pci 0000:00:08.0: [8086:100e] type 00 class 0x020000
Jun 25 11:42:35 ubuntu kernel: [    0.537575] pci 0000:00:08.0: reg 0x10: [mem 0xf0820000-0xf083ffff]
Jun 25 11:42:35 ubuntu kernel: [    0.539369] pci 0000:00:08.0: reg 0x18: [io  0xd240-0xd247]
Jun 25 11:42:35 ubuntu kernel: [    0.543469] pci 0000:00:0d.0: [8086:2829] type 00 class 0x010601
Jun 25 11:42:35 ubuntu kernel: [    0.544603] pci 0000:00:0d.0: reg 0x10: [io  0xd248-0xd24f]
Jun 25 11:42:35 ubuntu kernel: [    0.546132] pci 0000:00:0d.0: reg 0x18: [io  0xd258-0xd25f]
Jun 25 11:42:35 ubuntu kernel: [    0.547765] pci 0000:00:0d.0: reg 0x20: [io  0xd270-0xd27f]
Jun 25 11:42:35 ubuntu kernel: [    0.548558] pci 0000:00:0d.0: reg 0x24: [mem 0xf0840000-0xf0841fff]
Jun 25 11:42:35 ubuntu kernel: [    0.552109] ACPI: PCI Interrupt Link [LNKA] (IRQs 5 9 10 *11)
Jun 25 11:42:35 ubuntu kernel: [    0.552381] ACPI: PCI Interrupt Link [LNKB] (IRQs 5 9 10 *11)
Jun 25 11:42:35 ubuntu kernel: [    0.552488] ACPI: PCI Interrupt Link [LNKC] (IRQs 5 9 *10 11)
Jun 25 11:42:35 ubuntu kernel: [    0.552588] ACPI: PCI Interrupt Link [LNKD] (IRQs 5 *9 10 11)
Jun 25 11:42:35 ubuntu kernel: [    0.552761] ACPI: Enabled 2 GPEs in block 00 to 07
Jun 25 11:42:35 ubuntu kernel: [    0.553517] vgaarb: setting as boot device: PCI:0000:00:02.0
Jun 25 11:42:35 ubuntu kernel: [    0.553524] vgaarb: device added: PCI:0000:00:02.0,decodes=io+mem,owns=io+mem,locks=none
Jun 25 11:42:35 ubuntu kernel: [    0.553526] vgaarb: loaded
Jun 25 11:42:35 ubuntu kernel: [    0.553528] vgaarb: bridge control possible 0000:00:02.0
Jun 25 11:42:35 ubuntu kernel: [    0.554226] SCSI subsystem initialized
Jun 25 11:42:35 ubuntu kernel: [    0.554577] libata version 3.00 loaded.
Jun 25 11:42:35 ubuntu kernel: [    0.554651] ACPI: bus type USB registered
Jun 25 11:42:35 ubuntu kernel: [    0.554712] usbcore: registered new interface driver usbfs
Jun 25 11:42:35 ubuntu kernel: [    0.554731] usbcore: registered new interface driver hub
Jun 25 11:42:35 ubuntu kernel: [    0.554742] usbcore: registered new device driver usb
Jun 25 11:42:35 ubuntu kernel: [    0.555086] PCI: Using ACPI for IRQ routing
Jun 25 11:42:35 ubuntu kernel: [    0.555098] PCI: pci_cache_line_size set to 64 bytes
Jun 25 11:42:35 ubuntu kernel: [    0.555301] e820: reserve RAM buffer [mem 0x0009fc00-0x0009ffff]
Jun 25 11:42:35 ubuntu kernel: [    0.555308] e820: reserve RAM buffer [mem 0x3fff0000-0x3fffffff]
Jun 25 11:42:35 ubuntu kernel: [    0.555734] NetLabel: Initializing
Jun 25 11:42:35 ubuntu kernel: [    0.555741] NetLabel:  domain hash size = 128
Jun 25 11:42:35 ubuntu kernel: [    0.555742] NetLabel:  protocols = UNLABELED CIPSOv4
Jun 25 11:42:35 ubuntu kernel: [    0.555801] NetLabel:  unlabeled traffic allowed by default
Jun 25 11:42:35 ubuntu kernel: [    0.556213] clocksource: Switched to clocksource kvm-clock
Jun 25 11:42:35 ubuntu kernel: [    0.569093] AppArmor: AppArmor Filesystem Enabled
Jun 25 11:42:35 ubuntu kernel: [    0.569200] pnp: PnP ACPI init
Jun 25 11:42:35 ubuntu kernel: [    0.569357] pnp 00:00: Plug and Play ACPI device, IDs PNP0303 (active)
Jun 25 11:42:35 ubuntu kernel: [    0.569472] pnp 00:01: Plug and Play ACPI device, IDs PNP0f03 (active)
Jun 25 11:42:35 ubuntu kernel: [    0.570247] pnp: PnP ACPI: found 2 devices
Jun 25 11:42:35 ubuntu kernel: [    0.577147] clocksource: acpi_pm: mask: 0xffffff max_cycles: 0xffffff, max_idle_ns: 2085701024 ns
Jun 25 11:42:35 ubuntu kernel: [    0.577183] pci_bus 0000:00: resource 4 [io  0x0000-0x0cf7 window]
Jun 25 11:42:35 ubuntu kernel: [    0.577185] pci_bus 0000:00: resource 5 [io  0x0d00-0xffff window]
Jun 25 11:42:35 ubuntu kernel: [    0.577187] pci_bus 0000:00: resource 6 [mem 0x000a0000-0x000bffff window]
Jun 25 11:42:35 ubuntu kernel: [    0.577189] pci_bus 0000:00: resource 7 [mem 0x40000000-0xffdfffff window]
Jun 25 11:42:35 ubuntu kernel: [    0.577272] NET: Registered protocol family 2
Jun 25 11:42:35 ubuntu kernel: [    0.577812] TCP established hash table entries: 8192 (order: 4, 65536 bytes)
Jun 25 11:42:35 ubuntu kernel: [    0.577887] TCP bind hash table entries: 8192 (order: 5, 131072 bytes)
Jun 25 11:42:35 ubuntu kernel: [    0.577992] TCP: Hash tables configured (established 8192 bind 8192)
Jun 25 11:42:35 ubuntu kernel: [    0.578193] UDP hash table entries: 512 (order: 2, 16384 bytes)
Jun 25 11:42:35 ubuntu kernel: [    0.578242] UDP-Lite hash table entries: 512 (order: 2, 16384 bytes)
Jun 25 11:42:35 ubuntu kernel: [    0.578357] NET: Registered protocol family 1
Jun 25 11:42:35 ubuntu kernel: [    0.578397] pci 0000:00:00.0: Limiting direct PCI/PCI transfers
Jun 25 11:42:35 ubuntu kernel: [    0.578427] pci 0000:00:01.0: Activating ISA DMA hang workarounds
Jun 25 11:42:35 ubuntu kernel: [    0.578459] pci 0000:00:02.0: Video device with shadowed ROM
Jun 25 11:42:35 ubuntu kernel: [    0.578531] PCI: CLS 0 bytes, default 64
Jun 25 11:42:35 ubuntu kernel: [    0.578753] Trying to unpack rootfs image as initramfs...
Jun 25 11:42:35 ubuntu kernel: [    4.774938] Freeing initrd memory: 23064K (ffff88003e96a000 - ffff88003fff0000)
Jun 25 11:42:35 ubuntu kernel: [    4.775672] platform rtc_cmos: registered platform RTC device (no PNP device found)
Jun 25 11:42:35 ubuntu kernel: [    4.775737] Scanning for low memory corruption every 60 seconds
Jun 25 11:42:35 ubuntu kernel: [    4.776178] futex hash table entries: 256 (order: 2, 16384 bytes)
Jun 25 11:42:35 ubuntu kernel: [    4.776267] audit: initializing netlink subsys (disabled)
Jun 25 11:42:35 ubuntu kernel: [    4.776303] audit: type=2000 audit(1498408935.173:1): initialized
Jun 25 11:42:35 ubuntu kernel: [    4.776666] Initialise system trusted keyring
Jun 25 11:42:35 ubuntu kernel: [    4.776859] HugeTLB registered 2 MB page size, pre-allocated 0 pages
Jun 25 11:42:35 ubuntu kernel: [    4.778925] zbud: loaded
Jun 25 11:42:35 ubuntu kernel: [    4.779144] VFS: Disk quotas dquot_6.6.0
Jun 25 11:42:35 ubuntu kernel: [    4.779209] VFS: Dquot-cache hash table entries: 512 (order 0, 4096 bytes)
Jun 25 11:42:35 ubuntu kernel: [    4.779519] squashfs: version 4.0 (2009/01/31) Phillip Lougher
Jun 25 11:42:35 ubuntu kernel: [    4.779820] fuse init (API version 7.23)
Jun 25 11:42:35 ubuntu kernel: [    4.779985] Key type big_key registered
Jun 25 11:42:35 ubuntu kernel: [    4.780008] Allocating IMA MOK and blacklist keyrings.
Jun 25 11:42:35 ubuntu kernel: [    4.780592] Key type asymmetric registered
Jun 25 11:42:35 ubuntu kernel: [    4.780606] Asymmetric key parser 'x509' registered
Jun 25 11:42:35 ubuntu kernel: [    4.780644] Block layer SCSI generic (bsg) driver version 0.4 loaded (major 249)
Jun 25 11:42:35 ubuntu kernel: [    4.780690] io scheduler noop registered
Jun 25 11:42:35 ubuntu kernel: [    4.780694] io scheduler deadline registered (default)
Jun 25 11:42:35 ubuntu kernel: [    4.780740] io scheduler cfq registered
Jun 25 11:42:35 ubuntu kernel: [    4.780866] pci_hotplug: PCI Hot Plug PCI Core version: 0.5
Jun 25 11:42:35 ubuntu kernel: [    4.780875] pciehp: PCI Express Hot Plug Controller Driver version: 0.4
Jun 25 11:42:35 ubuntu kernel: [    4.780921] intel_idle: does not run on family 6 model 23
Jun 25 11:42:35 ubuntu kernel: [    4.781091] ACPI: AC Adapter [AC] (on-line)
Jun 25 11:42:35 ubuntu kernel: [    4.781178] input: Power Button as /devices/LNXSYSTM:00/LNXPWRBN:00/input/input0
Jun 25 11:42:35 ubuntu kernel: [    4.781182] ACPI: Power Button [PWRF]
Jun 25 11:42:35 ubuntu kernel: [    4.781281] input: Sleep Button as /devices/LNXSYSTM:00/LNXSLPBN:00/input/input1
Jun 25 11:42:35 ubuntu kernel: [    4.781283] ACPI: Sleep Button [SLPF]
Jun 25 11:42:35 ubuntu kernel: [    4.781556] GHES: HEST is not enabled!
Jun 25 11:42:35 ubuntu kernel: [    4.781680] Serial: 8250/16550 driver, 32 ports, IRQ sharing enabled
Jun 25 11:42:35 ubuntu kernel: [    4.783139] Linux agpgart interface v0.103
Jun 25 11:42:35 ubuntu kernel: [    4.786881] brd: module loaded
Jun 25 11:42:35 ubuntu kernel: [    4.788026] loop: module loaded
Jun 25 11:42:35 ubuntu kernel: [    4.788255] libphy: Fixed MDIO Bus: probed
Jun 25 11:42:35 ubuntu kernel: [    4.788264] tun: Universal TUN/TAP device driver, 1.6
Jun 25 11:42:35 ubuntu kernel: [    4.788265] tun: (C) 1999-2004 Max Krasnyansky <maxk@qualcomm.com>
Jun 25 11:42:35 ubuntu kernel: [    4.788306] PPP generic driver version 2.4.2
Jun 25 11:42:35 ubuntu kernel: [    4.788386] ehci_hcd: USB 2.0 'Enhanced' Host Controller (EHCI) Driver
Jun 25 11:42:35 ubuntu kernel: [    4.788401] ehci-pci: EHCI PCI platform driver
Jun 25 11:42:35 ubuntu kernel: [    4.788418] ehci-platform: EHCI generic platform driver
Jun 25 11:42:35 ubuntu kernel: [    4.788433] ohci_hcd: USB 1.1 'Open' Host Controller (OHCI) Driver
Jun 25 11:42:35 ubuntu kernel: [    4.788447] ohci-pci: OHCI PCI platform driver
Jun 25 11:42:35 ubuntu kernel: [    4.788466] ohci-platform: OHCI generic platform driver
Jun 25 11:42:35 ubuntu kernel: [    4.788473] uhci_hcd: USB Universal Host Controller Interface driver
Jun 25 11:42:35 ubuntu kernel: [    4.788551] i8042: PNP: PS/2 Controller [PNP0303:PS2K,PNP0f03:PS2M] at 0x60,0x64 irq 1,12
Jun 25 11:42:35 ubuntu kernel: [    4.789220] serio: i8042 KBD port at 0x60,0x64 irq 1
Jun 25 11:42:35 ubuntu kernel: [    4.789231] serio: i8042 AUX port at 0x60,0x64 irq 12
Jun 25 11:42:35 ubuntu kernel: [    4.789360] mousedev: PS/2 mouse device common for all mice
Jun 25 11:42:35 ubuntu kernel: [    4.789784] input: AT Translated Set 2 keyboard as /devices/platform/i8042/serio0/input/input2
Jun 25 11:42:35 ubuntu kernel: [    4.790350] rtc_cmos rtc_cmos: rtc core: registered rtc_cmos as rtc0
Jun 25 11:42:35 ubuntu kernel: [    4.790465] rtc_cmos rtc_cmos: alarms up to one day, 114 bytes nvram
Jun 25 11:42:35 ubuntu kernel: [    4.790472] i2c /dev entries driver
Jun 25 11:42:35 ubuntu kernel: [    4.790533] device-mapper: uevent: version 1.0.3
Jun 25 11:42:35 ubuntu kernel: [    4.790613] device-mapper: ioctl: 4.34.0-ioctl (2015-10-28) initialised: dm-devel@redhat.com
Jun 25 11:42:35 ubuntu kernel: [    4.790643] ledtrig-cpu: registered to indicate activity on CPUs
Jun 25 11:42:35 ubuntu kernel: [    4.791005] NET: Registered protocol family 10
Jun 25 11:42:35 ubuntu kernel: [    4.791349] NET: Registered protocol family 17
Jun 25 11:42:35 ubuntu kernel: [    4.791371] Key type dns_resolver registered
Jun 25 11:42:35 ubuntu kernel: [    4.791564] microcode: CPU0 sig=0x1067a, pf=0x40, revision=0x60b
Jun 25 11:42:35 ubuntu kernel: [    4.791599] microcode: Microcode Update Driver: v2.01 <tigran@aivazian.fsnet.co.uk>, Peter Oruba
Jun 25 11:42:35 ubuntu kernel: [    4.791764] registered taskstats version 1
Jun 25 11:42:35 ubuntu kernel: [    4.791792] Loading compiled-in X.509 certificates
Jun 25 11:42:35 ubuntu kernel: [    4.792739] Loaded X.509 cert 'Build time autogenerated kernel key: 6e1dec312b99cf2987117ed2153b9a730dee12a7'
Jun 25 11:42:35 ubuntu kernel: [    4.792766] zswap: loaded using pool lzo/zbud
Jun 25 11:42:35 ubuntu kernel: [    4.801343] Key type trusted registered
Jun 25 11:42:35 ubuntu kernel: [    4.817760] Key type encrypted registered
Jun 25 11:42:35 ubuntu kernel: [    4.817765] AppArmor: AppArmor sha1 policy hashing enabled
Jun 25 11:42:35 ubuntu kernel: [    4.817777] ima: No TPM chip found, activating TPM-bypass!
Jun 25 11:42:35 ubuntu kernel: [    4.817806] evm: HMAC attrs: 0x1
Jun 25 11:42:35 ubuntu kernel: [    4.818473]   Magic number: 5:728:732
Jun 25 11:42:35 ubuntu kernel: [    4.818601] rtc_cmos rtc_cmos: setting system clock to 2017-06-25 11:42:03 UTC (1498390923)
Jun 25 11:42:35 ubuntu kernel: [    4.818734] BIOS EDD facility v0.16 2004-Jun-25, 0 devices found
Jun 25 11:42:35 ubuntu kernel: [    4.818735] EDD information not available.
Jun 25 11:42:35 ubuntu kernel: [    4.818808] PM: Hibernation image not present or could not be loaded.
Jun 25 11:42:35 ubuntu kernel: [    4.825605] Freeing unused kernel memory: 1484K (ffffffff81d44000 - ffffffff81eb7000)
Jun 25 11:42:35 ubuntu kernel: [    4.825630] Write protecting the kernel read-only data: 12288k
Jun 25 11:42:35 ubuntu kernel: [    4.831564] Freeing unused kernel memory: 4K (ffff8800017ff000 - ffff880001800000)
Jun 25 11:42:35 ubuntu kernel: [    4.832003] Freeing unused kernel memory: 140K (ffff880001bdd000 - ffff880001c00000)
Jun 25 11:42:35 ubuntu kernel: [    4.932986] systemd-udevd[115]: starting version 204
Jun 25 11:42:35 ubuntu kernel: [    5.023631] ACPI: Video Device [GFX0] (multi-head: yes  rom: no  post: no)
Jun 25 11:42:35 ubuntu kernel: [    5.023727] input: Video Bus as /devices/LNXSYSTM:00/LNXSYBUS:00/PNP0A03:00/LNXVIDEO:00/input/input4
Jun 25 11:42:35 ubuntu kernel: [    5.039489] FUJITSU Extended Socket Network Device Driver - version 1.0 - Copyright (c) 2015 FUJITSU LIMITED
Jun 25 11:42:35 ubuntu kernel: [    5.048145] e1000: Intel(R) PRO/1000 Network Driver - version 7.3.21-k8-NAPI
Jun 25 11:42:35 ubuntu kernel: [    5.048147] e1000: Copyright (c) 1999-2006 Intel Corporation.
Jun 25 11:42:35 ubuntu kernel: [    5.283200] input: ImExPS/2 Generic Explorer Mouse as /devices/platform/i8042/serio1/input/input5
Jun 25 11:42:35 ubuntu kernel: [    5.706390] e1000 0000:00:03.0 eth0: (PCI:33MHz:32-bit) 08:00:27:23:cc:86
Jun 25 11:42:35 ubuntu kernel: [    5.706404] e1000 0000:00:03.0 eth0: Intel(R) PRO/1000 Network Connection
Jun 25 11:42:35 ubuntu kernel: [    5.706501] ahci 0000:00:0d.0: version 3.0
Jun 25 11:42:35 ubuntu kernel: [    5.707726] ahci 0000:00:0d.0: SSS flag set, parallel bus scan disabled
Jun 25 11:42:35 ubuntu kernel: [    5.708398] ahci 0000:00:0d.0: AHCI 0001.0100 32 slots 9 ports 3 Gbps 0x1ff impl SATA mode
Jun 25 11:42:35 ubuntu kernel: [    5.708401] ahci 0000:00:0d.0: flags: 64bit ncq stag only ccc 
Jun 25 11:42:35 ubuntu kernel: [    5.715533] scsi host0: ahci
Jun 25 11:42:35 ubuntu kernel: [    5.715912] scsi host1: ahci
Jun 25 11:42:35 ubuntu kernel: [    5.716285] scsi host2: ahci
Jun 25 11:42:35 ubuntu kernel: [    5.716697] scsi host3: ahci
Jun 25 11:42:35 ubuntu kernel: [    5.717098] scsi host4: ahci
Jun 25 11:42:35 ubuntu kernel: [    5.717294] scsi host5: ahci
Jun 25 11:42:35 ubuntu kernel: [    5.717794] scsi host6: ahci
Jun 25 11:42:35 ubuntu kernel: [    5.718191] scsi host7: ahci
Jun 25 11:42:35 ubuntu kernel: [    5.718433] scsi host8: ahci
Jun 25 11:42:35 ubuntu kernel: [    5.718711] ata1: SATA max UDMA/133 abar m8192@0xf0840000 port 0xf0840100 irq 21
Jun 25 11:42:35 ubuntu kernel: [    5.718720] ata2: SATA max UDMA/133 abar m8192@0xf0840000 port 0xf0840180 irq 21
Jun 25 11:42:35 ubuntu kernel: [    5.718728] ata3: SATA max UDMA/133 abar m8192@0xf0840000 port 0xf0840200 irq 21
Jun 25 11:42:35 ubuntu kernel: [    5.718735] ata4: SATA max UDMA/133 abar m8192@0xf0840000 port 0xf0840280 irq 21
Jun 25 11:42:35 ubuntu kernel: [    5.718743] ata5: SATA max UDMA/133 abar m8192@0xf0840000 port 0xf0840300 irq 21
Jun 25 11:42:35 ubuntu kernel: [    5.718751] ata6: SATA max UDMA/133 abar m8192@0xf0840000 port 0xf0840380 irq 21
Jun 25 11:42:35 ubuntu kernel: [    5.718758] ata7: SATA max UDMA/133 abar m8192@0xf0840000 port 0xf0840400 irq 21
Jun 25 11:42:35 ubuntu kernel: [    5.718769] ata8: SATA max UDMA/133 abar m8192@0xf0840000 port 0xf0840480 irq 21
Jun 25 11:42:35 ubuntu kernel: [    5.718777] ata9: SATA max UDMA/133 abar m8192@0xf0840000 port 0xf0840500 irq 21
Jun 25 11:42:35 ubuntu kernel: [    6.044573] ata1: SATA link up 3.0 Gbps (SStatus 123 SControl 300)
Jun 25 11:42:35 ubuntu kernel: [    6.044875] ata1.00: ATAPI: VBOX CD-ROM, 1.0, max UDMA/133
Jun 25 11:42:35 ubuntu kernel: [    6.044878] ata1.00: applying bridge limits
Jun 25 11:42:35 ubuntu kernel: [    6.049714] ata1.00: configured for UDMA/100
Jun 25 11:42:35 ubuntu kernel: [    6.054968] scsi 0:0:0:0: CD-ROM            VBOX     CD-ROM           1.0  PQ: 0 ANSI: 5
Jun 25 11:42:35 ubuntu kernel: [    6.059909] sr 0:0:0:0: [sr0] scsi3-mmc drive: 32x/32x xa/form2 tray
Jun 25 11:42:35 ubuntu kernel: [    6.059924] cdrom: Uniform CD-ROM driver Revision: 3.20
Jun 25 11:42:35 ubuntu kernel: [    6.060320] sr 0:0:0:0: Attached scsi CD-ROM sr0
Jun 25 11:42:35 ubuntu kernel: [    6.060879] sr 0:0:0:0: Attached scsi generic sg0 type 5
Jun 25 11:42:35 ubuntu kernel: [    6.108375] e1000 0000:00:08.0 eth1: (PCI:33MHz:32-bit) 08:00:27:60:64:64
Jun 25 11:42:35 ubuntu kernel: [    6.108379] e1000 0000:00:08.0 eth1: Intel(R) PRO/1000 Network Connection
Jun 25 11:42:35 ubuntu kernel: [    6.380376] ata2: SATA link down (SStatus 0 SControl 300)
Jun 25 11:42:35 ubuntu kernel: [    6.700402] ata3: SATA link up 3.0 Gbps (SStatus 123 SControl 300)
Jun 25 11:42:35 ubuntu kernel: [    6.700512] ata3.00: ATA-6: VBOX HARDDISK, 1.0, max UDMA/133
Jun 25 11:42:35 ubuntu kernel: [    6.700514] ata3.00: 26214400 sectors, multi 128: LBA48 NCQ (depth 31/32)
Jun 25 11:42:35 ubuntu kernel: [    6.700640] ata3.00: configured for UDMA/133
Jun 25 11:42:35 ubuntu kernel: [    6.700839] scsi 2:0:0:0: Direct-Access     ATA      VBOX HARDDISK    1.0  PQ: 0 ANSI: 5
Jun 25 11:42:35 ubuntu kernel: [    6.701120] sd 2:0:0:0: [sda] 26214400 512-byte logical blocks: (13.4 GB/12.5 GiB)
Jun 25 11:42:35 ubuntu kernel: [    6.701167] sd 2:0:0:0: [sda] Write Protect is off
Jun 25 11:42:35 ubuntu kernel: [    6.701169] sd 2:0:0:0: [sda] Mode Sense: 00 3a 00 00
Jun 25 11:42:35 ubuntu kernel: [    6.701199] sd 2:0:0:0: [sda] Write cache: enabled, read cache: enabled, doesn't support DPO or FUA
Jun 25 11:42:35 ubuntu kernel: [    6.701523] sd 2:0:0:0: Attached scsi generic sg1 type 0
Jun 25 11:42:35 ubuntu kernel: [    6.702486] sd 2:0:0:0: [sda] Attached SCSI disk
Jun 25 11:42:35 ubuntu kernel: [    6.768275] tsc: Refined TSC clocksource calibration: 2992.606 MHz
Jun 25 11:42:35 ubuntu kernel: [    6.768292] clocksource: tsc: mask: 0xffffffffffffffff max_cycles: 0x2b22fc7e0a0, max_idle_ns: 440795286490 ns
Jun 25 11:42:35 ubuntu kernel: [    7.020489] ata4: SATA link up 3.0 Gbps (SStatus 123 SControl 300)
Jun 25 11:42:35 ubuntu kernel: [    7.020638] ata4.00: ATA-6: VBOX HARDDISK, 1.0, max UDMA/133
Jun 25 11:42:35 ubuntu kernel: [    7.020641] ata4.00: 16580608 sectors, multi 128: LBA48 NCQ (depth 31/32)
Jun 25 11:42:35 ubuntu kernel: [    7.020821] ata4.00: configured for UDMA/133
Jun 25 11:42:35 ubuntu kernel: [    7.020962] scsi 3:0:0:0: Direct-Access     ATA      VBOX HARDDISK    1.0  PQ: 0 ANSI: 5
Jun 25 11:42:35 ubuntu kernel: [    7.021445] sd 3:0:0:0: [sdb] 16580608 512-byte logical blocks: (8.49 GB/7.91 GiB)
Jun 25 11:42:35 ubuntu kernel: [    7.021503] sd 3:0:0:0: [sdb] Write Protect is off
Jun 25 11:42:35 ubuntu kernel: [    7.021507] sd 3:0:0:0: [sdb] Mode Sense: 00 3a 00 00
Jun 25 11:42:35 ubuntu kernel: [    7.021533] sd 3:0:0:0: [sdb] Write cache: enabled, read cache: enabled, doesn't support DPO or FUA
Jun 25 11:42:35 ubuntu kernel: [    7.022209] sd 3:0:0:0: Attached scsi generic sg2 type 0
Jun 25 11:42:35 ubuntu kernel: [    7.023082] sd 3:0:0:0: [sdb] Attached SCSI disk
Jun 25 11:42:35 ubuntu kernel: [    7.340411] ata5: SATA link up 3.0 Gbps (SStatus 123 SControl 300)
Jun 25 11:42:35 ubuntu kernel: [    7.340568] ata5.00: ATA-6: VBOX HARDDISK, 1.0, max UDMA/133
Jun 25 11:42:35 ubuntu kernel: [    7.340571] ata5.00: 41943040 sectors, multi 128: LBA48 NCQ (depth 31/32)
Jun 25 11:42:35 ubuntu kernel: [    7.340771] ata5.00: configured for UDMA/133
Jun 25 11:42:35 ubuntu kernel: [    7.340927] scsi 4:0:0:0: Direct-Access     ATA      VBOX HARDDISK    1.0  PQ: 0 ANSI: 5
Jun 25 11:42:35 ubuntu kernel: [    7.341368] sd 4:0:0:0: [sdc] 41943040 512-byte logical blocks: (21.5 GB/20.0 GiB)
Jun 25 11:42:35 ubuntu kernel: [    7.341426] sd 4:0:0:0: [sdc] Write Protect is off
Jun 25 11:42:35 ubuntu kernel: [    7.341436] sd 4:0:0:0: [sdc] Mode Sense: 00 3a 00 00
Jun 25 11:42:35 ubuntu kernel: [    7.341465] sd 4:0:0:0: [sdc] Write cache: enabled, read cache: enabled, doesn't support DPO or FUA
Jun 25 11:42:35 ubuntu kernel: [    7.342104] sd 4:0:0:0: Attached scsi generic sg3 type 0
Jun 25 11:42:35 ubuntu kernel: [    7.343005] sd 4:0:0:0: [sdc] Attached SCSI disk
Jun 25 11:42:35 ubuntu kernel: [    7.660426] ata6: SATA link down (SStatus 0 SControl 300)
Jun 25 11:42:35 ubuntu kernel: [    7.980432] ata7: SATA link down (SStatus 0 SControl 300)
Jun 25 11:42:35 ubuntu kernel: [    8.120421] floppy0: no floppy controllers found
Jun 25 11:42:35 ubuntu kernel: [    8.120535] work still pending
Jun 25 11:42:35 ubuntu kernel: [    8.300576] ata8: SATA link up 3.0 Gbps (SStatus 123 SControl 300)
Jun 25 11:42:35 ubuntu kernel: [    8.300766] ata8.00: ATAPI: VBOX CD-ROM, 1.0, max UDMA/133
Jun 25 11:42:35 ubuntu kernel: [    8.300770] ata8.00: applying bridge limits
Jun 25 11:42:35 ubuntu kernel: [    8.301001] ata8.00: configured for UDMA/100
Jun 25 11:42:35 ubuntu kernel: [    8.301343] scsi 7:0:0:0: CD-ROM            VBOX     CD-ROM           1.0  PQ: 0 ANSI: 5
Jun 25 11:42:35 ubuntu kernel: [    8.301877] sr 7:0:0:0: [sr1] scsi3-mmc drive: 32x/32x xa/form2 tray
Jun 25 11:42:35 ubuntu kernel: [    8.302392] sr 7:0:0:0: Attached scsi CD-ROM sr1
Jun 25 11:42:35 ubuntu kernel: [    8.302667] sr 7:0:0:0: Attached scsi generic sg4 type 5
Jun 25 11:42:35 ubuntu kernel: [    8.620425] ata9: SATA link up 3.0 Gbps (SStatus 123 SControl 300)
Jun 25 11:42:35 ubuntu kernel: [    8.620600] ata9.00: ATAPI: VBOX CD-ROM, 1.0, max UDMA/133
Jun 25 11:42:35 ubuntu kernel: [    8.620604] ata9.00: applying bridge limits
Jun 25 11:42:35 ubuntu kernel: [    8.620803] ata9.00: configured for UDMA/100
Jun 25 11:42:35 ubuntu kernel: [    8.621261] scsi 8:0:0:0: CD-ROM            VBOX     CD-ROM           1.0  PQ: 0 ANSI: 5
Jun 25 11:42:35 ubuntu kernel: [    8.628533] sr 8:0:0:0: [sr2] scsi3-mmc drive: 32x/32x xa/form2 tray
Jun 25 11:42:35 ubuntu kernel: [    8.628971] sr 8:0:0:0: Attached scsi CD-ROM sr2
Jun 25 11:42:35 ubuntu kernel: [    8.629224] sr 8:0:0:0: Attached scsi generic sg5 type 5
Jun 25 11:42:35 ubuntu kernel: [    8.861427] random: nonblocking pool is initialized
Jun 25 11:42:35 ubuntu kernel: [   11.265736] ISO 9660 Extensions: Microsoft Joliet Level 3
Jun 25 11:42:35 ubuntu kernel: [   11.272720] ISO 9660 Extensions: RRIP_1991A
Jun 25 11:42:35 ubuntu kernel: [   19.232406] floppy0: no floppy controllers found
Jun 25 11:42:35 ubuntu kernel: [   35.056293] systemd-udevd[3146]: starting version 204
Jun 25 11:42:35 ubuntu kernel: [   36.002747] lp: driver loaded but no devices found
Jun 25 11:42:35 ubuntu kernel: [   36.060465] ppdev: user-space parallel port driver
Jun 25 11:42:35 ubuntu kernel: [   36.664191] Bluetooth: Core ver 2.21
Jun 25 11:42:35 ubuntu kernel: [   36.667663] NET: Registered protocol family 31
Jun 25 11:42:35 ubuntu kernel: [   36.667666] Bluetooth: HCI device and connection manager initialized
Jun 25 11:42:35 ubuntu kernel: [   36.667688] Bluetooth: HCI socket layer initialized
Jun 25 11:42:35 ubuntu kernel: [   36.667691] Bluetooth: L2CAP socket layer initialized
Jun 25 11:42:35 ubuntu kernel: [   36.667708] Bluetooth: SCO socket layer initialized
Jun 25 11:42:35 ubuntu kernel: [   36.803972] Bluetooth: BNEP (Ethernet Emulation) ver 1.3
Jun 25 11:42:35 ubuntu kernel: [   36.803981] Bluetooth: BNEP filters: protocol multicast
Jun 25 11:42:35 ubuntu kernel: [   36.804001] Bluetooth: BNEP socket layer initialized
Jun 25 11:42:35 ubuntu kernel: [   36.844594] Bluetooth: RFCOMM TTY layer initialized
Jun 25 11:42:35 ubuntu kernel: [   36.844617] Bluetooth: RFCOMM socket layer initialized
Jun 25 11:42:35 ubuntu kernel: [   36.844643] Bluetooth: RFCOMM ver 1.11
Jun 25 11:42:35 ubuntu avahi-daemon[3248]: Found user 'avahi' (UID 111) and group 'avahi' (GID 117).
Jun 25 11:42:35 ubuntu avahi-daemon[3248]: Successfully dropped root privileges.
Jun 25 11:42:35 ubuntu avahi-daemon[3248]: avahi-daemon 0.6.31 starting up.
Jun 25 11:42:35 ubuntu avahi-daemon[3248]: Successfully called chroot().
Jun 25 11:42:35 ubuntu avahi-daemon[3248]: Successfully dropped remaining capabilities.
Jun 25 11:42:35 ubuntu avahi-daemon[3248]: No service file found in /etc/avahi/services.
Jun 25 11:42:35 ubuntu avahi-daemon[3248]: Network interface enumeration completed.
Jun 25 11:42:35 ubuntu avahi-daemon[3248]: Registering HINFO record with values 'X86_64'/'LINUX'.
Jun 25 11:42:35 ubuntu avahi-daemon[3248]: Server startup complete. Host name is ubuntu.local. Local service cookie is 417214365.
Jun 25 11:42:36 ubuntu kernel: [   37.376024] piix4_smbus 0000:00:07.0: SMBus Host Controller at 0x4100, revision 0
Jun 25 11:42:36 ubuntu kernel: [   37.731178] vgdrvHeartbeatInit: Setting up heartbeat to trigger every 2000 milliseconds
Jun 25 11:42:36 ubuntu kernel: [   37.809106] input: Unspecified device as /devices/pci0000:00/0000:00:04.0/input/input6
Jun 25 11:42:36 ubuntu kernel: [   37.838152] [drm] Initialized drm 1.1.0 20060810
Jun 25 11:42:36 ubuntu kernel: [   37.841478] vboxguest: misc device minor 55, IRQ 20, I/O port d020, MMIO at 00000000f0400000 (size 0x400000)
Jun 25 11:42:36 ubuntu kernel: [   37.841488] vboxguest: Successfully loaded version 5.0.18_Ubuntu (interface 0x00010004)
Jun 25 11:42:37 ubuntu kernel: [   38.491197] device-mapper: multipath: version 1.10.0 loaded
Jun 25 11:42:37 ubuntu kernel: [   38.576926] [drm] VRAM 00a00000
Jun 25 11:42:37 ubuntu kernel: [   38.581435] [TTM] Zone  kernel: Available graphics memory: 508232 kiB
Jun 25 11:42:37 ubuntu kernel: [   38.581437] [TTM] Initializing pool allocator
Jun 25 11:42:37 ubuntu kernel: [   38.581456] [TTM] Initializing DMA pool allocator
Jun 25 11:42:37 ubuntu kernel: [   38.595193] fbcon: vboxdrmfb (fb0) is primary device
Jun 25 11:42:37 ubuntu kernel: [   38.862700] Console: switching to colour frame buffer device 100x37
Jun 25 11:42:37 ubuntu kernel: [   38.864396] vboxvideo 0000:00:02.0: fb0: vboxdrmfb frame buffer device
Jun 25 11:42:37 ubuntu kernel: [   38.906008] [drm] Initialized vboxvideo 1.0.0 20130823 for 0000:00:02.0 on minor 0
Jun 25 11:42:38 ubuntu failsafe: Failsafe of 120 seconds reached.
Jun 25 11:42:39 ubuntu kernel: [   40.570107] init: failsafe main process (3396) killed by TERM signal
Jun 25 11:42:39 ubuntu kernel: [   40.751102] floppy0: no floppy controllers found
Jun 25 11:42:39 ubuntu ModemManager[3479]: <info>  ModemManager (version 1.0.0) starting...
Jun 25 11:42:39 ubuntu kernel: [   41.280663] snd_intel8x0 0000:00:05.0: disable (unknown or VT-d) VM optimization
Jun 25 11:42:40 ubuntu NetworkManager[3516]: <info> NetworkManager (version 0.9.8.8) is starting...
Jun 25 11:42:40 ubuntu NetworkManager[3516]: <info> Read config file /etc/NetworkManager/NetworkManager.conf
Jun 25 11:42:40 ubuntu NetworkManager[3516]: <info> WEXT support is enabled
Jun 25 11:42:40 ubuntu NetworkManager[3516]: <info> VPN: loaded org.freedesktop.NetworkManager.pptp
Jun 25 11:42:40 ubuntu NetworkManager[3516]: <info> DNS: loaded plugin dnsmasq
Jun 25 11:42:40 ubuntu dbus[3162]: [system] Activating service name='org.freedesktop.PolicyKit1' (using servicehelper)
Jun 25 11:42:40 ubuntu kernel: [   41.731205] snd_intel8x0 0000:00:05.0: intel8x0_measure_ac97_clock: measured 56721 usecs (12604 samples)
Jun 25 11:42:40 ubuntu kernel: [   41.731225] snd_intel8x0 0000:00:05.0: measured clock 222210 rejected
Jun 25 11:42:40 ubuntu polkitd[3527]: started daemon version 0.105 using authority implementation `local' version `0.105'
Jun 25 11:42:40 ubuntu dbus[3162]: [system] Successfully activated service 'org.freedesktop.PolicyKit1'
Jun 25 11:42:40 ubuntu NetworkManager[3516]:    SCPlugin-Ifupdown: init!
Jun 25 11:42:40 ubuntu NetworkManager[3516]:    SCPlugin-Ifupdown: update_system_hostname
Jun 25 11:42:40 ubuntu NetworkManager[3516]:       interface-parser: parsing file /etc/network/interfaces
Jun 25 11:42:40 ubuntu NetworkManager[3516]:       interface-parser: finished parsing file /etc/network/interfaces
Jun 25 11:42:40 ubuntu NetworkManager[3516]:    SCPluginIfupdown: management mode: unmanaged
Jun 25 11:42:40 ubuntu NetworkManager[3516]:    SCPlugin-Ifupdown: devices added (path: /sys/devices/pci0000:00/0000:00:03.0/net/eth0, iface: eth0)
Jun 25 11:42:40 ubuntu NetworkManager[3516]:    SCPlugin-Ifupdown: device added (path: /sys/devices/pci0000:00/0000:00:03.0/net/eth0, iface: eth0): no ifupdown configuration found.
Jun 25 11:42:40 ubuntu NetworkManager[3516]:    SCPlugin-Ifupdown: devices added (path: /sys/devices/pci0000:00/0000:00:08.0/net/eth1, iface: eth1)
Jun 25 11:42:40 ubuntu NetworkManager[3516]:    SCPlugin-Ifupdown: device added (path: /sys/devices/pci0000:00/0000:00:08.0/net/eth1, iface: eth1): no ifupdown configuration found.
Jun 25 11:42:40 ubuntu NetworkManager[3516]:    SCPlugin-Ifupdown: devices added (path: /sys/devices/virtual/net/lo, iface: lo)
Jun 25 11:42:40 ubuntu NetworkManager[3516]:    SCPlugin-Ifupdown: device added (path: /sys/devices/virtual/net/lo, iface: lo): no ifupdown configuration found.
Jun 25 11:42:40 ubuntu NetworkManager[3516]:    SCPlugin-Ifupdown: end _init.
Jun 25 11:42:40 ubuntu NetworkManager[3516]: <info> Loaded plugin ifupdown: (C) 2008 Canonical Ltd.  To report bugs please use the NetworkManager mailing list.
Jun 25 11:42:40 ubuntu NetworkManager[3516]: <info> Loaded plugin keyfile: (c) 2007 - 2010 Red Hat, Inc.  To report bugs please use the NetworkManager mailing list.
Jun 25 11:42:40 ubuntu NetworkManager[3516]:    SCPlugin-Ofono: Acquired D-Bus service com.canonical.NMOfono
Jun 25 11:42:40 ubuntu NetworkManager[3516]:    SCPlugin-Ofono: init!
Jun 25 11:42:40 ubuntu NetworkManager[3516]:    SCPlugin-Ofono: end _init.
Jun 25 11:42:40 ubuntu NetworkManager[3516]: <info> Loaded plugin (null): (null)
Jun 25 11:42:40 ubuntu NetworkManager[3516]:    Ifupdown: get unmanaged devices count: 0
Jun 25 11:42:40 ubuntu NetworkManager[3516]:    SCPlugin-Ifupdown: (36540176) ... get_connections.
Jun 25 11:42:40 ubuntu NetworkManager[3516]:    SCPlugin-Ifupdown: (36540176) ... get_connections (managed=false): return empty list.
Jun 25 11:42:40 ubuntu NetworkManager[3516]:    SCPlugin-Ofono: (36347568) ... get_connections.
Jun 25 11:42:40 ubuntu NetworkManager[3516]:    SCPlugin-Ofono: (36347568) connections count: 0
Jun 25 11:42:40 ubuntu NetworkManager[3516]:    Ifupdown: get unmanaged devices count: 0
Jun 25 11:42:40 ubuntu NetworkManager[3516]: <info> monitoring kernel firmware directory '/lib/firmware'.
Jun 25 11:42:40 ubuntu NetworkManager[3516]: <info> WiFi enabled by radio killswitch; enabled by state file
Jun 25 11:42:40 ubuntu NetworkManager[3516]: <info> WWAN enabled by radio killswitch; enabled by state file
Jun 25 11:42:40 ubuntu NetworkManager[3516]: <info> WiMAX enabled by radio killswitch; enabled by state file
Jun 25 11:42:40 ubuntu NetworkManager[3516]: <info> Networking is enabled by state file
Jun 25 11:42:40 ubuntu NetworkManager[3516]: <warn> failed to allocate link cache: (-12) Object not found
Jun 25 11:42:40 ubuntu NetworkManager[3516]: <info> (eth0): carrier is OFF
Jun 25 11:42:40 ubuntu NetworkManager[3516]: <info> (eth0): new Ethernet device (driver: 'e1000' ifindex: 2)
Jun 25 11:42:40 ubuntu NetworkManager[3516]: <info> (eth0): exported as /org/freedesktop/NetworkManager/Devices/0
Jun 25 11:42:40 ubuntu NetworkManager[3516]: <info> (eth0): device state change: unmanaged -> unavailable (reason 'managed') [10 20 2]
Jun 25 11:42:40 ubuntu NetworkManager[3516]: <info> (eth0): bringing up device.
Jun 25 11:42:40 ubuntu NetworkManager[3516]: <info> (eth0): preparing device.
Jun 25 11:42:40 ubuntu NetworkManager[3516]: <info> (eth0): deactivating device (reason 'managed') [2]
Jun 25 11:42:40 ubuntu kernel: [   41.906566] IPv6: ADDRCONF(NETDEV_UP): eth0: link is not ready
Jun 25 11:42:40 ubuntu NetworkManager[3516]: <info> Added default wired connection 'Wired connection 1' for /sys/devices/pci0000:00/0000:00:03.0/net/eth0
Jun 25 11:42:40 ubuntu NetworkManager[3516]: <warn> failed to allocate link cache: (-12) Object not found
Jun 25 11:42:40 ubuntu NetworkManager[3516]: <info> (eth1): carrier is OFF
Jun 25 11:42:40 ubuntu NetworkManager[3516]: <info> (eth1): new Ethernet device (driver: 'e1000' ifindex: 3)
Jun 25 11:42:40 ubuntu NetworkManager[3516]: <info> (eth1): exported as /org/freedesktop/NetworkManager/Devices/1
Jun 25 11:42:40 ubuntu NetworkManager[3516]: <info> (eth1): device state change: unmanaged -> unavailable (reason 'managed') [10 20 2]
Jun 25 11:42:40 ubuntu NetworkManager[3516]: <info> (eth1): bringing up device.
Jun 25 11:42:40 ubuntu kernel: [   41.920625] IPv6: ADDRCONF(NETDEV_UP): eth1: link is not ready
Jun 25 11:42:40 ubuntu kernel: [   41.922152] e1000: eth1 NIC Link is Up 1000 Mbps Full Duplex, Flow Control: RX
Jun 25 11:42:40 ubuntu kernel: [   41.922718] IPv6: ADDRCONF(NETDEV_CHANGE): eth1: link becomes ready
Jun 25 11:42:40 ubuntu NetworkManager[3516]: <info> (eth1): preparing device.
Jun 25 11:42:40 ubuntu NetworkManager[3516]: <info> (eth1): deactivating device (reason 'managed') [2]
Jun 25 11:42:40 ubuntu NetworkManager[3516]: <info> Added default wired connection 'Wired connection 2' for /sys/devices/pci0000:00/0000:00:08.0/net/eth1
Jun 25 11:42:40 ubuntu NetworkManager[3516]: <warn> /sys/devices/virtual/net/lo: couldn't determine device driver; ignoring...
Jun 25 11:42:40 ubuntu NetworkManager[3516]: <warn> /sys/devices/virtual/net/lo: couldn't determine device driver; ignoring...
Jun 25 11:42:40 ubuntu NetworkManager[3516]: <info> (eth1): carrier now ON (device state 20)
Jun 25 11:42:40 ubuntu NetworkManager[3516]: <info> urfkill disappeared from the bus
Jun 25 11:42:40 ubuntu NetworkManager[3516]: <info> (eth1): device state change: unavailable -> disconnected (reason 'carrier-changed') [20 30 40]
Jun 25 11:42:40 ubuntu NetworkManager[3516]: <info> ModemManager available in the bus
Jun 25 11:42:40 ubuntu NetworkManager[3516]: <info> Auto-activating connection 'Wired connection 2'.
Jun 25 11:42:40 ubuntu NetworkManager[3516]: <info> Activation (eth1) starting connection 'Wired connection 2'
Jun 25 11:42:40 ubuntu NetworkManager[3516]: <info> (eth1): device state change: disconnected -> prepare (reason 'none') [30 40 0]
Jun 25 11:42:40 ubuntu NetworkManager[3516]: <info> NetworkManager state is now CONNECTING
Jun 25 11:42:40 ubuntu NetworkManager[3516]: <info> Activation (eth1) Stage 1 of 5 (Device Prepare) scheduled...
Jun 25 11:42:40 ubuntu NetworkManager[3516]: <info> Activation (eth1) Stage 1 of 5 (Device Prepare) started...
Jun 25 11:42:40 ubuntu NetworkManager[3516]: <info> Activation (eth1) Stage 2 of 5 (Device Configure) scheduled...
Jun 25 11:42:40 ubuntu NetworkManager[3516]: <info> Activation (eth1) Stage 1 of 5 (Device Prepare) complete.
Jun 25 11:42:40 ubuntu NetworkManager[3516]: <info> Activation (eth1) Stage 2 of 5 (Device Configure) starting...
Jun 25 11:42:40 ubuntu NetworkManager[3516]: <info> (eth1): device state change: prepare -> config (reason 'none') [40 50 0]
Jun 25 11:42:40 ubuntu NetworkManager[3516]: <info> Activation (eth1) Stage 2 of 5 (Device Configure) successful.
Jun 25 11:42:40 ubuntu NetworkManager[3516]: <info> Activation (eth1) Stage 3 of 5 (IP Configure Start) scheduled.
Jun 25 11:42:40 ubuntu NetworkManager[3516]: <info> Activation (eth1) Stage 2 of 5 (Device Configure) complete.
Jun 25 11:42:40 ubuntu NetworkManager[3516]: <info> Activation (eth1) Stage 3 of 5 (IP Configure Start) started...
Jun 25 11:42:40 ubuntu NetworkManager[3516]: <info> (eth1): device state change: config -> ip-config (reason 'none') [50 70 0]
Jun 25 11:42:40 ubuntu NetworkManager[3516]: <info> Activation (eth1) Beginning DHCPv4 transaction (timeout in 45 seconds)
Jun 25 11:42:40 ubuntu NetworkManager[3516]: <info> dhclient started with pid 3545
Jun 25 11:42:40 ubuntu NetworkManager[3516]: <info> Activation (eth1) Beginning IP6 addrconf.
Jun 25 11:42:40 ubuntu NetworkManager[3516]: <info> Activation (eth1) Stage 3 of 5 (IP Configure Start) complete.
Jun 25 11:42:40 ubuntu dhclient: Internet Systems Consortium DHCP Client 4.2.4
Jun 25 11:42:40 ubuntu dhclient: Copyright 2004-2012 Internet Systems Consortium.
Jun 25 11:42:40 ubuntu dhclient: All rights reserved.
Jun 25 11:42:40 ubuntu dhclient: For info, please visit https://www.isc.org/software/dhcp/
Jun 25 11:42:40 ubuntu dhclient: 
Jun 25 11:42:40 ubuntu kernel: [   42.092365] snd_intel8x0 0000:00:05.0: intel8x0_measure_ac97_clock: measured 55559 usecs (12603 samples)
Jun 25 11:42:40 ubuntu kernel: [   42.092369] snd_intel8x0 0000:00:05.0: measured clock 226839 rejected
Jun 25 11:42:40 ubuntu NetworkManager[3516]: <info> (eth1): DHCPv4 state changed nbi -> preinit
Jun 25 11:42:40 ubuntu dhclient: Listening on LPF/eth1/08:00:27:60:64:64
Jun 25 11:42:40 ubuntu dhclient: Sending on   LPF/eth1/08:00:27:60:64:64
Jun 25 11:42:40 ubuntu dhclient: Sending on   Socket/fallback
Jun 25 11:42:40 ubuntu dhclient: DHCPDISCOVER on eth1 to 255.255.255.255 port 67 interval 3 (xid=0x404da254)
Jun 25 11:42:41 ubuntu kernel: [   42.454134] snd_intel8x0 0000:00:05.0: intel8x0_measure_ac97_clock: measured 55362 usecs (12604 samples)
Jun 25 11:42:41 ubuntu kernel: [   42.454151] snd_intel8x0 0000:00:05.0: measured clock 227665 rejected
Jun 25 11:42:41 ubuntu kernel: [   42.454153] snd_intel8x0 0000:00:05.0: clocking to 48000
Jun 25 11:42:41 ubuntu ModemManager[3479]: <warn>  Couldn't find support for device at '/sys/devices/pci0000:00/0000:00:03.0': not supported by any plugin
Jun 25 11:42:41 ubuntu ModemManager[3479]: <warn>  Couldn't find support for device at '/sys/devices/pci0000:00/0000:00:08.0': not supported by any plugin
Jun 25 11:42:42 ubuntu avahi-daemon[3248]: Joining mDNS multicast group on interface eth1.IPv6 with address fe80::a00:27ff:fe60:6464.
Jun 25 11:42:42 ubuntu avahi-daemon[3248]: New relevant interface eth1.IPv6 for mDNS.
Jun 25 11:42:42 ubuntu avahi-daemon[3248]: Registering new address record for fe80::a00:27ff:fe60:6464 on eth1.*.
Jun 25 11:42:42 ubuntu NetworkManager[3516]: <info> Activation (eth1) Stage 3 of 5 (IP Configure Start) starting DHCPv6 as requested by IPv6 router...
Jun 25 11:42:42 ubuntu NetworkManager[3516]: <info> Activation (eth1) Beginning DHCPv6 transaction (timeout in 45 seconds)
Jun 25 11:42:43 ubuntu NetworkManager[3516]: <info> dhclient started with pid 3721
Jun 25 11:42:43 ubuntu dhclient: Internet Systems Consortium DHCP Client 4.2.4
Jun 25 11:42:43 ubuntu dhclient: Copyright 2004-2012 Internet Systems Consortium.
Jun 25 11:42:43 ubuntu dhclient: All rights reserved.
Jun 25 11:42:43 ubuntu dhclient: For info, please visit https://www.isc.org/software/dhcp/
Jun 25 11:42:43 ubuntu dhclient: 
Jun 25 11:42:43 ubuntu NetworkManager[3516]: <info> (eth1): DHCPv6 state changed nbi -> preinit6
Jun 25 11:42:43 ubuntu dhclient: Bound to *:546
Jun 25 11:42:43 ubuntu dhclient: Listening on Socket/eth1
Jun 25 11:42:43 ubuntu dhclient: Sending on   Socket/eth1
Jun 25 11:42:43 ubuntu cron[3605]: (CRON) INFO (pidfile fd = 3)
Jun 25 11:42:43 ubuntu acpid: starting up with netlink and the input layer
Jun 25 11:42:43 ubuntu acpid: 9 rules loaded
Jun 25 11:42:43 ubuntu acpid: waiting for events: event logging is off
Jun 25 11:42:43 ubuntu dhclient: DHCPDISCOVER on eth1 to 255.255.255.255 port 67 interval 4 (xid=0x404da254)
Jun 25 11:42:43 ubuntu dhclient: XMT: Solicit on eth1, interval 1020ms.
Jun 25 11:42:43 ubuntu dhclient: RCV: Advertise message on eth1 from fe80::a00:27ff:fe1a:5be3.
Jun 25 11:42:43 ubuntu /usr/sbin/irqbalance: Balancing is ineffective on systems with a single cache domain.  Shutting down
Jun 25 11:42:43 ubuntu kernel: [   45.226819] init: alsa-restore main process (3754) terminated with status 99
Jun 25 11:42:43 ubuntu cron[3766]: (CRON) STARTUP (fork ok)
Jun 25 11:42:43 ubuntu cron[3766]: (CRON) INFO (Running @reboot jobs)
Jun 25 11:42:44 ubuntu avahi-daemon[3248]: Leaving mDNS multicast group on interface eth1.IPv6 with address fe80::a00:27ff:fe60:6464.
Jun 25 11:42:44 ubuntu avahi-daemon[3248]: Joining mDNS multicast group on interface eth1.IPv6 with address fdbf:946a:5c97:1:a00:27ff:fe60:6464.
Jun 25 11:42:44 ubuntu avahi-daemon[3248]: Registering new address record for fdbf:946a:5c97:1:a00:27ff:fe60:6464 on eth1.*.
Jun 25 11:42:44 ubuntu avahi-daemon[3248]: Withdrawing address record for fe80::a00:27ff:fe60:6464 on eth1.
Jun 25 11:42:44 ubuntu avahi-daemon[3248]: Registering new address record for fdbf:946a:5c97:1:adae:4485:543a:95a5 on eth1.*.
Jun 25 11:42:44 ubuntu dhclient: XMT: Request on eth1, interval 950ms.
Jun 25 11:42:44 ubuntu dhclient: RCV: Reply message on eth1 from fe80::a00:27ff:fe1a:5be3.
Jun 25 11:42:44 ubuntu NetworkManager[3516]: <info> (eth1): DHCPv6 state changed preinit6 -> bound6
Jun 25 11:42:44 ubuntu NetworkManager[3516]: <info>   address fdbf:946a:5c97:1:80::48/128
Jun 25 11:42:44 ubuntu NetworkManager[3516]: <info>   nameserver 'fdbf:946a:5c97:1::1:13'
Jun 25 11:42:44 ubuntu NetworkManager[3516]: <info>   domain search 'quarantine.vima.austin.tx.us.'
Jun 25 11:42:44 ubuntu NetworkManager[3516]: <info> Activation (eth1) Stage 5 of 5 (IPv6 Commit) scheduled...
Jun 25 11:42:44 ubuntu NetworkManager[3516]: <info> Activation (eth1) Stage 5 of 5 (IPv6 Commit) started...
Jun 25 11:42:45 ubuntu NetworkManager[3516]: <info> (eth1): device state change: ip-config -> secondaries (reason 'none') [70 90 0]
Jun 25 11:42:45 ubuntu NetworkManager[3516]: <info> Activation (eth1) Stage 5 of 5 (IPv6 Commit) complete.
Jun 25 11:42:45 ubuntu NetworkManager[3516]: <info> (eth1): device state change: secondaries -> activated (reason 'none') [90 100 0]
Jun 25 11:42:45 ubuntu NetworkManager[3516]: <info> NetworkManager state is now CONNECTED_GLOBAL
Jun 25 11:42:45 ubuntu NetworkManager[3516]: <error> [1498390965.914838] [nm-system.c:1266] nm_system_replace_default_ip6_route(): (eth1): failed to set IPv6 default route: -7
Jun 25 11:42:45 ubuntu NetworkManager[3516]: <info> Policy set 'Wired connection 2' (eth1) as default for IPv6 routing and DNS.
Jun 25 11:42:45 ubuntu NetworkManager[3516]: <info> DNS: starting dnsmasq...
Jun 25 11:42:46 ubuntu NetworkManager[3516]: <warn> dnsmasq not available on the bus, can't update servers.
Jun 25 11:42:46 ubuntu NetworkManager[3516]: <error> [1498390966.79462] [nm-dns-dnsmasq.c:396] update(): dnsmasq owner not found on bus: Could not get owner of name 'org.freedesktop.NetworkManager.dnsmasq': no such name
Jun 25 11:42:46 ubuntu NetworkManager[3516]: <warn> DNS: plugin dnsmasq update failed
Jun 25 11:42:46 ubuntu NetworkManager[3516]: <info> Writing DNS information to /sbin/resolvconf
Jun 25 11:42:46 ubuntu dnsmasq[3892]: started, version 2.68 cache disabled
Jun 25 11:42:46 ubuntu dnsmasq[3892]: compile time options: IPv6 GNU-getopt DBus i18n IDN DHCP DHCPv6 no-Lua TFTP conntrack ipset auth
Jun 25 11:42:46 ubuntu dnsmasq[3892]: DBus support enabled: connected to system bus
Jun 25 11:42:46 ubuntu dnsmasq[3892]: warning: no upstream servers configured
Jun 25 11:42:46 ubuntu avahi-daemon[3248]: Registering new address record for fdbf:946a:5c97:1:80::48 on eth1.*.
Jun 25 11:42:47 ubuntu dhclient: DHCPDISCOVER on eth1 to 255.255.255.255 port 67 interval 6 (xid=0x404da254)
Jun 25 11:42:48 ubuntu ntpdate[4021]: no servers can be used, exiting
Jun 25 11:42:48 ubuntu NetworkManager[3516]: <info> Activation (eth1) successful, device activated.
Jun 25 11:42:48 ubuntu dbus[3162]: [system] Activating service name='org.freedesktop.nm_dispatcher' (using servicehelper)
Jun 25 11:42:48 ubuntu NetworkManager[3516]: <warn> dnsmasq appeared on DBus: :1.19
Jun 25 11:42:48 ubuntu NetworkManager[3516]: <info> Writing DNS information to /sbin/resolvconf
Jun 25 11:42:48 ubuntu dnsmasq[3892]: setting upstream servers from DBus
Jun 25 11:42:48 ubuntu dnsmasq[3892]: using nameserver fdbf:946a:5c97:1::1:13#53
Jun 25 11:42:48 ubuntu dbus[3162]: [system] Successfully activated service 'org.freedesktop.nm_dispatcher'
Jun 25 11:42:49 ubuntu ntpdate[4147]: no servers can be used, exiting
Jun 25 11:42:50 ubuntu NetworkManager[3516]: <info> WiFi hardware radio set enabled
Jun 25 11:42:52 ubuntu kernel: [   53.911191] init: plymouth-upstart-bridge main process ended, respawning
Jun 25 11:42:52 ubuntu kernel: [   54.003253] init: plymouth-upstart-bridge main process (4244) terminated with status 1
Jun 25 11:42:52 ubuntu kernel: [   54.003300] init: plymouth-upstart-bridge main process ended, respawning
Jun 25 11:42:53 ubuntu dbus[3162]: [system] Activating service name='org.freedesktop.Accounts' (using servicehelper)
Jun 25 11:42:53 ubuntu accounts-daemon[4304]: started daemon version 0.6.35
Jun 25 11:42:53 ubuntu dbus[3162]: [system] Successfully activated service 'org.freedesktop.Accounts'
Jun 25 11:42:53 ubuntu dhclient: DHCPDISCOVER on eth1 to 255.255.255.255 port 67 interval 7 (xid=0x404da254)
Jun 25 11:42:54 ubuntu dbus[3162]: [system] Activating service name='org.freedesktop.UPower' (using servicehelper)
Jun 25 11:42:54 ubuntu dbus[3162]: [system] Successfully activated service 'org.freedesktop.UPower'
Jun 25 11:42:55 ubuntu dbus[3162]: [system] Activating service name='org.freedesktop.RealtimeKit1' (using servicehelper)
Jun 25 11:42:55 ubuntu dbus[3162]: [system] Activating service name='org.freedesktop.systemd1' (using servicehelper)
Jun 25 11:42:55 ubuntu dbus[3162]: [system] Successfully activated service 'org.freedesktop.RealtimeKit1'
Jun 25 11:42:55 ubuntu rtkit-daemon[4418]: Successfully called chroot.
Jun 25 11:42:55 ubuntu rtkit-daemon[4418]: Successfully dropped privileges.
Jun 25 11:42:55 ubuntu rtkit-daemon[4418]: Successfully limited resources.
Jun 25 11:42:55 ubuntu rtkit-daemon[4418]: Running.
Jun 25 11:42:55 ubuntu rtkit-daemon[4418]: Successfully made thread 4415 of process 4415 (n/a) owned by '999' high priority at nice level -11.
Jun 25 11:42:55 ubuntu rtkit-daemon[4418]: Watchdog thread running.
Jun 25 11:42:55 ubuntu rtkit-daemon[4418]: Canary thread running.
Jun 25 11:42:55 ubuntu rtkit-daemon[4418]: Supervising 1 threads of 1 processes of 1 users.
Jun 25 11:42:55 ubuntu dbus[3162]: [system] Successfully activated service 'org.freedesktop.systemd1'
Jun 25 11:42:55 ubuntu pulseaudio[4415]: [pulseaudio] alsa-util.c: Disabling timer-based scheduling because running inside a VM.
Jun 25 11:42:56 ubuntu rtkit-daemon[4418]: Successfully made thread 4444 of process 4415 (n/a) owned by '999' RT at priority 5.
Jun 25 11:42:56 ubuntu rtkit-daemon[4418]: Supervising 2 threads of 1 processes of 1 users.
Jun 25 11:42:56 ubuntu rtkit-daemon[4418]: Successfully made thread 4445 of process 4415 (n/a) owned by '999' RT at priority 5.
Jun 25 11:42:56 ubuntu rtkit-daemon[4418]: Supervising 3 threads of 1 processes of 1 users.
Jun 25 11:42:57 ubuntu dbus[3162]: [system] Activating service name='org.freedesktop.PolicyKit1' (using servicehelper)
Jun 25 11:42:57 ubuntu polkitd[4497]: started daemon version 0.105 using authority implementation `local' version `0.105'
Jun 25 11:42:57 ubuntu dbus[3162]: [system] Successfully activated service 'org.freedesktop.PolicyKit1'
Jun 25 11:43:00 ubuntu dhclient: DHCPDISCOVER on eth1 to 255.255.255.255 port 67 interval 14 (xid=0x404da254)
Jun 25 11:43:01 ubuntu dbus[3162]: [system] Activating service name='org.freedesktop.ColorManager' (using servicehelper)
Jun 25 11:43:01 ubuntu colord: Using config file /etc/colord.conf
Jun 25 11:43:01 ubuntu colord: Using mapping database file /var/lib/colord/mapping.db
Jun 25 11:43:02 ubuntu colord: Using device database file /var/lib/colord/storage.db
Jun 25 11:43:02 ubuntu colord: loaded plugin libcd_plugin_camera.so
Jun 25 11:43:02 ubuntu colord: plugin /usr/lib/x86_64-linux-gnu/colord-plugins/libcd_plugin_sane.so not loaded: plugin refused to load
Jun 25 11:43:02 ubuntu colord: loaded plugin libcd_plugin_scanner.so
Jun 25 11:43:02 ubuntu colord: Daemon ready for requests
Jun 25 11:43:02 ubuntu dbus[3162]: [system] Successfully activated service 'org.freedesktop.ColorManager'
Jun 25 11:43:02 ubuntu colord: Profile added: icc-c3e6382fa9b2d31b01b736f6f97aac3a
Jun 25 11:43:02 ubuntu colord: Profile added: icc-3a34aa6c3d1fb1ef63ff41e04ee00979
Jun 25 11:43:02 ubuntu colord: Profile added: icc-d6490883a866e4059370e1de1d840283
Jun 25 11:43:02 ubuntu colord: Profile added: icc-526fbc9bdf0d7156c553998d47a3b5fc
Jun 25 11:43:02 ubuntu colord: Profile added: icc-6a245ab2d8892e2e56232af93cd48b81
Jun 25 11:43:02 ubuntu colord: Profile added: icc-a1d13bd5309e0f06ceda6f0d75367823
Jun 25 11:43:02 ubuntu colord: Profile added: icc-a10be98be58460669fcdc6946939b7cf
Jun 25 11:43:02 ubuntu colord: Profile added: icc-523e494bc2f53c53d51d0758b07f4879
Jun 25 11:43:02 ubuntu colord: Profile added: icc-f64a1f19ce07290b35a752b00217b684
Jun 25 11:43:02 ubuntu colord: Profile added: icc-fb0ac62618f016ed9b92ce239258efa8
Jun 25 11:43:02 ubuntu colord: Profile added: icc-d4a7a2bd8ddaacf10e275e3db31d72b8
Jun 25 11:43:02 ubuntu colord: Profile added: icc-3bd2261b1125a0fd9ebf827a2d1bed84
Jun 25 11:43:02 ubuntu colord: Profile added: icc-0720e7cdbc792b77c0740c39f325ef9e
Jun 25 11:43:02 ubuntu colord: Profile added: icc-df7c0067b1eb9bcc9fc9b33bc3a797eb
Jun 25 11:43:02 ubuntu colord: Profile added: icc-57f0d896250f6f98f77ca1b0d19019c0
Jun 25 11:43:02 ubuntu colord: Profile added: icc-2f1f11ecd613fe5551420fcaf5b11ff8
Jun 25 11:43:02 ubuntu colord: Profile added: icc-72f5b1cba915b68ea75cc843e270df5a
Jun 25 11:43:02 ubuntu colord: Profile added: icc-0383c34650771ce95ef93fe916867725
Jun 25 11:43:02 ubuntu colord: Profile added: icc-6ad6d63767ce0393245528ada92f1cb2
Jun 25 11:43:02 ubuntu colord: Profile added: icc-c227f46f246694ba9971f270cb61a0c1
Jun 25 11:43:02 ubuntu colord: Profile added: icc-b0701c2ccf059287d0b067464df8bda9
Jun 25 11:43:02 ubuntu colord: Profile added: icc-ea421e3a65cfa796e2732ce36086e327
Jun 25 11:43:02 ubuntu colord: Profile added: icc-353a6bcabda00f04b6988f89126ce6f5
Jun 25 11:43:02 ubuntu colord: Profile added: icc-654b99c87e67edb1c1cfb0dcb7fa9d04
Jun 25 11:43:02 ubuntu dbus[3162]: [system] Activating service name='org.freedesktop.locale1' (using servicehelper)
Jun 25 11:43:02 ubuntu dbus[3162]: [system] Successfully activated service 'org.freedesktop.locale1'
Jun 25 11:43:02 ubuntu colord: Device added: xrandr-VBOX monitor-39322400
Jun 25 11:43:03 ubuntu ubiquity[4489]: Ubiquity 2.18.8.13
Jun 25 11:43:07 ubuntu colord: Automatic metadata add icc-cf44dc86011c9acc7ff4e0848e833dd6 to xrandr-VBOX monitor-39322400
Jun 25 11:43:07 ubuntu colord: Profile added: icc-cf44dc86011c9acc7ff4e0848e833dd6
Jun 25 11:43:12 ubuntu ubiquity[4489]: switched to page language
Jun 25 11:43:14 ubuntu dhclient: DHCPDISCOVER on eth1 to 255.255.255.255 port 67 interval 19 (xid=0x404da254)
Jun 25 11:43:16 ubuntu localechooser: info: debian-installer/language preseeded to 'en' (seen: true)
Jun 25 11:43:16 ubuntu localechooser: info: debian-installer/country preseeded to 'US' (seen: true)
Jun 25 11:43:16 ubuntu localechooser: info: debian-installer/locale preseeded to 'en_US.UTF-8' (seen: true)
Jun 25 11:43:16 ubuntu localechooser: info: Preseeded language ignored: unknown language code
Jun 25 11:43:16 ubuntu localechooser: info: Language = 'en'
Jun 25 11:43:16 ubuntu localechooser: info: line=en;0;US;UTF-8;en_US.UTF-8;;console-setup
Jun 25 11:43:16 ubuntu localechooser: info: Set debian-installer/language = 'en'
Jun 25 11:43:16 ubuntu localechooser: info: Default country = 'US'
Jun 25 11:43:16 ubuntu localechooser: info: Default locale = 'en_US.UTF-8'
Jun 25 11:43:16 ubuntu localechooser: info: Set debian-installer/consoledisplay = 'console-setup'
Jun 25 11:43:16 ubuntu localechooser: info: Set debian-installer/country = 'US'
Jun 25 11:43:16 ubuntu localechooser: info: Set debian-installer/locale = 'en_US.UTF-8'
Jun 25 11:43:16 ubuntu localechooser: info: System locale (debian-installer/locale) = 'en_US.UTF-8'
Jun 25 11:43:18 ubuntu ubiquity[4489]: debconffilter_done: ubi-language (current: ubi-language)
Jun 25 11:43:18 ubuntu ubiquity[4489]: Step_before = stepLanguage
Jun 25 11:43:19 ubuntu activate-dmraid: No Serial ATA RAID disks detected
Jun 25 11:43:19 ubuntu preseed: running preseed command partman/early_command: logger -i "Aubrey 3"
Jun 25 11:43:19 ubuntu logger[5844]: Aubrey 3
Jun 25 11:43:19 ubuntu kernel: [   80.929987] raid6: sse2x1   gen()  5411 MB/s
Jun 25 11:43:19 ubuntu kernel: [   81.014030] raid6: sse2x1   xor()  5637 MB/s
Jun 25 11:43:19 ubuntu kernel: [   81.080971] raid6: sse2x2   gen()  5667 MB/s
Jun 25 11:43:19 ubuntu kernel: [   81.150976] raid6: sse2x2   xor()  6149 MB/s
Jun 25 11:43:19 ubuntu kernel: [   81.217969] raid6: sse2x4   gen()  8719 MB/s
Jun 25 11:43:19 ubuntu kernel: [   81.289956] raid6: sse2x4   xor()  7297 MB/s
Jun 25 11:43:19 ubuntu kernel: [   81.289960] raid6: using algorithm sse2x4 gen() 8719 MB/s
Jun 25 11:43:19 ubuntu kernel: [   81.289961] raid6: .... xor() 7297 MB/s, rmw enabled
Jun 25 11:43:19 ubuntu kernel: [   81.289962] raid6: using ssse3x2 recovery algorithm
Jun 25 11:43:20 ubuntu kernel: [   81.309756] xor: measuring software checksum speed
Jun 25 11:43:20 ubuntu kernel: [   81.371002]    prefetch64-sse: 29696.000 MB/sec
Jun 25 11:43:20 ubuntu kernel: [   81.420963]    generic_sse: 29070.000 MB/sec
Jun 25 11:43:20 ubuntu kernel: [   81.420967] xor: using function: prefetch64-sse (29696.000 MB/sec)
Jun 25 11:43:20 ubuntu kernel: [   81.516775] Btrfs loaded
Jun 25 11:43:20 ubuntu kernel: [   81.677647] JFS: nTxBlock = 7941, nTxLock = 63529
Jun 25 11:43:20 ubuntu kernel: [   81.801315] SGI XFS with ACLs, security attributes, realtime, no debug enabled
Jun 25 11:43:20 ubuntu partman:   No matching physical volumes found
Jun 25 11:43:20 ubuntu partman:   Reading all physical volumes.  This may take a while...
Jun 25 11:43:20 ubuntu partman:   
Jun 25 11:43:20 ubuntu partman: No volume groups found
Jun 25 11:43:20 ubuntu partman: 
Jun 25 11:43:20 ubuntu partman-lvm:   
Jun 25 11:43:20 ubuntu partman-lvm: No volume groups found
Jun 25 11:43:20 ubuntu partman-lvm: 
Jun 25 11:43:25 ubuntu ubiquity: /var/lib/partman/devices/=dev=sdc
Jun 25 11:43:26 ubuntu NetworkManager[3516]: <warn> (eth1): DHCPv4 request timed out.
Jun 25 11:43:26 ubuntu NetworkManager[3516]: <info> (eth1): canceled DHCP transaction, DHCP client pid 3545
Jun 25 11:43:26 ubuntu NetworkManager[3516]: <info> Activation (eth1) Stage 4 of 5 (IPv4 Configure Timeout) scheduled...
Jun 25 11:43:26 ubuntu NetworkManager[3516]: <info> Activation (eth1) Stage 4 of 5 (IPv4 Configure Timeout) started...
Jun 25 11:43:26 ubuntu NetworkManager[3516]: <info> Activation (eth1) Stage 4 of 5 (IPv4 Configure Timeout) complete.
Jun 25 11:43:30 ubuntu ubiquity: stat: 
Jun 25 11:43:30 ubuntu ubiquity: cannot stat /dev/ubuntu-vg
Jun 25 11:43:30 ubuntu ubiquity: : No such file or directory
Jun 25 11:43:30 ubuntu ubiquity: 
Jun 25 11:43:30 ubuntu partman-lvm:   Physical volume "/dev/sdc1" successfully created
Jun 25 11:43:30 ubuntu partman-lvm:   Volume group "vg-data" successfully created
Jun 25 11:43:32 ubuntu partman-lvm:   Logical volume "var" created
Jun 25 11:43:38 ubuntu partman-lvm:   Physical volume "/dev/sdb1" successfully created
Jun 25 11:43:39 ubuntu partman-lvm:   Volume group "vg-home" successfully created
Jun 25 11:43:40 ubuntu partman-lvm:   Logical volume "iso" created
Jun 25 11:43:47 ubuntu partman-lvm:   Physical volume "/dev/sda2" successfully created
Jun 25 11:43:47 ubuntu partman-lvm:   Volume group "vg-system" successfully created
Jun 25 11:43:49 ubuntu partman-lvm:   Logical volume "linux-swap" created
Jun 25 11:43:50 ubuntu partman-lvm:   Logical volume "root" created
Jun 25 11:44:10 ubuntu kernel: [  132.306656] ntfs: driver 2.1.32 [Flags: R/O MODULE].
Jun 25 11:44:11 ubuntu kernel: [  132.416759] QNX4 filesystem 0.2.3 registered.
Jun 25 11:44:11 ubuntu os-prober:   
Jun 25 11:44:11 ubuntu os-prober: stdin: fdopen failed: Invalid argument
Jun 25 11:44:11 ubuntu os-prober: 
Jun 25 11:44:11 ubuntu os-prober:   
Jun 25 11:44:11 ubuntu os-prober: stdin: fclose failed: Invalid argument
Jun 25 11:44:11 ubuntu os-prober: 
Jun 25 11:44:11 ubuntu os-prober:   
Jun 25 11:44:11 ubuntu os-prober: stdin: fdopen failed: Invalid argument
Jun 25 11:44:11 ubuntu os-prober: 
Jun 25 11:44:11 ubuntu os-prober: debug: running /usr/lib/os-probes/50mounted-tests on /dev/sda1
Jun 25 11:44:11 ubuntu 50mounted-tests: debug: /dev/sda1 type not recognised; skipping
Jun 25 11:44:11 ubuntu os-prober: debug: os detected by /usr/lib/os-probes/50mounted-tests
Jun 25 11:44:11 ubuntu os-prober: debug: running /usr/lib/os-probes/50mounted-tests on /dev/sda2
Jun 25 11:44:11 ubuntu os-prober: debug: running /usr/lib/os-probes/50mounted-tests on /dev/sdb1
Jun 25 11:44:11 ubuntu os-prober: debug: running /usr/lib/os-probes/50mounted-tests on /dev/sdc1
Jun 25 11:44:13 ubuntu ubiquity[4489]: debconffilter_done: ubi-partman (current: ubi-partman)
Jun 25 11:44:13 ubuntu ubiquity[4489]: Step_before = stepLanguage
Jun 25 11:44:14 ubuntu localechooser: info: debian-installer/language preseeded to 'en' (seen: false)
Jun 25 11:44:14 ubuntu localechooser: info: debian-installer/country preseeded to 'US' (seen: true)
Jun 25 11:44:14 ubuntu localechooser: info: debian-installer/locale preseeded to 'en_US.UTF-8' (seen: true)
Jun 25 11:44:14 ubuntu localechooser: info: Preseeded language ignored: unknown language code
Jun 25 11:44:14 ubuntu localechooser: info: Language = 'en'
Jun 25 11:44:14 ubuntu localechooser: info: line=en;0;US;UTF-8;en_US.UTF-8;;console-setup
Jun 25 11:44:14 ubuntu localechooser: info: Set debian-installer/language = 'en'
Jun 25 11:44:14 ubuntu localechooser: info: Default country = 'US'
Jun 25 11:44:14 ubuntu localechooser: info: Default locale = 'en_US.UTF-8'
Jun 25 11:44:14 ubuntu localechooser: info: Set debian-installer/consoledisplay = 'console-setup'
Jun 25 11:44:14 ubuntu localechooser: info: Set debian-installer/country = 'US'
Jun 25 11:44:15 ubuntu localechooser: info: Set debian-installer/locale = 'en_US.UTF-8'
Jun 25 11:44:15 ubuntu localechooser: info: System locale (debian-installer/locale) = 'en_US.UTF-8'
Jun 25 11:44:15 ubuntu ubiquity[4489]: debconffilter_done: ubi-timezone (current: ubi-timezone)
Jun 25 11:44:15 ubuntu ubiquity[4489]: Step_before = stepLanguage
Jun 25 11:44:19 ubuntu ubiquity[4489]: log-output -t ubiquity setxkbmap -model pc105 -layout us -option 
Jun 25 11:44:21 ubuntu ubiquity: Your console font configuration will be updated the next time your system
Jun 25 11:44:21 ubuntu ubiquity: boots. If you want to update it now, run 'setupcon' from a virtual console.
Jun 25 11:44:21 ubuntu ubiquity[4489]: log-output -t ubiquity setxkbmap -model pc105 -layout us -option 
Jun 25 11:44:21 ubuntu ubiquity[4489]: debconffilter_done: ubi-console-setup (current: ubi-console-setup)
Jun 25 11:44:21 ubuntu ubiquity[4489]: Step_before = stepLanguage
Jun 25 11:44:22 ubuntu ubiquity[4489]: debconffilter_done: ubi-usersetup (current: ubi-usersetup)
Jun 25 11:44:22 ubuntu ubiquity[4489]: Step_before = stepLanguage
Jun 25 11:44:26 ubuntu partman: mkswap: 
Jun 25 11:44:26 ubuntu partman: /dev/mapper/vg--system-linux--swap: warning: don't erase bootbits sectors
Jun 25 11:44:26 ubuntu partman: 
Jun 25 11:44:26 ubuntu partman:         on whole disk. 
Jun 25 11:44:26 ubuntu partman: Use -f to force.
Jun 25 11:44:26 ubuntu kernel: [  147.806149] Adding 1728508k swap on /dev/mapper/vg--system-linux--swap.  Priority:-1 extents:1 across:1728508k FS
Jun 25 11:44:27 ubuntu partman: mke2fs 1.42.9 (4-Feb-2014)
Jun 25 11:44:28 ubuntu partman: mke2fs 1.42.9 (4-Feb-2014)
Jun 25 11:44:29 ubuntu partman: mke2fs 1.42.9 (4-Feb-2014)
Jun 25 11:44:30 ubuntu partman: mke2fs 1.42.9 (4-Feb-2014)
Jun 25 11:44:32 ubuntu kernel: [  153.577323] EXT4-fs (dm-3): mounted filesystem with ordered data mode. Opts: errors=remount-ro
Jun 25 11:44:32 ubuntu kernel: [  153.702060] EXT4-fs (sda1): mounted filesystem with ordered data mode. Opts: (null)
Jun 25 11:44:32 ubuntu kernel: [  153.858216] EXT4-fs (dm-1): mounted filesystem with ordered data mode. Opts: (null)
Jun 25 11:44:32 ubuntu kernel: [  153.989748] EXT4-fs (dm-0): mounted filesystem with ordered data mode. Opts: (null)
Jun 25 11:44:37 ubuntu ubiquity[4489]: debconffilter_done: ubiquity.components.partman_commit (current: None)
Jun 25 11:44:37 ubuntu /install.py: keeping packages due to preseeding: 
Jun 25 11:44:37 ubuntu /install.py: keeping language packs for: en_US.UTF-8
Jun 25 11:46:34 ubuntu ubuntu[15947]: Aubrey at the console.
Jun 25 11:47:00 ubuntu kernel: [  301.999365] unity-settings-[4281]: segfault at 0 ip 00007f88af1af75b sp 00007ffcb5cbd350 error 4 in libpower.so[7f88af1a6000+19000]
Jun 25 11:47:02 ubuntu CRON[15952]: (root) CMD (test -x /usr/sbin/anacron || ( cd / && run-parts --report /etc/cron.weekly ))
Jun 25 11:47:29 ubuntu colord: device removed: xrandr-VBOX monitor-39322400
Jun 25 11:47:29 ubuntu colord: Profile removed: icc-cf44dc86011c9acc7ff4e0848e833dd6
Jun 25 11:48:52 ubuntu ubiquity[4489]: debconffilter_done: ubiquity.components.install (current: None)
Jun 25 11:48:56 ubuntu /plugininstall.py: log-output -t ubiquity chroot /target python2.7 /usr/lib/python2.7/py_compile.py
Jun 25 11:48:57 ubuntu /plugininstall.py: log-output -t ubiquity chroot /target python2.7 /usr/lib/python2.7/py_compile.py
Jun 25 11:48:57 ubuntu /plugininstall.py: log-output -t ubiquity chroot /target python3.4 /usr/lib/python3.4/py_compile.py
Jun 25 11:48:58 ubuntu ubiquity: Listing /usr/share/python/ ...
Jun 25 11:48:58 ubuntu ubiquity: Listing /usr/share/python/debpython ...
Jun 25 11:48:58 ubuntu ubiquity: Compiling /usr/share/python/debpython/__init__.py ...
Jun 25 11:48:58 ubuntu ubiquity: Compiling /usr/share/python/debpython/debhelper.py ...
Jun 25 11:48:58 ubuntu ubiquity: Compiling /usr/share/python/debpython/depends.py ...
Jun 25 11:48:58 ubuntu ubiquity: Compiling /usr/share/python/debpython/files.py ...
Jun 25 11:48:58 ubuntu ubiquity: Compiling /usr/share/python/debpython/namespace.py ...
Jun 25 11:48:58 ubuntu ubiquity: Compiling /usr/share/python/debpython/option.py ...
Jun 25 11:48:58 ubuntu ubiquity: Compiling /usr/share/python/debpython/pydist.py ...
Jun 25 11:48:58 ubuntu ubiquity: Compiling /usr/share/python/debpython/tools.py ...
Jun 25 11:48:58 ubuntu ubiquity: Compiling /usr/share/python/debpython/version.py ...
Jun 25 11:48:58 ubuntu ubiquity: Listing /usr/share/python/dist ...
Jun 25 11:48:58 ubuntu ubiquity: Compiling /usr/share/python/pyversions.py ...
Jun 25 11:48:58 ubuntu ubiquity: Listing /usr/share/python/runtime.d ...
Jun 25 11:48:57 ubuntu /plugininstall.py: log-output -t ubiquity chroot /target python3.4 /usr/lib/python3.4/py_compile.py
Jun 25 11:48:58 ubuntu /plugininstall.py: log-output -t ubiquity chroot /target python2.7 -m compileall /usr/share/python/
Jun 25 11:48:58 ubuntu /plugininstall.py: log-output -t ubiquity chroot /target py3compile -p python3 /usr/share/python3/
Jun 25 11:48:58 ubuntu /plugininstall.py: log-output -t ubiquity chroot /target mount -t proc proc /proc
Jun 25 11:48:59 ubuntu /plugininstall.py: log-output -t ubiquity chroot /target mount -t sysfs sysfs /sys
Jun 25 11:48:59 ubuntu /plugininstall.py: log-output -t ubiquity mount --bind /dev /target/dev
Jun 25 11:48:59 ubuntu /plugininstall.py: log-output -t ubiquity mount --bind /run /target/run
Jun 25 11:49:10 ubuntu /plugininstall.py: log-output -t ubiquity chroot /target /usr/share/python/runtime.d/public_modules.rtinstall rtinstall python2.7  2.7.6-8ubuntu0.2
Jun 25 11:49:10 ubuntu /plugininstall.py: log-output -t ubiquity chroot /target /usr/share/python/runtime.d/totem-plugins.rtupdate pre-rtupdate python2.7 python2.7
Jun 25 11:49:10 ubuntu /plugininstall.py: log-output -t ubiquity chroot /target /usr/share/python/runtime.d/software-center.rtupdate pre-rtupdate python2.7 python2.7
Jun 25 11:49:10 ubuntu /plugininstall.py: log-output -t ubiquity chroot /target /usr/share/python/runtime.d/ibus-table.rtupdate pre-rtupdate python2.7 python2.7
Jun 25 11:49:10 ubuntu /plugininstall.py: log-output -t ubiquity chroot /target /usr/share/python/runtime.d/ibus-pinyin.rtupdate pre-rtupdate python2.7 python2.7
Jun 25 11:49:10 ubuntu /plugininstall.py: log-output -t ubiquity chroot /target /usr/share/python/runtime.d/totem.rtupdate pre-rtupdate python2.7 python2.7
Jun 25 11:49:10 ubuntu /plugininstall.py: log-output -t ubiquity chroot /target /usr/share/python/runtime.d/ibus.rtupdate pre-rtupdate python2.7 python2.7
Jun 25 11:49:10 ubuntu /plugininstall.py: log-output -t ubiquity chroot /target /usr/share/python/runtime.d/apt-xapian-index.rtupdate pre-rtupdate python2.7 python2.7
Jun 25 11:49:10 ubuntu /plugininstall.py: log-output -t ubiquity chroot /target /usr/share/python/runtime.d/hplip-data.rtupdate pre-rtupdate python2.7 python2.7
Jun 25 11:49:10 ubuntu /plugininstall.py: log-output -t ubiquity chroot /target /usr/share/python/runtime.d/apport.rtupdate pre-rtupdate python2.7 python2.7
Jun 25 11:49:11 ubuntu /plugininstall.py: log-output -t ubiquity chroot /target /usr/share/python/runtime.d/totem-plugins.rtupdate rtupdate python2.7 python2.7
Jun 25 11:49:12 ubuntu /plugininstall.py: log-output -t ubiquity chroot /target /usr/share/python/runtime.d/software-center.rtupdate rtupdate python2.7 python2.7
Jun 25 11:49:12 ubuntu /plugininstall.py: log-output -t ubiquity chroot /target /usr/share/python/runtime.d/ibus-table.rtupdate rtupdate python2.7 python2.7
Jun 25 11:49:13 ubuntu /plugininstall.py: log-output -t ubiquity chroot /target /usr/share/python/runtime.d/ibus-pinyin.rtupdate rtupdate python2.7 python2.7
Jun 25 11:49:13 ubuntu /plugininstall.py: log-output -t ubiquity chroot /target /usr/share/python/runtime.d/totem.rtupdate rtupdate python2.7 python2.7
Jun 25 11:49:14 ubuntu /plugininstall.py: log-output -t ubiquity chroot /target /usr/share/python/runtime.d/ibus.rtupdate rtupdate python2.7 python2.7
Jun 25 11:49:15 ubuntu /plugininstall.py: log-output -t ubiquity chroot /target /usr/share/python/runtime.d/apt-xapian-index.rtupdate rtupdate python2.7 python2.7
Jun 25 11:49:16 ubuntu /plugininstall.py: log-output -t ubiquity chroot /target /usr/share/python/runtime.d/hplip-data.rtupdate rtupdate python2.7 python2.7
Jun 25 11:49:17 ubuntu /plugininstall.py: log-output -t ubiquity chroot /target /usr/share/python/runtime.d/apport.rtupdate rtupdate python2.7 python2.7
Jun 25 11:49:17 ubuntu /plugininstall.py: log-output -t ubiquity chroot /target /usr/share/python/runtime.d/totem-plugins.rtupdate post-rtupdate python2.7 python2.7
Jun 25 11:49:17 ubuntu /plugininstall.py: log-output -t ubiquity chroot /target /usr/share/python/runtime.d/software-center.rtupdate post-rtupdate python2.7 python2.7
Jun 25 11:49:17 ubuntu /plugininstall.py: log-output -t ubiquity chroot /target /usr/share/python/runtime.d/ibus-table.rtupdate post-rtupdate python2.7 python2.7
Jun 25 11:49:17 ubuntu /plugininstall.py: log-output -t ubiquity chroot /target /usr/share/python/runtime.d/ibus-pinyin.rtupdate post-rtupdate python2.7 python2.7
Jun 25 11:49:17 ubuntu /plugininstall.py: log-output -t ubiquity chroot /target /usr/share/python/runtime.d/totem.rtupdate post-rtupdate python2.7 python2.7
Jun 25 11:49:17 ubuntu /plugininstall.py: log-output -t ubiquity chroot /target /usr/share/python/runtime.d/ibus.rtupdate post-rtupdate python2.7 python2.7
Jun 25 11:49:17 ubuntu /plugininstall.py: log-output -t ubiquity chroot /target /usr/share/python/runtime.d/apt-xapian-index.rtupdate post-rtupdate python2.7 python2.7
Jun 25 11:49:17 ubuntu /plugininstall.py: log-output -t ubiquity chroot /target /usr/share/python/runtime.d/hplip-data.rtupdate post-rtupdate python2.7 python2.7
Jun 25 11:49:17 ubuntu /plugininstall.py: log-output -t ubiquity chroot /target /usr/share/python/runtime.d/apport.rtupdate post-rtupdate python2.7 python2.7
Jun 25 11:49:23 ubuntu /plugininstall.py: log-output -t ubiquity chroot /target /usr/share/python3/runtime.d/public_modules.rtinstall rtinstall python3.4  3.4.3-1ubuntu1~14.04.3
Jun 25 11:49:23 ubuntu /plugininstall.py: log-output -t ubiquity chroot /target /usr/share/python3/runtime.d/rhythmbox-plugin-zeitgeist.rtupdate pre-rtupdate python3.4 python3.4
Jun 25 11:49:23 ubuntu /plugininstall.py: log-output -t ubiquity chroot /target /usr/share/python3/runtime.d/ubuntu-drivers-common.rtupdate pre-rtupdate python3.4 python3.4
Jun 25 11:49:23 ubuntu /plugininstall.py: log-output -t ubiquity chroot /target /usr/share/python3/runtime.d/ubiquity-frontend-gtk.rtupdate pre-rtupdate python3.4 python3.4
Jun 25 11:49:23 ubuntu /plugininstall.py: log-output -t ubiquity chroot /target /usr/share/python3/runtime.d/rhythmbox.rtupdate pre-rtupdate python3.4 python3.4
Jun 25 11:49:23 ubuntu /plugininstall.py: log-output -t ubiquity chroot /target /usr/share/python3/runtime.d/rhythmbox-plugins.rtupdate pre-rtupdate python3.4 python3.4
Jun 25 11:49:23 ubuntu /plugininstall.py: log-output -t ubiquity chroot /target /usr/share/python3/runtime.d/dh-python.rtupdate pre-rtupdate python3.4 python3.4
Jun 25 11:49:23 ubuntu /plugininstall.py: log-output -t ubiquity chroot /target /usr/share/python3/runtime.d/ubiquity.rtupdate pre-rtupdate python3.4 python3.4
Jun 25 11:49:23 ubuntu /plugininstall.py: log-output -t ubiquity chroot /target /usr/share/python3/runtime.d/rhythmbox-plugin-magnatune.rtupdate pre-rtupdate python3.4 python3.4
Jun 25 11:49:23 ubuntu /plugininstall.py: log-output -t ubiquity chroot /target /usr/share/python3/runtime.d/onboard.rtupdate pre-rtupdate python3.4 python3.4
Jun 25 11:49:24 ubuntu /plugininstall.py: log-output -t ubiquity chroot /target /usr/share/python3/runtime.d/rhythmbox-plugin-zeitgeist.rtupdate rtupdate python3.4 python3.4
Jun 25 11:49:25 ubuntu /plugininstall.py: log-output -t ubiquity chroot /target /usr/share/python3/runtime.d/ubuntu-drivers-common.rtupdate rtupdate python3.4 python3.4
Jun 25 11:49:26 ubuntu /plugininstall.py: log-output -t ubiquity chroot /target /usr/share/python3/runtime.d/ubiquity-frontend-gtk.rtupdate rtupdate python3.4 python3.4
Jun 25 11:49:27 ubuntu /plugininstall.py: log-output -t ubiquity chroot /target /usr/share/python3/runtime.d/rhythmbox.rtupdate rtupdate python3.4 python3.4
Jun 25 11:49:28 ubuntu /plugininstall.py: log-output -t ubiquity chroot /target /usr/share/python3/runtime.d/rhythmbox-plugins.rtupdate rtupdate python3.4 python3.4
Jun 25 11:49:29 ubuntu /plugininstall.py: log-output -t ubiquity chroot /target /usr/share/python3/runtime.d/dh-python.rtupdate rtupdate python3.4 python3.4
Jun 25 11:49:30 ubuntu /plugininstall.py: log-output -t ubiquity chroot /target /usr/share/python3/runtime.d/ubiquity.rtupdate rtupdate python3.4 python3.4
Jun 25 11:49:31 ubuntu /plugininstall.py: log-output -t ubiquity chroot /target /usr/share/python3/runtime.d/rhythmbox-plugin-magnatune.rtupdate rtupdate python3.4 python3.4
Jun 25 11:49:32 ubuntu /plugininstall.py: log-output -t ubiquity chroot /target /usr/share/python3/runtime.d/onboard.rtupdate rtupdate python3.4 python3.4
Jun 25 11:49:32 ubuntu /plugininstall.py: log-output -t ubiquity chroot /target /usr/share/python3/runtime.d/rhythmbox-plugin-zeitgeist.rtupdate post-rtupdate python3.4 python3.4
Jun 25 11:49:32 ubuntu /plugininstall.py: log-output -t ubiquity chroot /target /usr/share/python3/runtime.d/ubuntu-drivers-common.rtupdate post-rtupdate python3.4 python3.4
Jun 25 11:49:32 ubuntu /plugininstall.py: log-output -t ubiquity chroot /target /usr/share/python3/runtime.d/ubiquity-frontend-gtk.rtupdate post-rtupdate python3.4 python3.4
Jun 25 11:49:32 ubuntu /plugininstall.py: log-output -t ubiquity chroot /target /usr/share/python3/runtime.d/rhythmbox.rtupdate post-rtupdate python3.4 python3.4
Jun 25 11:49:32 ubuntu /plugininstall.py: log-output -t ubiquity chroot /target /usr/share/python3/runtime.d/rhythmbox-plugins.rtupdate post-rtupdate python3.4 python3.4
Jun 25 11:49:32 ubuntu /plugininstall.py: log-output -t ubiquity chroot /target /usr/share/python3/runtime.d/dh-python.rtupdate post-rtupdate python3.4 python3.4
Jun 25 11:49:32 ubuntu /plugininstall.py: log-output -t ubiquity chroot /target /usr/share/python3/runtime.d/ubiquity.rtupdate post-rtupdate python3.4 python3.4
Jun 25 11:49:32 ubuntu /plugininstall.py: log-output -t ubiquity chroot /target /usr/share/python3/runtime.d/rhythmbox-plugin-magnatune.rtupdate post-rtupdate python3.4 python3.4
Jun 25 11:49:32 ubuntu /plugininstall.py: log-output -t ubiquity chroot /target /usr/share/python3/runtime.d/onboard.rtupdate post-rtupdate python3.4 python3.4
Jun 25 11:49:32 ubuntu /plugininstall.py: log-output -t ubiquity chroot /target umount /sys
Jun 25 11:49:32 ubuntu /plugininstall.py: log-output -t ubiquity chroot /target umount /proc
Jun 25 11:49:32 ubuntu /plugininstall.py: log-output -t ubiquity umount /target/run
Jun 25 11:49:32 ubuntu /plugininstall.py: log-output -t ubiquity umount /target/dev
Jun 25 11:49:33 ubuntu localechooser: Generating locales...
Jun 25 11:49:33 ubuntu localechooser:   en_US.UTF-8... 
Jun 25 11:49:35 ubuntu localechooser: done
Jun 25 11:49:35 ubuntu localechooser: Generation complete.
Jun 25 11:49:35 ubuntu localechooser: Adding /usr/lib/locale/en_US.utf8
Jun 25 11:49:35 ubuntu localechooser: locale 'en_US.utf8' already exists
Jun 25 11:49:35 ubuntu localechooser: 
Jun 25 11:49:36 ubuntu localechooser: Generating locales...
Jun 25 11:49:36 ubuntu localechooser:   en_US.UTF-8... 
Jun 25 11:49:36 ubuntu localechooser: up-to-date
Jun 25 11:49:36 ubuntu localechooser: Generation complete.
Jun 25 11:49:36 ubuntu ubiquity: umount: /target/cdrom: not found
Jun 25 11:49:36 ubuntu ubiquity: 
Jun 25 11:49:36 ubuntu /plugininstall.py: log-output -t ubiquity umount /target/cdrom
Jun 25 11:49:36 ubuntu ubiquity: mount: warning: /target/cdrom seems to be mounted read-only.
Jun 25 11:49:36 ubuntu /plugininstall.py: log-output -t ubiquity mount --bind /cdrom /target/cdrom
Jun 25 11:49:37 ubuntu ubiquity: /usr/lib/ubiquity/apt-setup/generators/01setup: 9: /usr/lib/ubiquity/apt-setup/generators/01setup: 
Jun 25 11:49:37 ubuntu ubiquity: cannot open /target/etc/apt/sources.list: No such file
Jun 25 11:49:37 ubuntu ubiquity: 
Jun 25 11:49:40 ubuntu in-target: Reading package lists...
Jun 25 11:49:40 ubuntu in-target: 
Jun 25 11:49:42 ubuntu apt-setup: Using CD-ROM mount point /cdrom/
Jun 25 11:49:42 ubuntu apt-setup: Identifying... 
Jun 25 11:49:42 ubuntu apt-setup: [80fb1a0f0111e1ad29d78133e6fd9243-2]
Jun 25 11:49:42 ubuntu apt-setup: Scanning disc for index files...
Jun 25 11:49:42 ubuntu apt-setup: Found 4 package indexes, 0 source indexes, 0 translation indexes and 1 signatures
Jun 25 11:49:42 ubuntu apt-setup: Found label 'Ubuntu 14.04.5 LTS _Trusty Tahr_ - Release amd64 (20160803)'
Jun 25 11:49:42 ubuntu apt-setup: This disc is called: 
Jun 25 11:49:42 ubuntu apt-setup: 'Ubuntu 14.04.5 LTS _Trusty Tahr_ - Release amd64 (20160803)'
Jun 25 11:49:42 ubuntu apt-setup: Copying package lists...
Jun 25 11:49:42 ubuntu apt-setup: gpgv: 
Jun 25 11:49:42 ubuntu apt-setup: Signature made Wed 03 Aug 2016 05:49:26 PM UTC using DSA key ID FBB75451
Jun 25 11:49:42 ubuntu apt-setup: gpgv: 
Jun 25 11:49:42 ubuntu apt-setup: Good signature from "Ubuntu CD Image Automatic Signing Key <cdimage@ubuntu.com>"
Jun 25 11:49:42 ubuntu apt-setup: 
Jun 25 11:49:42 ubuntu apt-setup: #015Reading Package Indexes... 0%#015
Jun 25 11:49:42 ubuntu apt-setup: #015Reading Package Indexes... Done#015
Jun 25 11:49:42 ubuntu apt-setup: 
Jun 25 11:49:42 ubuntu apt-setup: Writing new source list
Jun 25 11:49:42 ubuntu apt-setup: Source list entries for this disc are:
Jun 25 11:49:42 ubuntu apt-setup: deb cdrom:[Ubuntu 14.04.5 LTS _Trusty Tahr_ - Release amd64 (20160803)]/ trusty main restricted
Jun 25 11:49:42 ubuntu apt-setup: Repeat this process for the rest of the CDs in your set.
Jun 25 11:49:44 ubuntu in-target: Ign cdrom://Ubuntu 14.04.5 LTS _Trusty Tahr_ - Release amd64 (20160803) trusty InRelease
Jun 25 11:49:44 ubuntu in-target: Ign cdrom://Ubuntu 14.04.5 LTS _Trusty Tahr_ - Release amd64 (20160803) trusty/main Translation-en_US
Jun 25 11:49:44 ubuntu in-target: Ign cdrom://Ubuntu 14.04.5 LTS _Trusty Tahr_ - Release amd64 (20160803) trusty/main Translation-en
Jun 25 11:49:44 ubuntu in-target: Ign cdrom://Ubuntu 14.04.5 LTS _Trusty Tahr_ - Release amd64 (20160803) trusty/restricted Translation-en_US
Jun 25 11:49:44 ubuntu in-target: Ign cdrom://Ubuntu 14.04.5 LTS _Trusty Tahr_ - Release amd64 (20160803) trusty/restricted Translation-en
Jun 25 11:49:44 ubuntu in-target: Reading package lists...
Jun 25 11:49:44 ubuntu in-target: 
Jun 25 11:49:45 ubuntu choose-mirror[16812]: INFO: base system installable from CD; skipping mirror check
Jun 25 11:49:45 ubuntu choose-mirror[16812]: INFO: base system installable from CD; skipping architecture check
Jun 25 11:49:49 ubuntu in-target: Ign http://us.archive.ubuntu.com trusty InRelease
Jun 25 11:49:49 ubuntu in-target: Get:1 http://us.archive.ubuntu.com trusty-updates InRelease [65.9 kB]
Jun 25 11:49:49 ubuntu in-target: Get:2 http://us.archive.ubuntu.com trusty-backports InRelease [65.9 kB]
Jun 25 11:49:49 ubuntu in-target: Get:3 http://us.archive.ubuntu.com trusty Release.gpg [933 B]
Jun 25 11:49:49 ubuntu in-target: Get:4 http://us.archive.ubuntu.com trusty-updates/main Sources [400 kB]
Jun 25 11:49:50 ubuntu in-target: Get:5 http://us.archive.ubuntu.com trusty-updates/restricted Sources [6,331 B]
Jun 25 11:49:50 ubuntu in-target: Get:6 http://us.archive.ubuntu.com trusty-updates/universe Sources [184 kB]
Jun 25 11:49:50 ubuntu in-target: Get:7 http://us.archive.ubuntu.com trusty-updates/multiverse Sources [7,747 B]
Jun 25 11:49:50 ubuntu in-target: Get:8 http://us.archive.ubuntu.com trusty-updates/main amd64 Packages [991 kB]
Jun 25 11:49:51 ubuntu in-target: Get:9 http://us.archive.ubuntu.com trusty-updates/restricted amd64 Packages [17.1 kB]
Jun 25 11:49:51 ubuntu in-target: Get:10 http://us.archive.ubuntu.com trusty-updates/universe amd64 Packages [417 kB]
Jun 25 11:49:51 ubuntu in-target: Get:11 http://us.archive.ubuntu.com trusty-updates/multiverse amd64 Packages [14.3 kB]
Jun 25 11:49:51 ubuntu in-target: Get:12 http://us.archive.ubuntu.com trusty-updates/main i386 Packages [945 kB]
Jun 25 11:49:52 ubuntu in-target: Get:13 http://us.archive.ubuntu.com trusty-updates/restricted i386 Packages [16.9 kB]
Jun 25 11:49:52 ubuntu in-target: Get:14 http://us.archive.ubuntu.com trusty-updates/universe i386 Packages [418 kB]
Jun 25 11:49:52 ubuntu in-target: Get:15 http://us.archive.ubuntu.com trusty-updates/multiverse i386 Packages [14.6 kB]
Jun 25 11:49:52 ubuntu in-target: Get:16 http://us.archive.ubuntu.com trusty-updates/main Translation-en [489 kB]
Jun 25 11:49:52 ubuntu in-target: Get:17 http://us.archive.ubuntu.com trusty-updates/multiverse Translation-en [7,430 B]
Jun 25 11:49:52 ubuntu in-target: Get:18 http://us.archive.ubuntu.com trusty-updates/restricted Translation-en [3,978 B]
Jun 25 11:49:53 ubuntu in-target: Get:19 http://us.archive.ubuntu.com trusty-updates/universe Translation-en [223 kB]
Jun 25 11:49:53 ubuntu in-target: Get:20 http://us.archive.ubuntu.com trusty-backports/main Sources [9,712 B]
Jun 25 11:49:53 ubuntu in-target: Get:21 http://us.archive.ubuntu.com trusty-backports/restricted Sources [28 B]
Jun 25 11:49:53 ubuntu in-target: Get:22 http://us.archive.ubuntu.com trusty-backports/universe Sources [35.3 kB]
Jun 25 11:49:53 ubuntu in-target: Get:23 http://us.archive.ubuntu.com trusty-backports/multiverse Sources [1,898 B]
Jun 25 11:49:53 ubuntu in-target: Get:24 http://us.archive.ubuntu.com trusty-backports/main amd64 Packages [13.3 kB]
Jun 25 11:49:53 ubuntu in-target: Get:25 http://us.archive.ubuntu.com trusty-backports/restricted amd64 Packages [28 B]
Jun 25 11:49:53 ubuntu in-target: Get:26 http://us.archive.ubuntu.com trusty-backports/universe amd64 Packages [43.2 kB]
